CCS PCM C Compiler, Version 5.093, 4770               31-oct.-25 10:45

               Filename:   C:\Users\MPF\Desktop\Git\Electr-nica-Digital-2\Guia 2\Punto 4\Ejercicio4_TP2.lst

               ROM used:   616 words (15%)
                           Largest free fragment is 2048
               RAM used:   27 (7%) at main() level
                           51 (13%) worst case
               Stack used: 4 locations
               Stack size: 16

0000:  MOVLP  00
0001:  GOTO   229
0002:  NOP
.................... #include <16F1827.h>  
.................... //////////// Standard Header file for the PIC16F1827 device ////////////////
.................... ///////////////////////////////////////////////////////////////////////////
.................... ////        (C) Copyright 1996, 2014 Custom Computer Services          ////
.................... //// This source code may only be used by licensed users of the CCS C  ////
.................... //// compiler.  This source code may only be distributed to other      ////
.................... //// licensed users of the CCS C compiler.  No other use, reproduction ////
.................... //// or distribution is permitted without written permission.          ////
.................... //// Derivative programs created using this software in object code    ////
.................... //// form are not restricted in any way.                               ////
.................... ///////////////////////////////////////////////////////////////////////////
.................... #device PIC16F1827
0003:  DATA C8,27
0004:  DATA CC,20
0005:  DATA 00,00
*
010A:  MOVF   0B,W
010B:  BCF    0B.7
010C:  MOVLB  03
010D:  BSF    15.7
010E:  BSF    15.0
010F:  NOP
0110:  NOP
0111:  BTFSC  09.7
0112:  BSF    0B.7
0113:  MOVF   13,W
0114:  ANDLW  7F
0115:  BTFSC  03.2
0116:  GOTO   152
0117:  MOVLB  00
0118:  MOVWF  37
0119:  MOVLB  03
011A:  MOVF   11,W
011B:  MOVLB  00
011C:  MOVWF  38
011D:  MOVLB  03
011E:  MOVF   12,W
011F:  MOVLB  00
0120:  MOVWF  39
0121:  MOVF   37,W
0122:  MOVWF  3A
0123:  CALL   0DE
0124:  MOVF   38,W
0125:  MOVLB  03
0126:  MOVWF  11
0127:  MOVLB  00
0128:  MOVF   39,W
0129:  MOVLB  03
012A:  MOVWF  12
012B:  MOVF   0B,W
012C:  BCF    0B.7
012D:  BSF    15.7
012E:  BSF    15.0
012F:  NOP
0130:  NOP
0131:  BTFSC  09.7
0132:  BSF    0B.7
0133:  RLF    13,W
0134:  RLF    14,W
0135:  ANDLW  7F
0136:  BTFSC  03.2
0137:  GOTO   152
0138:  MOVLB  00
0139:  MOVWF  37
013A:  MOVLB  03
013B:  MOVF   11,W
013C:  MOVLB  00
013D:  MOVWF  38
013E:  MOVLB  03
013F:  MOVF   12,W
0140:  MOVLB  00
0141:  MOVWF  39
0142:  MOVF   37,W
0143:  MOVWF  3A
0144:  CALL   0DE
0145:  MOVF   38,W
0146:  MOVLB  03
0147:  MOVWF  11
0148:  MOVLB  00
0149:  MOVF   39,W
014A:  MOVLB  03
014B:  MOVWF  12
014C:  INCF   11,F
014D:  BTFSC  03.2
014E:  INCF   12,F
014F:  MOVLB  00
0150:  GOTO   10A
0151:  MOVLB  03
0152:  MOVLP  00
0153:  MOVLB  00
0154:  GOTO   265 (RETURN)
0155:  MOVF   3A,W
0156:  ANDLW  07
0157:  MOVWF  77
0158:  RRF    3A,W
0159:  MOVWF  78
015A:  RRF    78,F
015B:  RRF    78,F
015C:  MOVLW  1F
015D:  ANDWF  78,F
015E:  MOVF   78,W
015F:  ADDWF  3C,W
0160:  MOVWF  04
0161:  MOVLW  00
0162:  ADDWFC 3D,W
0163:  MOVWF  05
0164:  CLRF   78
0165:  INCF   78,F
0166:  INCF   77,F
0167:  GOTO   169
0168:  RLF    78,F
0169:  DECFSZ 77,F
016A:  GOTO   168
016B:  MOVF   3B,F
016C:  BTFSC  03.2
016D:  GOTO   171
016E:  MOVF   78,W
016F:  IORWF  00,F
0170:  GOTO   174
0171:  COMF   78,F
0172:  MOVF   78,W
0173:  ANDWF  00,F
0174:  RETURN
0175:  MOVF   3A,W
0176:  ANDLW  07
0177:  MOVWF  77
0178:  RRF    3A,W
0179:  MOVWF  78
017A:  RRF    78,F
017B:  RRF    78,F
017C:  MOVLW  1F
017D:  ANDWF  78,F
017E:  MOVF   78,W
017F:  ADDWF  3B,W
0180:  MOVWF  04
0181:  MOVLW  00
0182:  ADDWFC 3C,W
0183:  MOVWF  05
0184:  MOVF   00,W
0185:  MOVWF  78
0186:  INCF   77,F
0187:  GOTO   189
0188:  RRF    78,F
0189:  DECFSZ 77,F
018A:  GOTO   188
018B:  MOVLW  01
018C:  ANDWF  78,F
018D:  MOVLP  00
018E:  GOTO   1DF (RETURN)
*
01E5:  CLRF   77
01E6:  CLRF   78
01E7:  MOVF   39,W
01E8:  BCF    03.0
01E9:  BTFSC  3A.0
01EA:  ADDWF  77,F
01EB:  RRF    77,F
01EC:  RRF    78,F
01ED:  BTFSC  3A.1
01EE:  ADDWF  77,F
01EF:  RRF    77,F
01F0:  RRF    78,F
01F1:  BTFSC  3A.2
01F2:  ADDWF  77,F
01F3:  RRF    77,F
01F4:  RRF    78,F
01F5:  BTFSC  3A.3
01F6:  ADDWF  77,F
01F7:  RRF    77,F
01F8:  RRF    78,F
01F9:  BTFSC  3A.4
01FA:  ADDWF  77,F
01FB:  RRF    77,F
01FC:  RRF    78,F
01FD:  BTFSC  3A.5
01FE:  ADDWF  77,F
01FF:  RRF    77,F
0200:  RRF    78,F
0201:  BTFSC  3A.6
0202:  ADDWF  77,F
0203:  RRF    77,F
0204:  RRF    78,F
0205:  BTFSC  3A.7
0206:  ADDWF  77,F
0207:  RRF    77,F
0208:  RRF    78,F
.................... 
.................... #list
.................... 
.................... #include <Ejercicio4_TP2.h>
.................... 
.................... #device ADC=10
.................... #use delay(clock=20000000)
*
0020:  MOVLW  20
0021:  MOVWF  05
0022:  MOVLW  1C
0023:  MOVWF  04
0024:  MOVF   00,W
0025:  BTFSC  03.2
0026:  GOTO   034
0027:  MOVLW  06
0028:  MOVWF  78
0029:  CLRF   77
002A:  DECFSZ 77,F
002B:  GOTO   02A
002C:  DECFSZ 78,F
002D:  GOTO   029
002E:  MOVLW  7B
002F:  MOVWF  77
0030:  DECFSZ 77,F
0031:  GOTO   030
0032:  DECFSZ 00,F
0033:  GOTO   027
0034:  RETURN
.................... 
.................... 
.................... 
.................... #fuses INTRC_IO  // Oscilador interno con pines RA6 y RA7 como GPIO
.................... #fuses NOMCLR   // Desactivo el MCLR
.................... #fuses NOWDT   // Desactivo el watchdog
.................... 
.................... /*****************************************************************************
....................  * LCD
....................  ****************************************************************************/
.................... #include <lcd.c>
.................... ///////////////////////////////////////////////////////////////////////////////
.................... ////                             LCD.C                                     ////
.................... ////                 Driver for common LCD modules                         ////
.................... ////                                                                       ////
.................... ////  lcd_init()   Must be called before any other function.               ////
.................... ////                                                                       ////
.................... ////  lcd_putc(c)  Will display c on the next position of the LCD.         ////
.................... ////                 \a  Set cursor position to upper left                 ////
.................... ////                 \f  Clear display, set cursor to upper left           ////
.................... ////                 \n  Go to start of second line                        ////
.................... ////                 \b  Move back one position                            ////
.................... ////              If LCD_EXTENDED_NEWLINE is defined, the \n character     ////
.................... ////              will erase all remanining characters on the current      ////
.................... ////              line, and move the cursor to the beginning of the next   ////
.................... ////              line.                                                    ////
.................... ////              If LCD_EXTENDED_NEWLINE is defined, the \r character     ////
.................... ////              will move the cursor to the start of the current         ////
.................... ////              line.                                                    ////
.................... ////                                                                       ////
.................... ////  lcd_gotoxy(x,y) Set write position on LCD (upper left is 1,1)        ////
.................... ////                                                                       ////
.................... ////  lcd_getc(x,y)   Returns character at position x,y on LCD             ////
.................... ////                                                                       ////
.................... ////  lcd_cursor_on(int1 on)   Turn the cursor on (on=TRUE) or off         ////
.................... ////              (on=FALSE).                                              ////
.................... ////                                                                       ////
.................... ////  lcd_set_cgram_char(w, *p)   Write a custom character to the CGRAM.   ////
.................... ////                                                                       ////
.................... ////                                                                       ////
.................... ////  CONFIGURATION                                                        ////
.................... ////  The LCD can be configured in one of two ways: a.) port access or     ////
.................... ////  b.) pin access.  Port access requires the entire 7 bit interface     ////
.................... ////  connected to one GPIO port, and the data bits (D4:D7 of the LCD)     ////
.................... ////  connected to sequential pins on the GPIO.  Pin access                ////
.................... ////  has no requirements, all 7 bits of the control interface can         ////
.................... ////  can be connected to any GPIO using several ports.                    ////
.................... ////                                                                       ////
.................... ////  To use port access, #define LCD_DATA_PORT to the SFR location of     ////
.................... ////  of the GPIO port that holds the interface, -AND- edit LCD_PIN_MAP    ////
.................... ////  of this file to configure the pin order.  If you are using a         ////
.................... ////  baseline PIC (PCB), then LCD_OUTPUT_MAP and LCD_INPUT_MAP also must  ////
.................... ////  be defined.                                                          ////
.................... ////                                                                       ////
.................... ////  Example of port access:                                              ////
.................... ////     #define LCD_DATA_PORT getenv("SFR:PORTD")                         ////
.................... ////                                                                       ////
.................... ////  To use pin access, the following pins must be defined:               ////
.................... ////     LCD_ENABLE_PIN                                                    ////
.................... ////     LCD_RS_PIN                                                        ////
.................... ////     LCD_RW_PIN                                                        ////
.................... ////     LCD_DATA4                                                         ////
.................... ////     LCD_DATA5                                                         ////
.................... ////     LCD_DATA6                                                         ////
.................... ////     LCD_DATA7                                                         ////
.................... ////                                                                       ////
.................... ////  Example of pin access:                                               ////
.................... ////     #define LCD_ENABLE_PIN  PIN_E0                                    ////
.................... ////     #define LCD_RS_PIN      PIN_E1                                    ////
.................... ////     #define LCD_RW_PIN      PIN_E2                                    ////
.................... ////     #define LCD_DATA4       PIN_D4                                    ////
.................... ////     #define LCD_DATA5       PIN_D5                                    ////
.................... ////     #define LCD_DATA6       PIN_D6                                    ////
.................... ////     #define LCD_DATA7       PIN_D7                                    ////
.................... ////                                                                       ////
.................... ///////////////////////////////////////////////////////////////////////////////
.................... ////        (C) Copyright 1996,2010 Custom Computer Services           ////
.................... //// This source code may only be used by licensed users of the CCS C  ////
.................... //// compiler.  This source code may only be distributed to other      ////
.................... //// licensed users of the CCS C compiler.  No other use, reproduction ////
.................... //// or distribution is permitted without written permission.          ////
.................... //// Derivative programs created using this software in object code    ////
.................... //// form are not restricted in any way.                               ////
.................... ///////////////////////////////////////////////////////////////////////////
.................... 
.................... #ifndef __LCD_C__
.................... #define __LCD_C__
.................... 
.................... // define the pinout.
.................... // only required if port access is being used.
.................... typedef struct  
.................... {                            // This structure is overlayed
....................    int1 enable;           // on to an I/O port to gain
....................    int1 rs;               // access to the LCD pins.
....................    int1 rw;               // The bits are allocated from
....................    int1 unused;           // low order up.  ENABLE will
....................    unsigned int     data : 4;         // be LSB pin of that port.
....................   #if defined(__PCD__)       // The port used will be LCD_DATA_PORT.
....................    unsigned int    reserved: 8;
....................   #endif
.................... } LCD_PIN_MAP;
.................... 
.................... // this is to improve compatability with previous LCD drivers that accepted
.................... // a define labeled 'use_portb_lcd' that configured the LCD onto port B.
.................... #if ((defined(use_portb_lcd)) && (use_portb_lcd==TRUE))
....................  #define LCD_DATA_PORT getenv("SFR:PORTB")
.................... #endif
.................... 
.................... #if defined(__PCB__)
....................    // these definitions only need to be modified for baseline PICs.
....................    // all other PICs use LCD_PIN_MAP or individual LCD_xxx pin definitions.
.................... /*                                    EN, RS,   RW,   UNUSED,  DATA  */
....................  const LCD_PIN_MAP LCD_OUTPUT_MAP =  {0,  0,    0,    0,       0};
....................  const LCD_PIN_MAP LCD_INPUT_MAP =   {0,  0,    0,    0,       0xF};
.................... #endif
.................... 
.................... ////////////////////// END CONFIGURATION ///////////////////////////////////
.................... 
.................... #ifndef LCD_ENABLE_PIN
....................    #define lcd_output_enable(x) lcdlat.enable=x
....................    #define lcd_enable_tris()   lcdtris.enable=0
.................... #else
....................    #define lcd_output_enable(x) output_bit(LCD_ENABLE_PIN, x)
....................    #define lcd_enable_tris()  output_drive(LCD_ENABLE_PIN)
.................... #endif
.................... 
.................... #ifndef LCD_RS_PIN
....................    #define lcd_output_rs(x) lcdlat.rs=x
....................    #define lcd_rs_tris()   lcdtris.rs=0
.................... #else
....................    #define lcd_output_rs(x) output_bit(LCD_RS_PIN, x)
....................    #define lcd_rs_tris()  output_drive(LCD_RS_PIN)
.................... #endif
.................... 
.................... #ifndef LCD_RW_PIN
....................    #define lcd_output_rw(x) lcdlat.rw=x
....................    #define lcd_rw_tris()   lcdtris.rw=0
.................... #else
....................    #define lcd_output_rw(x) output_bit(LCD_RW_PIN, x)
....................    #define lcd_rw_tris()  output_drive(LCD_RW_PIN)
.................... #endif
.................... 
.................... // original version of this library incorrectly labeled LCD_DATA0 as LCD_DATA4,
.................... // LCD_DATA1 as LCD_DATA5, and so on.  this block of code makes the driver
.................... // compatible with any code written for the original library
.................... #if (defined(LCD_DATA0) && defined(LCD_DATA1) && defined(LCD_DATA2) && defined(LCD_DATA3) && !defined(LCD_DATA4) && !defined(LCD_DATA5) && !defined(LCD_DATA6) && !defined(LCD_DATA7))
....................    #define  LCD_DATA4    LCD_DATA0
....................    #define  LCD_DATA5    LCD_DATA1
....................    #define  LCD_DATA6    LCD_DATA2
....................    #define  LCD_DATA7    LCD_DATA3
.................... #endif
.................... 
.................... #ifndef LCD_DATA4
.................... #ifndef LCD_DATA_PORT
....................    #if defined(__PCB__)
....................       #define LCD_DATA_PORT      0x06     //portb
....................       #define set_tris_lcd(x)   set_tris_b(x)
....................    #else
....................      #if defined(PIN_D0)
....................       #define LCD_DATA_PORT      getenv("SFR:PORTD")     //portd
....................      #else
....................       #define LCD_DATA_PORT      getenv("SFR:PORTB")     //portb
....................      #endif
....................    #endif   
.................... #endif
.................... 
.................... #if defined(__PCB__)
....................    LCD_PIN_MAP lcd, lcdlat;
....................    #byte lcd = LCD_DATA_PORT
....................    #byte lcdlat = LCD_DATA_PORT
.................... #elif defined(__PCM__)
....................    LCD_PIN_MAP lcd, lcdlat, lcdtris;
....................    #byte lcd = LCD_DATA_PORT
....................    #byte lcdlat = LCD_DATA_PORT
....................    #byte lcdtris = LCD_DATA_PORT+0x80
.................... #elif defined(__PCH__)
....................    LCD_PIN_MAP lcd, lcdlat, lcdtris;
....................    #byte lcd = LCD_DATA_PORT
....................    #byte lcdlat = LCD_DATA_PORT+9
....................    #byte lcdtris = LCD_DATA_PORT+0x12
.................... #elif defined(__PCD__)
....................    LCD_PIN_MAP lcd, lcdlat, lcdtris;
....................    #word lcd = LCD_DATA_PORT
....................    #word lcdlat = LCD_DATA_PORT+2
....................    #word lcdtris = LCD_DATA_PORT-0x02
.................... #endif
.................... #endif   //LCD_DATA4 not defined
.................... 
.................... #ifndef LCD_TYPE
....................    #define LCD_TYPE 2           // 0=5x7, 1=5x10, 2=2 lines
.................... #endif
.................... 
.................... #ifndef LCD_LINE_TWO
....................    #define LCD_LINE_TWO 0x40    // LCD RAM address for the second line
.................... #endif
.................... 
.................... #ifndef LCD_LINE_LENGTH
....................    #define LCD_LINE_LENGTH 20
.................... #endif
.................... 
.................... unsigned int8 lcd_read_nibble(void);
.................... 
.................... unsigned int8 lcd_read_byte(void)
.................... {
....................    unsigned int8 low,high;
.................... 
....................  #if defined(__PCB__)
....................    set_tris_lcd(LCD_INPUT_MAP);
....................  #else
....................   #if (defined(LCD_DATA4) && defined(LCD_DATA5) && defined(LCD_DATA6) && defined(LCD_DATA7))
....................    output_float(LCD_DATA4);
....................    output_float(LCD_DATA5);
....................    output_float(LCD_DATA6);
....................    output_float(LCD_DATA7);
....................   #else
....................    lcdtris.data = 0xF;
*
0050:  MOVLW  0F
0051:  MOVLB  01
0052:  ANDWF  0D,W
0053:  IORLW  F0
0054:  MOVWF  0D
....................   #endif
....................  #endif
....................         
....................    lcd_output_rw(1);
0055:  MOVLB  00
0056:  BSF    0D.2
....................    delay_cycles(1);
0057:  NOP
....................    lcd_output_enable(1);
0058:  BSF    0D.0
....................    delay_cycles(1);
0059:  NOP
....................    high = lcd_read_nibble();
005A:  CALL   044
005B:  MOVF   78,W
005C:  MOVWF  42
....................       
....................    lcd_output_enable(0);
005D:  BCF    0D.0
....................    delay_cycles(1);
005E:  NOP
....................    lcd_output_enable(1);
005F:  BSF    0D.0
....................    delay_us(1);
0060:  GOTO   061
0061:  GOTO   062
0062:  NOP
....................    low = lcd_read_nibble();
0063:  CALL   044
0064:  MOVF   78,W
0065:  MOVWF  41
....................       
....................    lcd_output_enable(0);
0066:  BCF    0D.0
.................... 
....................  #if defined(__PCB__)
....................    set_tris_lcd(LCD_OUTPUT_MAP);
....................  #else
....................   #if (defined(LCD_DATA4) && defined(LCD_DATA5) && defined(LCD_DATA6) && defined(LCD_DATA7))
....................    output_drive(LCD_DATA4);
....................    output_drive(LCD_DATA5);
....................    output_drive(LCD_DATA6);
....................    output_drive(LCD_DATA7);
....................   #else
....................    lcdtris.data = 0x0;
0067:  MOVLW  0F
0068:  MOVLB  01
0069:  ANDWF  0D,W
006A:  MOVWF  0D
....................   #endif
....................  #endif
.................... 
....................    return( (high<<4) | low);
006B:  MOVLB  00
006C:  SWAPF  42,W
006D:  MOVWF  77
006E:  MOVLW  F0
006F:  ANDWF  77,F
0070:  MOVF   77,W
0071:  IORWF  41,W
0072:  MOVWF  78
.................... }
.................... 
.................... unsigned int8 lcd_read_nibble(void)
.................... {
....................   #if (defined(LCD_DATA4) && defined(LCD_DATA5) && defined(LCD_DATA6) && defined(LCD_DATA7))
....................    unsigned int8 n = 0x00;
.................... 
....................    /* Read the data port */
....................    n |= input(LCD_DATA4);
....................    n |= input(LCD_DATA5) << 1;
....................    n |= input(LCD_DATA6) << 2;
....................    n |= input(LCD_DATA7) << 3;
....................    
....................    return(n);
....................   #else
....................    return(lcd.data);
*
0044:  MOVF   0D,W
0045:  MOVWF  77
0046:  SWAPF  0D,W
0047:  ANDLW  0F
0048:  MOVWF  78
....................   #endif
0049:  RETURN
.................... }
.................... 
.................... void lcd_send_nibble(unsigned int8 n)
.................... {
....................   #if (defined(LCD_DATA4) && defined(LCD_DATA5) && defined(LCD_DATA6) && defined(LCD_DATA7))
....................    /* Write to the data port */
....................    output_bit(LCD_DATA4, bit_test(n, 0));
....................    output_bit(LCD_DATA5, bit_test(n, 1));
....................    output_bit(LCD_DATA6, bit_test(n, 2));
....................    output_bit(LCD_DATA7, bit_test(n, 3));
....................   #else      
....................    lcdlat.data = n;
*
0035:  SWAPF  42,W
0036:  ANDLW  F0
0037:  MOVWF  77
0038:  MOVLW  0F
0039:  ANDWF  0D,W
003A:  IORWF  77,W
003B:  MOVWF  0D
....................   #endif
....................       
....................    delay_cycles(1);
003C:  NOP
....................    lcd_output_enable(1);
003D:  BSF    0D.0
....................    delay_us(2);
003E:  MOVLW  03
003F:  MOVWF  77
0040:  DECFSZ 77,F
0041:  GOTO   040
....................    lcd_output_enable(0);
0042:  BCF    0D.0
0043:  RETURN
.................... }
.................... 
.................... void lcd_send_byte(unsigned int8 address, unsigned int8 n)
.................... {
....................   #if defined(__PCB__)
....................    set_tris_lcd(LCD_OUTPUT_MAP);
....................   #else
....................    lcd_enable_tris();
*
004A:  MOVLB  01
004B:  BCF    0D.0
....................    lcd_rs_tris();
004C:  BCF    0D.1
....................    lcd_rw_tris();
004D:  BCF    0D.2
....................   #endif
.................... 
....................    lcd_output_rs(0);
004E:  MOVLB  00
004F:  BCF    0D.1
....................    while ( bit_test(lcd_read_byte(),7) ) ;
*
0073:  MOVF   78,W
0074:  MOVWF  41
0075:  BTFSC  41.7
0076:  GOTO   050
....................    lcd_output_rs(address);
0077:  BTFSS  3F.0
0078:  BCF    0D.1
0079:  BTFSC  3F.0
007A:  BSF    0D.1
....................    delay_cycles(1);
007B:  NOP
....................    lcd_output_rw(0);
007C:  BCF    0D.2
....................    delay_cycles(1);
007D:  NOP
....................    lcd_output_enable(0);
007E:  BCF    0D.0
....................    lcd_send_nibble(n >> 4);
007F:  SWAPF  40,W
0080:  MOVWF  41
0081:  MOVLW  0F
0082:  ANDWF  41,F
0083:  MOVF   41,W
0084:  MOVWF  42
0085:  CALL   035
....................    lcd_send_nibble(n & 0xf);
0086:  MOVF   40,W
0087:  ANDLW  0F
0088:  MOVWF  41
0089:  MOVWF  42
008A:  CALL   035
008B:  RETURN
.................... }
.................... 
.................... #if defined(LCD_EXTENDED_NEWLINE)
.................... unsigned int8 g_LcdX, g_LcdY;
.................... #endif
.................... 
.................... void lcd_init(void) 
.................... {
....................    unsigned int8 i;
....................    unsigned int8 LCD_INIT_STRING[4] = {0x20 | (LCD_TYPE << 2), 0xc, 1, 6};
008C:  MOVLW  28
008D:  MOVWF  38
008E:  MOVLW  0C
008F:  MOVWF  39
0090:  MOVLW  01
0091:  MOVWF  3A
0092:  MOVLW  06
0093:  MOVWF  3B
....................                              // These bytes need to be sent to the LCD
....................                              // to start it up.
....................    
.................... 
....................    lcd_output_enable(0);
0094:  BCF    0D.0
....................    lcd_output_rs(0);
0095:  BCF    0D.1
....................    lcd_output_rw(0);
0096:  BCF    0D.2
.................... 
....................  #if defined(__PCB__)
....................    set_tris_lcd(LCD_OUTPUT_MAP);
....................  #else
....................   #if (defined(LCD_DATA4) && defined(LCD_DATA5) && defined(LCD_DATA6) && defined(LCD_DATA7))
....................    output_drive(LCD_DATA4);
....................    output_drive(LCD_DATA5);
....................    output_drive(LCD_DATA6);
....................    output_drive(LCD_DATA7);
....................   #else
....................    lcdtris.data = 0x0;
0097:  MOVLW  0F
0098:  MOVLB  01
0099:  ANDWF  0D,W
009A:  MOVWF  0D
....................   #endif
....................    lcd_enable_tris();
009B:  BCF    0D.0
....................    lcd_rs_tris();
009C:  BCF    0D.1
....................    lcd_rw_tris();
009D:  BCF    0D.2
....................  #endif
....................     
....................    delay_ms(15);
009E:  MOVLW  0F
009F:  MOVLB  00
00A0:  MOVWF  3C
00A1:  CALL   020
....................    for(i=1;i<=3;++i)
00A2:  MOVLW  01
00A3:  MOVWF  37
00A4:  MOVF   37,W
00A5:  SUBLW  03
00A6:  BTFSS  03.0
00A7:  GOTO   0B0
....................    {
....................        lcd_send_nibble(3);
00A8:  MOVLW  03
00A9:  MOVWF  42
00AA:  CALL   035
....................        delay_ms(5);
00AB:  MOVLW  05
00AC:  MOVWF  3C
00AD:  CALL   020
00AE:  INCF   37,F
00AF:  GOTO   0A4
....................    }
....................    
....................    lcd_send_nibble(2);
00B0:  MOVLW  02
00B1:  MOVWF  42
00B2:  CALL   035
....................    delay_ms(5);
00B3:  MOVLW  05
00B4:  MOVWF  3C
00B5:  CALL   020
....................    for(i=0;i<=3;++i)
00B6:  CLRF   37
00B7:  MOVF   37,W
00B8:  SUBLW  03
00B9:  BTFSS  03.0
00BA:  GOTO   0CA
....................       lcd_send_byte(0,LCD_INIT_STRING[i]);
00BB:  MOVLW  18
00BC:  ADDWF  37,W
00BD:  MOVWF  04
00BE:  MOVLW  20
00BF:  MOVWF  05
00C0:  BTFSC  03.0
00C1:  INCF   05,F
00C2:  MOVF   00,W
00C3:  MOVWF  3C
00C4:  CLRF   3F
00C5:  MOVF   3C,W
00C6:  MOVWF  40
00C7:  CALL   04A
.................... 
....................   #if defined(LCD_EXTENDED_NEWLINE)
00C8:  INCF   37,F
00C9:  GOTO   0B7
00CA:  MOVLP  00
00CB:  GOTO   25E (RETURN)
....................    g_LcdX = 0;
....................    g_LcdY = 0;
....................   #endif
.................... }
.................... 
.................... void lcd_gotoxy(unsigned int8 x, unsigned int8 y)
.................... {
....................    unsigned int8 address;
....................    
....................    if(y!=1)
00CC:  DECFSZ 3C,W
00CD:  GOTO   0CF
00CE:  GOTO   0D2
....................       address=LCD_LINE_TWO;
00CF:  MOVLW  40
00D0:  MOVWF  3D
00D1:  GOTO   0D3
....................    else
....................       address=0;
00D2:  CLRF   3D
....................      
....................    address+=x-1;
00D3:  MOVLW  01
00D4:  SUBWF  3B,W
00D5:  ADDWF  3D,F
....................    lcd_send_byte(0,0x80|address);
00D6:  MOVF   3D,W
00D7:  IORLW  80
00D8:  MOVWF  3E
00D9:  CLRF   3F
00DA:  MOVF   3E,W
00DB:  MOVWF  40
00DC:  CALL   04A
.................... 
....................   #if defined(LCD_EXTENDED_NEWLINE)
00DD:  RETURN
....................    g_LcdX = x - 1;
....................    g_LcdY = y - 1;
....................   #endif
.................... }
.................... 
.................... void lcd_putc(char c)
.................... {
....................    switch (c)
00DE:  MOVF   3A,W
00DF:  XORLW  07
00E0:  BTFSC  03.2
00E1:  GOTO   0EC
00E2:  XORLW  0B
00E3:  BTFSC  03.2
00E4:  GOTO   0F1
00E5:  XORLW  06
00E6:  BTFSC  03.2
00E7:  GOTO   0F9
00E8:  XORLW  02
00E9:  BTFSC  03.2
00EA:  GOTO   0FF
00EB:  GOTO   104
....................    {
....................       case '\a'   :  lcd_gotoxy(1,1);     break;
00EC:  MOVLW  01
00ED:  MOVWF  3B
00EE:  MOVWF  3C
00EF:  CALL   0CC
00F0:  GOTO   109
.................... 
....................       case '\f'   :  lcd_send_byte(0,1);
00F1:  CLRF   3F
00F2:  MOVLW  01
00F3:  MOVWF  40
00F4:  CALL   04A
....................                      delay_ms(2);
00F5:  MOVLW  02
00F6:  MOVWF  3C
00F7:  CALL   020
....................                     #if defined(LCD_EXTENDED_NEWLINE)
....................                      g_LcdX = 0;
....................                      g_LcdY = 0;
....................                     #endif
....................                      break;
00F8:  GOTO   109
.................... 
....................      #if defined(LCD_EXTENDED_NEWLINE)
....................       case '\r'   :  lcd_gotoxy(1, g_LcdY+1);   break;
....................       case '\n'   :
....................          while (g_LcdX++ < LCD_LINE_LENGTH)
....................          {
....................             lcd_send_byte(1, ' ');
....................          }
....................          lcd_gotoxy(1, g_LcdY+2);
....................          break;
....................      #else
....................       case '\n'   : lcd_gotoxy(1,2);        break;
00F9:  MOVLW  01
00FA:  MOVWF  3B
00FB:  MOVLW  02
00FC:  MOVWF  3C
00FD:  CALL   0CC
00FE:  GOTO   109
....................      #endif
....................      
....................       case '\b'   : lcd_send_byte(0,0x10);  break;
00FF:  CLRF   3F
0100:  MOVLW  10
0101:  MOVWF  40
0102:  CALL   04A
0103:  GOTO   109
....................      
....................      #if defined(LCD_EXTENDED_NEWLINE)
....................       default     : 
....................          if (g_LcdX < LCD_LINE_LENGTH)
....................          {
....................             lcd_send_byte(1, c);
....................             g_LcdX++;
....................          }
....................          break;
....................      #else
....................       default     : lcd_send_byte(1,c);     break;
0104:  MOVLW  01
0105:  MOVWF  3F
0106:  MOVF   3A,W
0107:  MOVWF  40
0108:  CALL   04A
....................      #endif
....................    }
0109:  RETURN
.................... }
....................  
.................... char lcd_getc(unsigned int8 x, unsigned int8 y)
.................... {
....................    char value;
.................... 
....................    lcd_gotoxy(x,y);
....................    while ( bit_test(lcd_read_byte(),7) ); // wait until busy flag is low
....................    lcd_output_rs(1);
....................    value = lcd_read_byte();
....................    lcd_output_rs(0);
....................    
....................    return(value);
.................... }
.................... 
.................... // write a custom character to the ram
.................... // which is 0-7 and specifies which character array we are modifying.
.................... // ptr points to an array of 8 bytes, where each byte is the next row of
.................... //    pixels.  only bits 0-4 are used.  the last row is the cursor row, and
.................... //    usually you will want to leave this byte 0x00.
.................... void lcd_set_cgram_char(unsigned int8 which, unsigned int8 *ptr)
.................... {
....................    unsigned int i;
.................... 
....................    which <<= 3;
....................    which &= 0x38;
.................... 
....................    lcd_send_byte(0, 0x40 | which);  //set cgram address
.................... 
....................    for(i=0; i<8; i++)
....................    {
....................       lcd_send_byte(1, *ptr++);
....................    }
....................   
....................    #if defined(LCD_EXTENDED_NEWLINE)
....................     lcd_gotoxy(g_LcdX+1, g_LcdY+1);  //set ddram address
....................    #endif
.................... }
.................... 
.................... void lcd_cursor_on(int1 on)
.................... {
....................    if (on)
....................    {
....................       lcd_send_byte(0,0x0F);           //turn LCD cursor ON
....................    }
....................    else
....................    {
....................       lcd_send_byte(0,0x0C);           //turn LCD cursor OFF
....................    }
.................... }
.................... 
.................... #endif
.................... 
.................... #define LCD_ENABLE_PIN  PIN_A0
.................... #define LCD_RS_PIN      PIN_A1
.................... //#define LCD_RW_PIN      PIN_A2 // CONECTADO A GND SI NO LO USAMOS
.................... #define LCD_DATA4       PIN_A4
.................... #define LCD_DATA5       PIN_A5
.................... #define LCD_DATA6       PIN_A6
.................... #define LCD_DATA7       PIN_A7
.................... 
.................... /*****************************************************************************
....................  * Funciones de Inicializacion de Perifericos
....................  ****************************************************************************/
.................... void Init_GPIO();
.................... /*****************************************************************************
.................... * Estados
.................... ****************************************************************************/
.................... typedef enum {
....................    ESPERAR,     // Espero que se presione una tecla
....................    MOSTRAR,      // Muestro la tecla en el LCD
.................... } eEstado;
.................... 
.................... eEstado estado_actual = ESPERAR;
.................... /*****************************************************************************
.................... * Variables globales
.................... ****************************************************************************/
.................... char tecla = 0 ; // tecla que se presiona
.................... int fila_pins[4] = {PIN_B4, PIN_B5, PIN_B6, PIN_B7};
.................... int col_pins[3] = {PIN_B0, PIN_B1, PIN_B2};
.................... 
.................... /*****************************************************************************
.................... * Teclado
.................... ****************************************************************************/
.................... 
.................... char teclado[4][3] = {{'1','2','3'},
....................                       {'4','5','6'},
....................                       {'7','8','9'},
....................                       {'*','0','#'}};
.................... 
.................... /*****************************************************************************
.................... * Funciones
.................... ****************************************************************************/
.................... char read_keypad(void);
.................... void maquina(void);
.................... 
.................... void main()
*
0229:  BCF    20.0
022A:  CLRF   21
022B:  CLRF   36
022C:  CLRF   35
022D:  MOVLB  03
022E:  CLRF   0C
022F:  CLRF   0D
0230:  MOVLB  02
0231:  CLRF   12
0232:  CLRF   11
0233:  CLRF   14
0234:  CLRF   13
0235:  MOVLW  6C
0236:  MOVLB  00
0237:  MOVWF  22
0238:  MOVLW  6D
0239:  MOVWF  23
023A:  MOVLW  6E
023B:  MOVWF  24
023C:  MOVLW  6F
023D:  MOVWF  25
023E:  MOVLW  68
023F:  MOVWF  26
0240:  MOVLW  69
0241:  MOVWF  27
0242:  MOVLW  6A
0243:  MOVWF  28
0244:  MOVLW  31
0245:  MOVWF  29
0246:  MOVLW  32
0247:  MOVWF  2A
0248:  MOVLW  33
0249:  MOVWF  2B
024A:  MOVLW  34
024B:  MOVWF  2C
024C:  MOVLW  35
024D:  MOVWF  2D
024E:  MOVLW  36
024F:  MOVWF  2E
0250:  MOVLW  37
0251:  MOVWF  2F
0252:  MOVLW  38
0253:  MOVWF  30
0254:  MOVLW  39
0255:  MOVWF  31
0256:  MOVLW  2A
0257:  MOVWF  32
0258:  MOVLW  30
0259:  MOVWF  33
025A:  MOVLW  23
025B:  MOVWF  34
.................... {
.................... 
.................... Init_GPIO();
025C:  GOTO   006
.................... lcd_init();
025D:  GOTO   08C
.................... printf(LCD_PUTC,"HOLA");
025E:  MOVLW  03
025F:  MOVLB  03
0260:  MOVWF  11
0261:  MOVLW  00
0262:  MOVWF  12
0263:  MOVLB  00
0264:  GOTO   10A
.................... 
....................    while(TRUE) {
....................    maquina();
0265:  GOTO   18F
0266:  GOTO   265
....................    }
.................... 
.................... }
.................... 
0267:  SLEEP
.................... void Init_GPIO()
.................... {
....................   // Estas funciones hacen lo mismo que ANSELA=0 y ANSELB=0
....................     setup_adc_ports(NO_ANALOGS); 
*
0006:  MOVLB  01
0007:  BCF    1E.0
0008:  BCF    1E.1
0009:  BCF    1E.2
000A:  MOVLW  00
000B:  MOVLB  03
000C:  MOVWF  0C
000D:  MOVWF  0D
....................     
....................     // El 16F1827 también tiene comparadores que usan pines de PORTA.
....................     // Hay que desactivarlos también.
....................     setup_comparator(NC_NC_NC_NC);
000E:  MOVLB  02
000F:  CLRF   12
0010:  CLRF   11
0011:  CLRF   14
0012:  CLRF   13
.................... /* SETEAMOS LOS PINES PB0-PB7 COMO SALIDA */
....................    set_tris_b(0b00000111); //RB0-RB2 = entrada, columnas, RB4-RB7 = Filas, salidas
0013:  MOVLW  07
0014:  MOVLB  01
0015:  MOVWF  0D
....................    set_tris_a(0b00000000); // TODO COMO SALIDA EN ESTADO BAJO 
0016:  MOVLW  00
0017:  MOVWF  0C
....................    
....................    port_b_pullups(TRUE);
0018:  MOVLW  01
0019:  MOVLB  04
001A:  MOVWF  0D
001B:  MOVLB  01
001C:  BCF    15.7
001D:  MOVLP  00
001E:  MOVLB  00
001F:  GOTO   25D (RETURN)
....................    
.................... }
.................... 
.................... char read_keypad(void) {
....................    int fila;
....................    int col;
....................    for(fila=0; fila<4; fila++) {
*
0199:  CLRF   37
019A:  MOVF   37,W
019B:  SUBLW  03
019C:  BTFSS  03.0
019D:  GOTO   218
....................          output_high(PIN_B4);
019E:  MOVLB  01
019F:  BCF    0D.4
01A0:  MOVLB  02
01A1:  BSF    0D.4
....................          output_high(PIN_B5);
01A2:  MOVLB  01
01A3:  BCF    0D.5
01A4:  MOVLB  02
01A5:  BSF    0D.5
....................          output_high(PIN_B6);
01A6:  MOVLB  01
01A7:  BCF    0D.6
01A8:  MOVLB  02
01A9:  BSF    0D.6
....................          output_high(PIN_B7);          // Todas filas en 1
01AA:  MOVLB  01
01AB:  BCF    0D.7
01AC:  MOVLB  02
01AD:  BSF    0D.7
....................          output_low(fila_pins[fila]);    // Activar una fila en 0
01AE:  MOVLW  02
01AF:  MOVLB  00
01B0:  ADDWF  37,W
01B1:  MOVWF  04
01B2:  MOVLW  20
01B3:  MOVWF  05
01B4:  BTFSC  03.0
01B5:  INCF   05,F
01B6:  MOVF   00,W
01B7:  MOVWF  39
01B8:  MOVWF  3A
01B9:  CLRF   3B
01BA:  MOVLW  01
01BB:  MOVWF  3D
01BC:  CLRF   3C
01BD:  CALL   155
01BE:  MOVF   39,W
01BF:  MOVWF  3A
01C0:  CLRF   3B
01C1:  CLRF   3D
01C2:  MOVLW  80
01C3:  MOVWF  3C
01C4:  CALL   155
.................... 
....................       for(col=0; col<3; col++) {
01C5:  CLRF   38
01C6:  MOVF   38,W
01C7:  SUBLW  02
01C8:  BTFSS  03.0
01C9:  GOTO   216
....................          if(!input(col_pins[col])) // si se presiono alguna tecla la col tmb 0
01CA:  MOVLW  06
01CB:  ADDWF  38,W
01CC:  MOVWF  04
01CD:  MOVLW  20
01CE:  MOVWF  05
01CF:  BTFSC  03.0
01D0:  INCF   05,F
01D1:  MOVF   00,W
01D2:  MOVWF  39
01D3:  MOVWF  3A
01D4:  MOVLW  01
01D5:  MOVWF  3B
01D6:  CLRF   3D
01D7:  MOVLW  80
01D8:  MOVWF  3C
01D9:  CALL   155
01DA:  MOVF   39,W
01DB:  MOVWF  3A
01DC:  CLRF   3C
01DD:  CLRF   3B
01DE:  GOTO   175
01DF:  BTFSC  78.0
01E0:  GOTO   214
....................             return teclado[fila][col];
01E1:  MOVF   37,W
01E2:  MOVWF  39
01E3:  MOVLW  03
01E4:  MOVWF  3A
*
0209:  MOVF   38,W
020A:  ADDWF  78,W
020B:  ADDLW  09
020C:  MOVWF  04
020D:  MOVLW  20
020E:  MOVWF  05
020F:  BTFSC  03.0
0210:  INCF   05,F
0211:  MOVF   00,W
0212:  MOVWF  78
0213:  GOTO   21A
0214:  INCF   38,F
0215:  GOTO   1C6
....................       }
0216:  INCF   37,F
0217:  GOTO   19A
....................    }
....................    return 0; // nada presionado
0218:  MOVLW  00
0219:  MOVWF  78
.................... }
.................... 
.................... void maquina() {
....................    switch(estado_actual) {
*
018F:  MOVLW  00
0190:  BTFSC  20.0
0191:  MOVLW  01
0192:  XORLW  00
0193:  BTFSC  03.2
0194:  GOTO   199
0195:  XORLW  01
0196:  BTFSC  03.2
0197:  GOTO   220
0198:  GOTO   227
....................          case ESPERAR:
....................             tecla = read_keypad();       // leo teclado
*
021A:  MOVF   78,W
021B:  MOVWF  21
....................             if(tecla != 0) {             // si presionaron algo, no hay 0 en el teclado
021C:  MOVF   21,F
021D:  BTFSS  03.2
....................                estado_actual = MOSTRAR;
021E:  BSF    20.0
....................             }
....................          break;
021F:  GOTO   227
....................    
....................          case MOSTRAR:
....................             lcd_putc('\f'); // borrar LCD
0220:  MOVLW  0C
0221:  MOVWF  3A
0222:  CALL   0DE
....................             lcd_putc(tecla);  // mostrar tecla
0223:  MOVF   21,W
0224:  MOVWF  3A
0225:  CALL   0DE
....................             estado_actual = ESPERAR;     // volver a esperar
0226:  BCF    20.0
....................          break;
.................... 
....................    }
0227:  MOVLP  00
0228:  GOTO   266 (RETURN)
.................... }

Configuration Fuses:
   Word  1: 3F84   INTRC_IO NOWDT PUT NOMCLR NOPROTECT NOCPD BROWNOUT NOCLKOUT IESO FCMEN
   Word  2: 1FFF   NOWRT PLL STVREN BORV19 NODEBUG NOLVP
