CCS PCM C Compiler, Version 5.093, 4770               04-nov.-25 13:31

               Filename:   C:\Users\MPF\Desktop\Git\Electr-nica-Digital-2\Guia 2\Ejercicio4.lst

               ROM used:   688 words (17%)
                           Largest free fragment is 2048
               RAM used:   18 (5%) at main() level
                           41 (11%) worst case
               Stack used: 3 locations
               Stack size: 16

0000:  MOVLP  00
0001:  GOTO   283
0002:  NOP
.................... #include <Ejercicio4.h>
.................... #include <16F1827.h>
.................... //////////// Standard Header file for the PIC16F1827 device ////////////////
.................... ///////////////////////////////////////////////////////////////////////////
.................... ////        (C) Copyright 1996, 2014 Custom Computer Services          ////
.................... //// This source code may only be used by licensed users of the CCS C  ////
.................... //// compiler.  This source code may only be distributed to other      ////
.................... //// licensed users of the CCS C compiler.  No other use, reproduction ////
.................... //// or distribution is permitted without written permission.          ////
.................... //// Derivative programs created using this software in object code    ////
.................... //// form are not restricted in any way.                               ////
.................... ///////////////////////////////////////////////////////////////////////////
.................... #device PIC16F1827
0003:  BRW
0004:  RETLW  68
0005:  RETLW  69
0006:  RETLW  6A
0007:  RETLW  6B
0008:  BRW
0009:  RETLW  6C
000A:  RETLW  6E
000B:  RETLW  6F
*
0141:  MOVF   32,W
0142:  ANDLW  07
0143:  MOVWF  77
0144:  RRF    32,W
0145:  MOVWF  78
0146:  RRF    78,F
0147:  RRF    78,F
0148:  MOVLW  1F
0149:  ANDWF  78,F
014A:  MOVF   78,W
014B:  ADDWF  34,W
014C:  MOVWF  04
014D:  MOVLW  00
014E:  ADDWFC 35,W
014F:  MOVWF  05
0150:  CLRF   78
0151:  INCF   78,F
0152:  INCF   77,F
0153:  GOTO   155
0154:  RLF    78,F
0155:  DECFSZ 77,F
0156:  GOTO   154
0157:  MOVF   33,F
0158:  BTFSC  03.2
0159:  GOTO   15D
015A:  MOVF   78,W
015B:  IORWF  00,F
015C:  GOTO   160
015D:  COMF   78,F
015E:  MOVF   78,W
015F:  ANDWF  00,F
0160:  RETURN
0161:  MOVF   32,W
0162:  ANDLW  07
0163:  MOVWF  77
0164:  RRF    32,W
0165:  MOVWF  78
0166:  RRF    78,F
0167:  RRF    78,F
0168:  MOVLW  1F
0169:  ANDWF  78,F
016A:  MOVF   78,W
016B:  ADDWF  33,W
016C:  MOVWF  04
016D:  MOVLW  00
016E:  ADDWFC 34,W
016F:  MOVWF  05
0170:  MOVF   00,W
0171:  MOVWF  78
0172:  INCF   77,F
0173:  GOTO   175
0174:  RRF    78,F
0175:  DECFSZ 77,F
0176:  GOTO   174
0177:  MOVLW  01
0178:  ANDWF  78,F
0179:  RETURN
*
01F0:  CLRF   77
01F1:  CLRF   78
01F2:  MOVF   31,W
01F3:  BCF    03.0
01F4:  BTFSC  32.0
01F5:  ADDWF  77,F
01F6:  RRF    77,F
01F7:  RRF    78,F
01F8:  BTFSC  32.1
01F9:  ADDWF  77,F
01FA:  RRF    77,F
01FB:  RRF    78,F
01FC:  BTFSC  32.2
01FD:  ADDWF  77,F
01FE:  RRF    77,F
01FF:  RRF    78,F
0200:  BTFSC  32.3
0201:  ADDWF  77,F
0202:  RRF    77,F
0203:  RRF    78,F
0204:  BTFSC  32.4
0205:  ADDWF  77,F
0206:  RRF    77,F
0207:  RRF    78,F
0208:  BTFSC  32.5
0209:  ADDWF  77,F
020A:  RRF    77,F
020B:  RRF    78,F
020C:  BTFSC  32.6
020D:  ADDWF  77,F
020E:  RRF    77,F
020F:  RRF    78,F
0210:  BTFSC  32.7
0211:  ADDWF  77,F
0212:  RRF    77,F
0213:  RRF    78,F
.................... 
.................... #list
.................... 
.................... #device ADC=10
.................... #use delay(internal=4MHz)
*
0019:  MOVLW  20
001A:  MOVWF  05
001B:  MOVLW  13
001C:  MOVWF  04
001D:  MOVF   00,W
001E:  BTFSC  03.2
001F:  GOTO   02E
0020:  MOVLW  01
0021:  MOVWF  78
0022:  CLRF   77
0023:  DECFSZ 77,F
0024:  GOTO   023
0025:  DECFSZ 78,F
0026:  GOTO   022
0027:  MOVLW  4A
0028:  MOVWF  77
0029:  DECFSZ 77,F
002A:  GOTO   029
002B:  GOTO   02C
002C:  DECFSZ 00,F
002D:  GOTO   020
002E:  RETURN
.................... 
.................... 
.................... 
.................... #fuses INTRC_IO  // Oscilador interno con pines RA6 y RA7 como GPIO
.................... #fuses NOMCLR   // Desactivo el MCLR
.................... #fuses NOWDT   // Desactivo el watchdog
.................... 
.................... /*****************************************************************************
....................  * LCD
....................  ****************************************************************************/
.................... 
.................... 
.................... #define LCD_ENABLE_PIN  PIN_A0
.................... #define LCD_RS_PIN      PIN_A1
.................... #define LCD_RW_PIN      PIN_A2 // CONECTADO A GND SI NO LO USAMOS
.................... #define LCD_DATA4       PIN_A4
.................... #define LCD_DATA5       PIN_A3
.................... #define LCD_DATA6       PIN_A6
.................... #define LCD_DATA7       PIN_A7
.................... 
.................... #include <lcd.c>
.................... ///////////////////////////////////////////////////////////////////////////////
.................... ////                             LCD.C                                     ////
.................... ////                 Driver for common LCD modules                         ////
.................... ////                                                                       ////
.................... ////  lcd_init()   Must be called before any other function.               ////
.................... ////                                                                       ////
.................... ////  lcd_putc(c)  Will display c on the next position of the LCD.         ////
.................... ////                 \a  Set cursor position to upper left                 ////
.................... ////                 \f  Clear display, set cursor to upper left           ////
.................... ////                 \n  Go to start of second line                        ////
.................... ////                 \b  Move back one position                            ////
.................... ////              If LCD_EXTENDED_NEWLINE is defined, the \n character     ////
.................... ////              will erase all remanining characters on the current      ////
.................... ////              line, and move the cursor to the beginning of the next   ////
.................... ////              line.                                                    ////
.................... ////              If LCD_EXTENDED_NEWLINE is defined, the \r character     ////
.................... ////              will move the cursor to the start of the current         ////
.................... ////              line.                                                    ////
.................... ////                                                                       ////
.................... ////  lcd_gotoxy(x,y) Set write position on LCD (upper left is 1,1)        ////
.................... ////                                                                       ////
.................... ////  lcd_getc(x,y)   Returns character at position x,y on LCD             ////
.................... ////                                                                       ////
.................... ////  lcd_cursor_on(int1 on)   Turn the cursor on (on=TRUE) or off         ////
.................... ////              (on=FALSE).                                              ////
.................... ////                                                                       ////
.................... ////  lcd_set_cgram_char(w, *p)   Write a custom character to the CGRAM.   ////
.................... ////                                                                       ////
.................... ////                                                                       ////
.................... ////  CONFIGURATION                                                        ////
.................... ////  The LCD can be configured in one of two ways: a.) port access or     ////
.................... ////  b.) pin access.  Port access requires the entire 7 bit interface     ////
.................... ////  connected to one GPIO port, and the data bits (D4:D7 of the LCD)     ////
.................... ////  connected to sequential pins on the GPIO.  Pin access                ////
.................... ////  has no requirements, all 7 bits of the control interface can         ////
.................... ////  can be connected to any GPIO using several ports.                    ////
.................... ////                                                                       ////
.................... ////  To use port access, #define LCD_DATA_PORT to the SFR location of     ////
.................... ////  of the GPIO port that holds the interface, -AND- edit LCD_PIN_MAP    ////
.................... ////  of this file to configure the pin order.  If you are using a         ////
.................... ////  baseline PIC (PCB), then LCD_OUTPUT_MAP and LCD_INPUT_MAP also must  ////
.................... ////  be defined.                                                          ////
.................... ////                                                                       ////
.................... ////  Example of port access:                                              ////
.................... ////     #define LCD_DATA_PORT getenv("SFR:PORTD")                         ////
.................... ////                                                                       ////
.................... ////  To use pin access, the following pins must be defined:               ////
.................... ////     LCD_ENABLE_PIN                                                    ////
.................... ////     LCD_RS_PIN                                                        ////
.................... ////     LCD_RW_PIN                                                        ////
.................... ////     LCD_DATA4                                                         ////
.................... ////     LCD_DATA5                                                         ////
.................... ////     LCD_DATA6                                                         ////
.................... ////     LCD_DATA7                                                         ////
.................... ////                                                                       ////
.................... ////  Example of pin access:                                               ////
.................... ////     #define LCD_ENABLE_PIN  PIN_E0                                    ////
.................... ////     #define LCD_RS_PIN      PIN_E1                                    ////
.................... ////     #define LCD_RW_PIN      PIN_E2                                    ////
.................... ////     #define LCD_DATA4       PIN_D4                                    ////
.................... ////     #define LCD_DATA5       PIN_D5                                    ////
.................... ////     #define LCD_DATA6       PIN_D6                                    ////
.................... ////     #define LCD_DATA7       PIN_D7                                    ////
.................... ////                                                                       ////
.................... ///////////////////////////////////////////////////////////////////////////////
.................... ////        (C) Copyright 1996,2010 Custom Computer Services           ////
.................... //// This source code may only be used by licensed users of the CCS C  ////
.................... //// compiler.  This source code may only be distributed to other      ////
.................... //// licensed users of the CCS C compiler.  No other use, reproduction ////
.................... //// or distribution is permitted without written permission.          ////
.................... //// Derivative programs created using this software in object code    ////
.................... //// form are not restricted in any way.                               ////
.................... ///////////////////////////////////////////////////////////////////////////
.................... 
.................... #ifndef __LCD_C__
.................... #define __LCD_C__
.................... 
.................... // define the pinout.
.................... // only required if port access is being used.
.................... typedef struct  
.................... {                            // This structure is overlayed
....................    int1 enable;           // on to an I/O port to gain
....................    int1 rs;               // access to the LCD pins.
....................    int1 rw;               // The bits are allocated from
....................    int1 unused;           // low order up.  ENABLE will
....................    unsigned int     data : 4;         // be LSB pin of that port.
....................   #if defined(__PCD__)       // The port used will be LCD_DATA_PORT.
....................    unsigned int    reserved: 8;
....................   #endif
.................... } LCD_PIN_MAP;
.................... 
.................... // this is to improve compatability with previous LCD drivers that accepted
.................... // a define labeled 'use_portb_lcd' that configured the LCD onto port B.
.................... #if ((defined(use_portb_lcd)) && (use_portb_lcd==TRUE))
....................  #define LCD_DATA_PORT getenv("SFR:PORTB")
.................... #endif
.................... 
.................... #if defined(__PCB__)
....................    // these definitions only need to be modified for baseline PICs.
....................    // all other PICs use LCD_PIN_MAP or individual LCD_xxx pin definitions.
.................... /*                                    EN, RS,   RW,   UNUSED,  DATA  */
....................  const LCD_PIN_MAP LCD_OUTPUT_MAP =  {0,  0,    0,    0,       0};
....................  const LCD_PIN_MAP LCD_INPUT_MAP =   {0,  0,    0,    0,       0xF};
.................... #endif
.................... 
.................... ////////////////////// END CONFIGURATION ///////////////////////////////////
.................... 
.................... #ifndef LCD_ENABLE_PIN
....................    #define lcd_output_enable(x) lcdlat.enable=x
....................    #define lcd_enable_tris()   lcdtris.enable=0
.................... #else
....................    #define lcd_output_enable(x) output_bit(LCD_ENABLE_PIN, x)
....................    #define lcd_enable_tris()  output_drive(LCD_ENABLE_PIN)
.................... #endif
.................... 
.................... #ifndef LCD_RS_PIN
....................    #define lcd_output_rs(x) lcdlat.rs=x
....................    #define lcd_rs_tris()   lcdtris.rs=0
.................... #else
....................    #define lcd_output_rs(x) output_bit(LCD_RS_PIN, x)
....................    #define lcd_rs_tris()  output_drive(LCD_RS_PIN)
.................... #endif
.................... 
.................... #ifndef LCD_RW_PIN
....................    #define lcd_output_rw(x) lcdlat.rw=x
....................    #define lcd_rw_tris()   lcdtris.rw=0
.................... #else
....................    #define lcd_output_rw(x) output_bit(LCD_RW_PIN, x)
....................    #define lcd_rw_tris()  output_drive(LCD_RW_PIN)
.................... #endif
.................... 
.................... // original version of this library incorrectly labeled LCD_DATA0 as LCD_DATA4,
.................... // LCD_DATA1 as LCD_DATA5, and so on.  this block of code makes the driver
.................... // compatible with any code written for the original library
.................... #if (defined(LCD_DATA0) && defined(LCD_DATA1) && defined(LCD_DATA2) && defined(LCD_DATA3) && !defined(LCD_DATA4) && !defined(LCD_DATA5) && !defined(LCD_DATA6) && !defined(LCD_DATA7))
....................    #define  LCD_DATA4    LCD_DATA0
....................    #define  LCD_DATA5    LCD_DATA1
....................    #define  LCD_DATA6    LCD_DATA2
....................    #define  LCD_DATA7    LCD_DATA3
.................... #endif
.................... 
.................... #ifndef LCD_DATA4
.................... #ifndef LCD_DATA_PORT
....................    #if defined(__PCB__)
....................       #define LCD_DATA_PORT      0x06     //portb
....................       #define set_tris_lcd(x)   set_tris_b(x)
....................    #else
....................      #if defined(PIN_D0)
....................       #define LCD_DATA_PORT      getenv("SFR:PORTD")     //portd
....................      #else
....................       #define LCD_DATA_PORT      getenv("SFR:PORTB")     //portb
....................      #endif
....................    #endif   
.................... #endif
.................... 
.................... #if defined(__PCB__)
....................    LCD_PIN_MAP lcd, lcdlat;
....................    #byte lcd = LCD_DATA_PORT
....................    #byte lcdlat = LCD_DATA_PORT
.................... #elif defined(__PCM__)
....................    LCD_PIN_MAP lcd, lcdlat, lcdtris;
....................    #byte lcd = LCD_DATA_PORT
....................    #byte lcdlat = LCD_DATA_PORT
....................    #byte lcdtris = LCD_DATA_PORT+0x80
.................... #elif defined(__PCH__)
....................    LCD_PIN_MAP lcd, lcdlat, lcdtris;
....................    #byte lcd = LCD_DATA_PORT
....................    #byte lcdlat = LCD_DATA_PORT+9
....................    #byte lcdtris = LCD_DATA_PORT+0x12
.................... #elif defined(__PCD__)
....................    LCD_PIN_MAP lcd, lcdlat, lcdtris;
....................    #word lcd = LCD_DATA_PORT
....................    #word lcdlat = LCD_DATA_PORT+2
....................    #word lcdtris = LCD_DATA_PORT-0x02
.................... #endif
.................... #endif   //LCD_DATA4 not defined
.................... 
.................... #ifndef LCD_TYPE
....................    #define LCD_TYPE 2           // 0=5x7, 1=5x10, 2=2 lines
.................... #endif
.................... 
.................... #ifndef LCD_LINE_TWO
....................    #define LCD_LINE_TWO 0x40    // LCD RAM address for the second line
.................... #endif
.................... 
.................... #ifndef LCD_LINE_LENGTH
....................    #define LCD_LINE_LENGTH 20
.................... #endif
.................... 
.................... unsigned int8 lcd_read_nibble(void);
.................... 
.................... unsigned int8 lcd_read_byte(void)
.................... {
....................    unsigned int8 low,high;
.................... 
....................  #if defined(__PCB__)
....................    set_tris_lcd(LCD_INPUT_MAP);
....................  #else
....................   #if (defined(LCD_DATA4) && defined(LCD_DATA5) && defined(LCD_DATA6) && defined(LCD_DATA7))
....................    output_float(LCD_DATA4);
*
009F:  BSF    0C.4
....................    output_float(LCD_DATA5);
00A0:  BSF    0C.3
....................    output_float(LCD_DATA6);
00A1:  BSF    0C.6
....................    output_float(LCD_DATA7);
00A2:  BSF    0C.7
....................   #else
....................    lcdtris.data = 0xF;
....................   #endif
....................  #endif
....................         
....................    lcd_output_rw(1);
00A3:  MOVLB  02
00A4:  BSF    0C.2
00A5:  MOVLB  01
00A6:  BCF    0C.2
....................    delay_cycles(1);
00A7:  NOP
....................    lcd_output_enable(1);
00A8:  MOVLB  02
00A9:  BSF    0C.0
00AA:  MOVLB  01
00AB:  BCF    0C.0
....................    delay_cycles(1);
00AC:  NOP
....................    high = lcd_read_nibble();
00AD:  MOVLB  00
00AE:  CALL   066
00AF:  MOVF   78,W
00B0:  MOVWF  37
....................       
....................    lcd_output_enable(0);
00B1:  MOVLB  02
00B2:  BCF    0C.0
00B3:  MOVLB  01
00B4:  BCF    0C.0
....................    delay_cycles(1);
00B5:  NOP
....................    lcd_output_enable(1);
00B6:  MOVLB  02
00B7:  BSF    0C.0
00B8:  MOVLB  01
00B9:  BCF    0C.0
....................    delay_us(1);
00BA:  NOP
....................    low = lcd_read_nibble();
00BB:  MOVLB  00
00BC:  CALL   066
00BD:  MOVF   78,W
00BE:  MOVWF  36
....................       
....................    lcd_output_enable(0);
00BF:  MOVLB  02
00C0:  BCF    0C.0
00C1:  MOVLB  01
00C2:  BCF    0C.0
.................... 
....................  #if defined(__PCB__)
....................    set_tris_lcd(LCD_OUTPUT_MAP);
....................  #else
....................   #if (defined(LCD_DATA4) && defined(LCD_DATA5) && defined(LCD_DATA6) && defined(LCD_DATA7))
....................    output_drive(LCD_DATA4);
00C3:  BCF    0C.4
....................    output_drive(LCD_DATA5);
00C4:  BCF    0C.3
....................    output_drive(LCD_DATA6);
00C5:  BCF    0C.6
....................    output_drive(LCD_DATA7);
00C6:  BCF    0C.7
....................   #else
....................    lcdtris.data = 0x0;
....................   #endif
....................  #endif
.................... 
....................    return( (high<<4) | low);
00C7:  MOVLB  00
00C8:  SWAPF  37,W
00C9:  MOVWF  77
00CA:  MOVLW  F0
00CB:  ANDWF  77,F
00CC:  MOVF   77,W
00CD:  IORWF  36,W
00CE:  MOVWF  78
.................... }
.................... 
.................... unsigned int8 lcd_read_nibble(void)
.................... {
....................   #if (defined(LCD_DATA4) && defined(LCD_DATA5) && defined(LCD_DATA6) && defined(LCD_DATA7))
*
0066:  CLRF   38
....................    unsigned int8 n = 0x00;
.................... 
....................    /* Read the data port */
....................    n |= input(LCD_DATA4);
0067:  MOVLB  01
0068:  BSF    0C.4
0069:  MOVLW  00
006A:  MOVLB  00
006B:  BTFSC  0C.4
006C:  MOVLW  01
006D:  IORWF  38,F
....................    n |= input(LCD_DATA5) << 1;
006E:  MOVLB  01
006F:  BSF    0C.3
0070:  MOVLW  00
0071:  MOVLB  00
0072:  BTFSC  0C.3
0073:  MOVLW  01
0074:  MOVWF  77
0075:  BCF    03.0
0076:  RLF    77,F
0077:  MOVF   77,W
0078:  IORWF  38,F
....................    n |= input(LCD_DATA6) << 2;
0079:  MOVLB  01
007A:  BSF    0C.6
007B:  MOVLW  00
007C:  MOVLB  00
007D:  BTFSC  0C.6
007E:  MOVLW  01
007F:  MOVWF  77
0080:  RLF    77,F
0081:  RLF    77,F
0082:  MOVLW  FC
0083:  ANDWF  77,F
0084:  MOVF   77,W
0085:  IORWF  38,F
....................    n |= input(LCD_DATA7) << 3;
0086:  MOVLB  01
0087:  BSF    0C.7
0088:  MOVLW  00
0089:  MOVLB  00
008A:  BTFSC  0C.7
008B:  MOVLW  01
008C:  MOVWF  77
008D:  RLF    77,F
008E:  RLF    77,F
008F:  RLF    77,F
0090:  MOVLW  F8
0091:  ANDWF  77,F
0092:  MOVF   77,W
0093:  IORWF  38,F
....................    
....................    return(n);
0094:  MOVF   38,W
0095:  MOVWF  78
....................   #else
0096:  RETURN
....................    return(lcd.data);
....................   #endif
.................... }
.................... 
.................... void lcd_send_nibble(unsigned int8 n)
.................... {
....................   #if (defined(LCD_DATA4) && defined(LCD_DATA5) && defined(LCD_DATA6) && defined(LCD_DATA7))
....................    /* Write to the data port */
....................    output_bit(LCD_DATA4, bit_test(n, 0));
*
002F:  BTFSC  37.0
0030:  GOTO   035
0031:  MOVLB  02
0032:  BCF    0C.4
0033:  GOTO   037
0034:  MOVLB  00
0035:  MOVLB  02
0036:  BSF    0C.4
0037:  MOVLB  01
0038:  BCF    0C.4
....................    output_bit(LCD_DATA5, bit_test(n, 1));
0039:  MOVLB  00
003A:  BTFSC  37.1
003B:  GOTO   040
003C:  MOVLB  02
003D:  BCF    0C.3
003E:  GOTO   042
003F:  MOVLB  00
0040:  MOVLB  02
0041:  BSF    0C.3
0042:  MOVLB  01
0043:  BCF    0C.3
....................    output_bit(LCD_DATA6, bit_test(n, 2));
0044:  MOVLB  00
0045:  BTFSC  37.2
0046:  GOTO   04B
0047:  MOVLB  02
0048:  BCF    0C.6
0049:  GOTO   04D
004A:  MOVLB  00
004B:  MOVLB  02
004C:  BSF    0C.6
004D:  MOVLB  01
004E:  BCF    0C.6
....................    output_bit(LCD_DATA7, bit_test(n, 3));
004F:  MOVLB  00
0050:  BTFSC  37.3
0051:  GOTO   056
0052:  MOVLB  02
0053:  BCF    0C.7
0054:  GOTO   058
0055:  MOVLB  00
0056:  MOVLB  02
0057:  BSF    0C.7
0058:  MOVLB  01
0059:  BCF    0C.7
....................   #else      
....................    lcdlat.data = n;
....................   #endif
....................       
....................    delay_cycles(1);
005A:  NOP
....................    lcd_output_enable(1);
005B:  MOVLB  02
005C:  BSF    0C.0
005D:  MOVLB  01
005E:  BCF    0C.0
....................    delay_us(2);
005F:  GOTO   060
....................    lcd_output_enable(0);
0060:  MOVLB  02
0061:  BCF    0C.0
0062:  MOVLB  01
0063:  BCF    0C.0
0064:  MOVLB  00
0065:  RETURN
.................... }
.................... 
.................... void lcd_send_byte(unsigned int8 address, unsigned int8 n)
.................... {
....................   #if defined(__PCB__)
....................    set_tris_lcd(LCD_OUTPUT_MAP);
....................   #else
....................    lcd_enable_tris();
*
0097:  MOVLB  01
0098:  BCF    0C.0
....................    lcd_rs_tris();
0099:  BCF    0C.1
....................    lcd_rw_tris();
009A:  BCF    0C.2
....................   #endif
.................... 
....................    lcd_output_rs(0);
009B:  MOVLB  02
009C:  BCF    0C.1
009D:  MOVLB  01
009E:  BCF    0C.1
....................    while ( bit_test(lcd_read_byte(),7) ) ;
*
00CF:  MOVF   78,W
00D0:  MOVWF  36
00D1:  BTFSS  36.7
00D2:  GOTO   0D5
00D3:  MOVLB  01
00D4:  GOTO   09F
....................    lcd_output_rs(address);
00D5:  MOVF   34,F
00D6:  BTFSS  03.2
00D7:  GOTO   0DC
00D8:  MOVLB  02
00D9:  BCF    0C.1
00DA:  GOTO   0DE
00DB:  MOVLB  00
00DC:  MOVLB  02
00DD:  BSF    0C.1
00DE:  MOVLB  01
00DF:  BCF    0C.1
....................    delay_cycles(1);
00E0:  NOP
....................    lcd_output_rw(0);
00E1:  MOVLB  02
00E2:  BCF    0C.2
00E3:  MOVLB  01
00E4:  BCF    0C.2
....................    delay_cycles(1);
00E5:  NOP
....................    lcd_output_enable(0);
00E6:  MOVLB  02
00E7:  BCF    0C.0
00E8:  MOVLB  01
00E9:  BCF    0C.0
....................    lcd_send_nibble(n >> 4);
00EA:  MOVLB  00
00EB:  SWAPF  35,W
00EC:  MOVWF  36
00ED:  MOVLW  0F
00EE:  ANDWF  36,F
00EF:  MOVF   36,W
00F0:  MOVWF  37
00F1:  CALL   02F
....................    lcd_send_nibble(n & 0xf);
00F2:  MOVF   35,W
00F3:  ANDLW  0F
00F4:  MOVWF  36
00F5:  MOVWF  37
00F6:  CALL   02F
00F7:  RETURN
.................... }
.................... 
.................... #if defined(LCD_EXTENDED_NEWLINE)
.................... unsigned int8 g_LcdX, g_LcdY;
.................... #endif
.................... 
.................... void lcd_init(void) 
.................... {
....................    unsigned int8 i;
....................    unsigned int8 LCD_INIT_STRING[4] = {0x20 | (LCD_TYPE << 2), 0xc, 1, 6};
00F8:  MOVLW  28
00F9:  MOVWF  2F
00FA:  MOVLW  0C
00FB:  MOVWF  30
00FC:  MOVLW  01
00FD:  MOVWF  31
00FE:  MOVLW  06
00FF:  MOVWF  32
....................                              // These bytes need to be sent to the LCD
....................                              // to start it up.
....................    
.................... 
....................    lcd_output_enable(0);
0100:  MOVLB  02
0101:  BCF    0C.0
0102:  MOVLB  01
0103:  BCF    0C.0
....................    lcd_output_rs(0);
0104:  MOVLB  02
0105:  BCF    0C.1
0106:  MOVLB  01
0107:  BCF    0C.1
....................    lcd_output_rw(0);
0108:  MOVLB  02
0109:  BCF    0C.2
010A:  MOVLB  01
010B:  BCF    0C.2
.................... 
....................  #if defined(__PCB__)
....................    set_tris_lcd(LCD_OUTPUT_MAP);
....................  #else
....................   #if (defined(LCD_DATA4) && defined(LCD_DATA5) && defined(LCD_DATA6) && defined(LCD_DATA7))
....................    output_drive(LCD_DATA4);
010C:  BCF    0C.4
....................    output_drive(LCD_DATA5);
010D:  BCF    0C.3
....................    output_drive(LCD_DATA6);
010E:  BCF    0C.6
....................    output_drive(LCD_DATA7);
010F:  BCF    0C.7
....................   #else
....................    lcdtris.data = 0x0;
....................   #endif
....................    lcd_enable_tris();
0110:  BCF    0C.0
....................    lcd_rs_tris();
0111:  BCF    0C.1
....................    lcd_rw_tris();
0112:  BCF    0C.2
....................  #endif
....................     
....................    delay_ms(15);
0113:  MOVLW  0F
0114:  MOVLB  00
0115:  MOVWF  33
0116:  CALL   019
....................    for(i=1;i<=3;++i)
0117:  MOVLW  01
0118:  MOVWF  2E
0119:  MOVF   2E,W
011A:  SUBLW  03
011B:  BTFSS  03.0
011C:  GOTO   125
....................    {
....................        lcd_send_nibble(3);
011D:  MOVLW  03
011E:  MOVWF  37
011F:  CALL   02F
....................        delay_ms(5);
0120:  MOVLW  05
0121:  MOVWF  33
0122:  CALL   019
0123:  INCF   2E,F
0124:  GOTO   119
....................    }
....................    
....................    lcd_send_nibble(2);
0125:  MOVLW  02
0126:  MOVWF  37
0127:  CALL   02F
....................    delay_ms(5);
0128:  MOVLW  05
0129:  MOVWF  33
012A:  CALL   019
....................    for(i=0;i<=3;++i)
012B:  CLRF   2E
012C:  MOVF   2E,W
012D:  SUBLW  03
012E:  BTFSS  03.0
012F:  GOTO   13F
....................       lcd_send_byte(0,LCD_INIT_STRING[i]);
0130:  MOVLW  0F
0131:  ADDWF  2E,W
0132:  MOVWF  04
0133:  MOVLW  20
0134:  MOVWF  05
0135:  BTFSC  03.0
0136:  INCF   05,F
0137:  MOVF   00,W
0138:  MOVWF  33
0139:  CLRF   34
013A:  MOVF   33,W
013B:  MOVWF  35
013C:  CALL   097
.................... 
....................   #if defined(LCD_EXTENDED_NEWLINE)
013D:  INCF   2E,F
013E:  GOTO   12C
013F:  MOVLP  00
0140:  GOTO   2AD (RETURN)
....................    g_LcdX = 0;
....................    g_LcdY = 0;
....................   #endif
.................... }
.................... 
.................... void lcd_gotoxy(unsigned int8 x, unsigned int8 y)
.................... {
....................    unsigned int8 address;
....................    
....................    if(y!=1)
*
017A:  DECFSZ 30,W
017B:  GOTO   17D
017C:  GOTO   180
....................       address=LCD_LINE_TWO;
017D:  MOVLW  40
017E:  MOVWF  31
017F:  GOTO   181
....................    else
....................       address=0;
0180:  CLRF   31
....................      
....................    address+=x-1;
0181:  MOVLW  01
0182:  SUBWF  2F,W
0183:  ADDWF  31,F
....................    lcd_send_byte(0,0x80|address);
0184:  MOVF   31,W
0185:  IORLW  80
0186:  MOVWF  32
0187:  CLRF   34
0188:  MOVF   32,W
0189:  MOVWF  35
018A:  CALL   097
.................... 
....................   #if defined(LCD_EXTENDED_NEWLINE)
018B:  RETURN
....................    g_LcdX = x - 1;
....................    g_LcdY = y - 1;
....................   #endif
.................... }
.................... 
.................... void lcd_putc(char c)
.................... {
....................    switch (c)
*
0255:  MOVF   2E,W
0256:  XORLW  07
0257:  BTFSC  03.2
0258:  GOTO   263
0259:  XORLW  0B
025A:  BTFSC  03.2
025B:  GOTO   268
025C:  XORLW  06
025D:  BTFSC  03.2
025E:  GOTO   270
025F:  XORLW  02
0260:  BTFSC  03.2
0261:  GOTO   276
0262:  GOTO   27B
....................    {
....................       case '\a'   :  lcd_gotoxy(1,1);     break;
0263:  MOVLW  01
0264:  MOVWF  2F
0265:  MOVWF  30
0266:  CALL   17A
0267:  GOTO   280
.................... 
....................       case '\f'   :  lcd_send_byte(0,1);
0268:  CLRF   34
0269:  MOVLW  01
026A:  MOVWF  35
026B:  CALL   097
....................                      delay_ms(2);
026C:  MOVLW  02
026D:  MOVWF  33
026E:  CALL   019
....................                     #if defined(LCD_EXTENDED_NEWLINE)
....................                      g_LcdX = 0;
....................                      g_LcdY = 0;
....................                     #endif
....................                      break;
026F:  GOTO   280
.................... 
....................      #if defined(LCD_EXTENDED_NEWLINE)
....................       case '\r'   :  lcd_gotoxy(1, g_LcdY+1);   break;
....................       case '\n'   :
....................          while (g_LcdX++ < LCD_LINE_LENGTH)
....................          {
....................             lcd_send_byte(1, ' ');
....................          }
....................          lcd_gotoxy(1, g_LcdY+2);
....................          break;
....................      #else
....................       case '\n'   : lcd_gotoxy(1,2);        break;
0270:  MOVLW  01
0271:  MOVWF  2F
0272:  MOVLW  02
0273:  MOVWF  30
0274:  CALL   17A
0275:  GOTO   280
....................      #endif
....................      
....................       case '\b'   : lcd_send_byte(0,0x10);  break;
0276:  CLRF   34
0277:  MOVLW  10
0278:  MOVWF  35
0279:  CALL   097
027A:  GOTO   280
....................      
....................      #if defined(LCD_EXTENDED_NEWLINE)
....................       default     : 
....................          if (g_LcdX < LCD_LINE_LENGTH)
....................          {
....................             lcd_send_byte(1, c);
....................             g_LcdX++;
....................          }
....................          break;
....................      #else
....................       default     : lcd_send_byte(1,c);     break;
027B:  MOVLW  01
027C:  MOVWF  34
027D:  MOVF   2E,W
027E:  MOVWF  35
027F:  CALL   097
....................      #endif
....................    }
.................... }
....................  
.................... char lcd_getc(unsigned int8 x, unsigned int8 y)
.................... {
....................    char value;
.................... 
....................    lcd_gotoxy(x,y);
....................    while ( bit_test(lcd_read_byte(),7) ); // wait until busy flag is low
....................    lcd_output_rs(1);
....................    value = lcd_read_byte();
....................    lcd_output_rs(0);
....................    
....................    return(value);
.................... }
.................... 
.................... // write a custom character to the ram
.................... // which is 0-7 and specifies which character array we are modifying.
.................... // ptr points to an array of 8 bytes, where each byte is the next row of
.................... //    pixels.  only bits 0-4 are used.  the last row is the cursor row, and
.................... //    usually you will want to leave this byte 0x00.
.................... void lcd_set_cgram_char(unsigned int8 which, unsigned int8 *ptr)
.................... {
....................    unsigned int i;
.................... 
....................    which <<= 3;
....................    which &= 0x38;
.................... 
....................    lcd_send_byte(0, 0x40 | which);  //set cgram address
.................... 
....................    for(i=0; i<8; i++)
....................    {
....................       lcd_send_byte(1, *ptr++);
....................    }
....................   
....................    #if defined(LCD_EXTENDED_NEWLINE)
....................     lcd_gotoxy(g_LcdX+1, g_LcdY+1);  //set ddram address
....................    #endif
.................... }
.................... 
.................... void lcd_cursor_on(int1 on)
.................... {
....................    if (on)
....................    {
....................       lcd_send_byte(0,0x0F);           //turn LCD cursor ON
....................    }
....................    else
....................    {
....................       lcd_send_byte(0,0x0C);           //turn LCD cursor OFF
....................    }
.................... }
.................... 
.................... #endif
.................... 
.................... /*****************************************************************************
....................  * Funciones de Inicializacion de Perifericos
....................  ****************************************************************************/
.................... void Init_GPIO();
.................... /*****************************************************************************
.................... * Estados
.................... ****************************************************************************/
.................... typedef enum {
....................    ESPERAR,     // Espero que se presione una tecla
....................    MOSTRAR,      // Muestro la tecla en el LCD
.................... } eEstado;
.................... 
.................... eEstado estado_actual = ESPERAR;
.................... /*****************************************************************************
.................... * Variables globales
.................... ****************************************************************************/
.................... char result = 'f' ; // tecla que se presiona
.................... 
.................... /*****************************************************************************
.................... * Teclado
.................... ****************************************************************************/
.................... 
.................... char teclado[4][3] = {{'1','2','3'},
....................                       {'4','5','6'},
....................                       {'7','8','9'},
....................                       {'*','0','#'}};
.................... 
.................... /*****************************************************************************
.................... * Funciones
.................... ****************************************************************************/
.................... char read_keypad(void);
.................... void maquina(void);
.................... 
.................... void main()
*
0283:  MOVLW  6A
0284:  MOVLB  01
0285:  MOVWF  19
0286:  MOVLB  00
0287:  BCF    20.0
0288:  MOVLW  66
0289:  MOVWF  21
028A:  MOVLB  03
028B:  CLRF   0C
028C:  CLRF   0D
028D:  MOVLB  02
028E:  CLRF   12
028F:  CLRF   11
0290:  CLRF   14
0291:  CLRF   13
0292:  MOVLW  31
0293:  MOVLB  00
0294:  MOVWF  22
0295:  MOVLW  32
0296:  MOVWF  23
0297:  MOVLW  33
0298:  MOVWF  24
0299:  MOVLW  34
029A:  MOVWF  25
029B:  MOVLW  35
029C:  MOVWF  26
029D:  MOVLW  36
029E:  MOVWF  27
029F:  MOVLW  37
02A0:  MOVWF  28
02A1:  MOVLW  38
02A2:  MOVWF  29
02A3:  MOVLW  39
02A4:  MOVWF  2A
02A5:  MOVLW  2A
02A6:  MOVWF  2B
02A7:  MOVLW  30
02A8:  MOVWF  2C
02A9:  MOVLW  23
02AA:  MOVWF  2D
.................... {
.................... 
....................    Init_GPIO();
02AB:  GOTO   00C
....................    lcd_init();
02AC:  GOTO   0F8
....................    while(TRUE) {
....................     maquina();
02AD:  GOTO   18C
02AE:  GOTO   2AD
....................    }
.................... }
.................... 
02AF:  SLEEP
.................... void Init_GPIO()
.................... {
....................    set_tris_b(0b11010000); // RB0, RB1, RB2 y RB3 filas del teclado, entrada
*
000C:  MOVLW  D0
000D:  MOVLB  01
000E:  MOVWF  0D
....................                            // RB4, RB6, RB7 columnas, salidas
....................    set_tris_a(0b00000000); // TODO COMO SALIDA EN ESTADO BAJO 
000F:  MOVLW  00
0010:  MOVWF  0C
....................    
....................    port_b_pullups(TRUE);
0011:  MOVLW  01
0012:  MOVLB  04
0013:  MOVWF  0D
0014:  MOVLB  01
0015:  BCF    15.7
0016:  MOVLP  00
0017:  MOVLB  00
0018:  GOTO   2AC (RETURN)
....................    
.................... }
.................... 
.................... char getKey(void){
*
0196:  MOVLW  66
0197:  MOVWF  30
.................... 
....................    const unsigned char pines_filas[4] = {PIN_B0, PIN_B1, PIN_B2, PIN_B3};
....................    const unsigned char pines_col[3] = {PIN_B4, PIN_B6, PIN_B7};
....................    int f, c;
....................    char result = 'f';
....................    
....................    for(f = 0; f < 4; f++) {
0198:  CLRF   2E
0199:  MOVF   2E,W
019A:  SUBLW  03
019B:  BTFSS  03.0
019C:  GOTO   24A
....................       // Poner todas las filas en HIGH
....................       output_high(PIN_B0);
019D:  MOVLB  01
019E:  BCF    0D.0
019F:  MOVLB  02
01A0:  BSF    0D.0
....................       output_high(PIN_B1);
01A1:  MOVLB  01
01A2:  BCF    0D.1
01A3:  MOVLB  02
01A4:  BSF    0D.1
....................       output_high(PIN_B2);
01A5:  MOVLB  01
01A6:  BCF    0D.2
01A7:  MOVLB  02
01A8:  BSF    0D.2
....................       output_high(PIN_B3);
01A9:  MOVLB  01
01AA:  BCF    0D.3
01AB:  MOVLB  02
01AC:  BSF    0D.3
.................... 
....................       // Activar la fila r (tirarla a LOW)
....................       output_low(pines_filas[f]);
01AD:  MOVLB  00
01AE:  MOVF   2E,W
01AF:  CALL   003
01B0:  MOVWF  31
01B1:  MOVWF  32
01B2:  CLRF   33
01B3:  MOVLW  01
01B4:  MOVWF  35
01B5:  CLRF   34
01B6:  CALL   141
01B7:  MOVF   31,W
01B8:  MOVWF  32
01B9:  CLRF   33
01BA:  CLRF   35
01BB:  MOVLW  80
01BC:  MOVWF  34
01BD:  CALL   141
....................       delay_us(100); // asegurar estabilidad
01BE:  MOVLW  21
01BF:  MOVWF  77
01C0:  DECFSZ 77,F
01C1:  GOTO   1C0
.................... 
....................       // Leemos columnas
....................       for(c = 0; c < 3; c++) {
01C2:  CLRF   2F
01C3:  MOVF   2F,W
01C4:  SUBLW  02
01C5:  BTFSS  03.0
01C6:  GOTO   248
....................          
....................          if(!input(pines_col[c])) { // columna detectada en 0 --> tecla presionada
01C7:  MOVF   2F,W
01C8:  CALL   008
01C9:  MOVWF  31
01CA:  MOVWF  32
01CB:  MOVLW  01
01CC:  MOVWF  33
01CD:  CLRF   35
01CE:  MOVLW  80
01CF:  MOVWF  34
01D0:  CALL   141
01D1:  MOVF   31,W
01D2:  MOVWF  32
01D3:  CLRF   34
01D4:  CLRF   33
01D5:  CALL   161
01D6:  BTFSC  78.0
01D7:  GOTO   246
....................             
....................             delay_ms(20);
01D8:  MOVLW  14
01D9:  MOVWF  33
01DA:  CALL   019
....................             
....................             if(!input(pines_col[c])) { // sigue presionada
01DB:  MOVF   2F,W
01DC:  CALL   008
01DD:  MOVWF  31
01DE:  MOVWF  32
01DF:  MOVLW  01
01E0:  MOVWF  33
01E1:  CLRF   35
01E2:  MOVLW  80
01E3:  MOVWF  34
01E4:  CALL   141
01E5:  MOVF   31,W
01E6:  MOVWF  32
01E7:  CLRF   34
01E8:  CLRF   33
01E9:  CALL   161
01EA:  BTFSC  78.0
01EB:  GOTO   246
....................                result = teclado[f][c];
01EC:  MOVF   2E,W
01ED:  MOVWF  31
01EE:  MOVLW  03
01EF:  MOVWF  32
*
0214:  MOVF   2F,W
0215:  ADDWF  78,W
0216:  ADDLW  02
0217:  MOVWF  04
0218:  MOVLW  20
0219:  MOVWF  05
021A:  BTFSC  03.0
021B:  INCF   05,F
021C:  MOVF   00,W
021D:  MOVWF  30
....................                
....................                while(!input(pines_col[c])) {
021E:  MOVF   2F,W
021F:  CALL   008
0220:  MOVWF  31
0221:  MOVWF  32
0222:  MOVLW  01
0223:  MOVWF  33
0224:  CLRF   35
0225:  MOVLW  80
0226:  MOVWF  34
0227:  CALL   141
0228:  MOVF   31,W
0229:  MOVWF  32
022A:  CLRF   34
022B:  CLRF   33
022C:  CALL   161
022D:  BTFSC  78.0
022E:  GOTO   233
....................                   delay_ms(10);
022F:  MOVLW  0A
0230:  MOVWF  33
0231:  CALL   019
0232:  GOTO   21E
....................                }
....................                
....................                output_high(pines_filas[f]);
0233:  MOVF   2E,W
0234:  CALL   003
0235:  MOVWF  31
0236:  MOVWF  32
0237:  MOVLW  01
0238:  MOVWF  33
0239:  MOVWF  35
023A:  CLRF   34
023B:  CALL   141
023C:  MOVF   31,W
023D:  MOVWF  32
023E:  CLRF   33
023F:  CLRF   35
0240:  MOVLW  80
0241:  MOVWF  34
0242:  CALL   141
....................                return result;
0243:  MOVF   30,W
0244:  MOVWF  78
0245:  GOTO   24C
....................             }
....................          }
0246:  INCF   2F,F
0247:  GOTO   1C3
....................       }
0248:  INCF   2E,F
0249:  GOTO   199
....................    }
.................... 
....................    return 'f'; // No se presiono ninguna tecla
024A:  MOVLW  66
024B:  MOVWF  78
.................... }
.................... 
.................... void maquina() {
....................    switch(estado_actual) {
*
018C:  MOVLW  00
018D:  BTFSC  20.0
018E:  MOVLW  01
018F:  XORLW  00
0190:  BTFSC  03.2
0191:  GOTO   196
0192:  XORLW  01
0193:  BTFSC  03.2
0194:  GOTO   253
0195:  GOTO   281
....................    
....................          case ESPERAR:
....................            result = getkey();       // leo teclado
*
024C:  MOVF   78,W
024D:  MOVWF  21
....................             if(result != 'f') {             // si presionaron algo, no hay 0 en el teclado
024E:  MOVF   21,W
024F:  SUBLW  66
0250:  BTFSS  03.2
....................                estado_actual = MOSTRAR;
0251:  BSF    20.0
....................             }
....................          break;
0252:  GOTO   281
....................    
....................          case MOSTRAR:
....................             lcd_putc(result);  // mostrar tecla
0253:  MOVF   21,W
0254:  MOVWF  2E
....................             estado_actual = ESPERAR;     // volver a esperar
*
0280:  BCF    20.0
....................          break;
.................... 
....................    }
0281:  MOVLP  00
0282:  GOTO   2AE (RETURN)
.................... }

Configuration Fuses:
   Word  1: 3F84   INTRC_IO NOWDT PUT NOMCLR NOPROTECT NOCPD BROWNOUT NOCLKOUT IESO FCMEN
   Word  2: 1EFF   NOWRT PLL_SW STVREN BORV19 NODEBUG NOLVP
