CCS PCM C Compiler, Version 5.093, 4770               12-nov.-25 20:00

               Filename:   C:\Users\MPF\Desktop\Git\Electr-nica-Digital-2\TP FINALL\TP_Final_Grupo11.lst

               ROM used:   929 words (23%)
                           Largest free fragment is 2048
               RAM used:   21 (5%) at main() level
                           41 (11%) worst case
               Stack used: 2 locations (1 in main + 1 for interrupts)
               Stack size: 16

0000:  MOVLP  00
0001:  GOTO   362
0002:  NOP
*
0004:  CLRF   03
0005:  MOVLP  00
0006:  MOVLB  00
0007:  MOVF   77,W
0008:  MOVWF  20
0009:  MOVF   78,W
000A:  MOVWF  21
000B:  MOVF   79,W
000C:  MOVWF  22
000D:  MOVF   7A,W
000E:  MOVWF  23
000F:  MOVLB  03
0010:  MOVF   11,W
0011:  MOVLB  00
0012:  MOVWF  24
0013:  MOVLB  03
0014:  MOVF   12,W
0015:  MOVLB  00
0016:  MOVWF  25
0017:  MOVLB  03
0018:  MOVF   13,W
0019:  MOVLB  00
001A:  MOVWF  26
001B:  MOVLB  03
001C:  MOVF   14,W
001D:  MOVLB  00
001E:  MOVWF  27
001F:  BTFSS  0B.5
0020:  GOTO   023
0021:  BTFSC  0B.2
0022:  GOTO   040
0023:  BTFSS  0B.3
0024:  GOTO   027
0025:  BTFSC  0B.0
0026:  GOTO   042
0027:  MOVF   20,W
0028:  MOVWF  77
0029:  MOVF   21,W
002A:  MOVWF  78
002B:  MOVF   22,W
002C:  MOVWF  79
002D:  MOVF   23,W
002E:  MOVWF  7A
002F:  MOVF   24,W
0030:  MOVLB  03
0031:  MOVWF  11
0032:  MOVLB  00
0033:  MOVF   25,W
0034:  MOVLB  03
0035:  MOVWF  12
0036:  MOVLB  00
0037:  MOVF   26,W
0038:  MOVLB  03
0039:  MOVWF  13
003A:  MOVLB  00
003B:  MOVF   27,W
003C:  MOVLB  03
003D:  MOVWF  14
003E:  RETFIE
003F:  MOVLB  00
0040:  MOVLP  00
0041:  GOTO   05A
0042:  MOVLP  00
0043:  GOTO   06F
.................... #include <TP_Final_Grupo11.h>
.................... #include <16F1827.h>
.................... //////////// Standard Header file for the PIC16F1827 device ////////////////
.................... ///////////////////////////////////////////////////////////////////////////
.................... ////        (C) Copyright 1996, 2014 Custom Computer Services          ////
.................... //// This source code may only be used by licensed users of the CCS C  ////
.................... //// compiler.  This source code may only be distributed to other      ////
.................... //// licensed users of the CCS C compiler.  No other use, reproduction ////
.................... //// or distribution is permitted without written permission.          ////
.................... //// Derivative programs created using this software in object code    ////
.................... //// form are not restricted in any way.                               ////
.................... ///////////////////////////////////////////////////////////////////////////
.................... #device PIC16F1827
0044:  BRW
0045:  RETLW  31
0046:  RETLW  32
0047:  RETLW  33
0048:  RETLW  34
0049:  RETLW  35
004A:  RETLW  36
004B:  RETLW  37
004C:  RETLW  38
004D:  RETLW  39
004E:  RETLW  2A
004F:  RETLW  30
0050:  RETLW  23
0051:  BRW
0052:  RETLW  68
0053:  RETLW  69
0054:  RETLW  6A
0055:  RETLW  6B
0056:  BRW
0057:  RETLW  6C
0058:  RETLW  6E
0059:  RETLW  6F
*
007C:  DATA C8,37
007D:  DATA EC,30
007E:  DATA A0,36
007F:  DATA 75,37
0080:  DATA E4,37
0081:  DATA 0D,05
0082:  DATA 00,00
*
00E1:  MOVF   0B,W
00E2:  BCF    0B.7
00E3:  MOVLB  03
00E4:  BSF    15.7
00E5:  BSF    15.0
00E6:  NOP
00E7:  NOP
00E8:  BTFSC  09.7
00E9:  BSF    0B.7
00EA:  MOVF   13,W
00EB:  ANDLW  7F
00EC:  BTFSC  03.2
00ED:  GOTO   129
00EE:  MOVLB  00
00EF:  MOVWF  31
00F0:  MOVLB  03
00F1:  MOVF   11,W
00F2:  MOVLB  00
00F3:  MOVWF  32
00F4:  MOVLB  03
00F5:  MOVF   12,W
00F6:  MOVLB  00
00F7:  MOVWF  33
00F8:  MOVF   31,W
00F9:  MOVWF  34
00FA:  CALL   0BB
00FB:  MOVF   32,W
00FC:  MOVLB  03
00FD:  MOVWF  11
00FE:  MOVLB  00
00FF:  MOVF   33,W
0100:  MOVLB  03
0101:  MOVWF  12
0102:  MOVF   0B,W
0103:  BCF    0B.7
0104:  BSF    15.7
0105:  BSF    15.0
0106:  NOP
0107:  NOP
0108:  BTFSC  09.7
0109:  BSF    0B.7
010A:  RLF    13,W
010B:  RLF    14,W
010C:  ANDLW  7F
010D:  BTFSC  03.2
010E:  GOTO   129
010F:  MOVLB  00
0110:  MOVWF  31
0111:  MOVLB  03
0112:  MOVF   11,W
0113:  MOVLB  00
0114:  MOVWF  32
0115:  MOVLB  03
0116:  MOVF   12,W
0117:  MOVLB  00
0118:  MOVWF  33
0119:  MOVF   31,W
011A:  MOVWF  34
011B:  CALL   0BB
011C:  MOVF   32,W
011D:  MOVLB  03
011E:  MOVWF  11
011F:  MOVLB  00
0120:  MOVF   33,W
0121:  MOVLB  03
0122:  MOVWF  12
0123:  INCF   11,F
0124:  BTFSC  03.2
0125:  INCF   12,F
0126:  MOVLB  00
0127:  GOTO   0E1
0128:  MOVLB  03
0129:  MOVLP  00
012A:  MOVLB  00
012B:  GOTO   385 (RETURN)
*
0143:  MOVF   34,W
0144:  ANDLW  07
0145:  MOVWF  77
0146:  RRF    34,W
0147:  MOVWF  78
0148:  RRF    78,F
0149:  RRF    78,F
014A:  MOVLW  1F
014B:  ANDWF  78,F
014C:  MOVF   78,W
014D:  ADDWF  36,W
014E:  MOVWF  04
014F:  MOVLW  00
0150:  ADDWFC 37,W
0151:  MOVWF  05
0152:  CLRF   78
0153:  INCF   78,F
0154:  INCF   77,F
0155:  GOTO   157
0156:  RLF    78,F
0157:  DECFSZ 77,F
0158:  GOTO   156
0159:  MOVF   35,F
015A:  BTFSC  03.2
015B:  GOTO   15F
015C:  MOVF   78,W
015D:  IORWF  00,F
015E:  GOTO   162
015F:  COMF   78,F
0160:  MOVF   78,W
0161:  ANDWF  00,F
0162:  RETURN
0163:  MOVF   34,W
0164:  ANDLW  07
0165:  MOVWF  77
0166:  RRF    34,W
0167:  MOVWF  78
0168:  RRF    78,F
0169:  RRF    78,F
016A:  MOVLW  1F
016B:  ANDWF  78,F
016C:  MOVF   78,W
016D:  ADDWF  35,W
016E:  MOVWF  04
016F:  MOVLW  00
0170:  ADDWFC 36,W
0171:  MOVWF  05
0172:  MOVF   00,W
0173:  MOVWF  78
0174:  INCF   77,F
0175:  GOTO   177
0176:  RRF    78,F
0177:  DECFSZ 77,F
0178:  GOTO   176
0179:  MOVLW  01
017A:  ANDWF  78,F
017B:  RETURN
*
01D1:  CLRF   77
01D2:  CLRF   78
01D3:  MOVF   33,W
01D4:  BCF    03.0
01D5:  BTFSC  34.0
01D6:  ADDWF  77,F
01D7:  RRF    77,F
01D8:  RRF    78,F
01D9:  BTFSC  34.1
01DA:  ADDWF  77,F
01DB:  RRF    77,F
01DC:  RRF    78,F
01DD:  BTFSC  34.2
01DE:  ADDWF  77,F
01DF:  RRF    77,F
01E0:  RRF    78,F
01E1:  BTFSC  34.3
01E2:  ADDWF  77,F
01E3:  RRF    77,F
01E4:  RRF    78,F
01E5:  BTFSC  34.4
01E6:  ADDWF  77,F
01E7:  RRF    77,F
01E8:  RRF    78,F
01E9:  BTFSC  34.5
01EA:  ADDWF  77,F
01EB:  RRF    77,F
01EC:  RRF    78,F
01ED:  BTFSC  34.6
01EE:  ADDWF  77,F
01EF:  RRF    77,F
01F0:  RRF    78,F
01F1:  BTFSC  34.7
01F2:  ADDWF  77,F
01F3:  RRF    77,F
01F4:  RRF    78,F
.................... 
.................... #list
.................... 
.................... #device ADC=10
.................... #use delay(internal=4MHz)
.................... 
.................... 
.................... 
.................... #use delay(clock = 4000000)
*
012C:  MOVLW  20
012D:  MOVWF  05
012E:  MOVLW  11
012F:  MOVWF  04
0130:  MOVF   00,W
0131:  BTFSC  03.2
0132:  GOTO   141
0133:  MOVLW  01
0134:  MOVWF  78
0135:  CLRF   77
0136:  DECFSZ 77,F
0137:  GOTO   136
0138:  DECFSZ 78,F
0139:  GOTO   135
013A:  MOVLW  4A
013B:  MOVWF  77
013C:  DECFSZ 77,F
013D:  GOTO   13C
013E:  GOTO   13F
013F:  DECFSZ 00,F
0140:  GOTO   133
0141:  MOVLP  00
0142:  GOTO   38A (RETURN)
.................... #use RS232(BAUD = 9600, XMIT = PIN_B5, BITS = 8, PARITY = N, STOP = 1)
*
00BB:  MOVLB  01
00BC:  BCF    0D.5
00BD:  MOVLB  02
00BE:  BCF    0D.5
00BF:  MOVLW  08
00C0:  MOVWF  78
00C1:  GOTO   0C2
00C2:  NOP
00C3:  BSF    78.7
00C4:  GOTO   0D5
00C5:  BCF    78.7
00C6:  MOVLB  00
00C7:  RRF    34,F
00C8:  MOVLB  02
00C9:  BTFSC  03.0
00CA:  BSF    0D.5
00CB:  BTFSS  03.0
00CC:  BCF    0D.5
00CD:  BSF    78.6
00CE:  GOTO   0D5
00CF:  BCF    78.6
00D0:  DECFSZ 78,F
00D1:  GOTO   0C6
00D2:  GOTO   0D3
00D3:  NOP
00D4:  BSF    0D.5
00D5:  MOVLW  1B
00D6:  MOVWF  04
00D7:  DECFSZ 04,F
00D8:  GOTO   0D7
00D9:  GOTO   0DA
00DA:  NOP
00DB:  BTFSC  78.7
00DC:  GOTO   0C5
00DD:  BTFSC  78.6
00DE:  GOTO   0CF
00DF:  MOVLB  00
00E0:  RETURN
.................... 
.................... #fuses INTRC_IO   // Oscilador interno con pines RA6 y RA7 como GPIO
.................... #fuses NOMCLR     // Desactivo el MCLR
.................... #fuses NOWDT      // Desactivo el watchdog
.................... 
.................... /*****************************************************************************
....................  * Funciones de Inicializacion
....................  ****************************************************************************/
....................  
.................... void Init_GPIO(void);
.................... void Init_Keypad(void);
.................... void InitTimer0(void);
.................... 
.................... /*****************************************************************************
.................... * Variables globales
.................... ****************************************************************************/
.................... 
.................... /* DEBOUNCE */
.................... int flag_debounce = 0;
.................... 
.................... /* TECLADO */
.................... const char keymap[4][3] = {
....................   {'1','2','3'},
....................   {'4','5','6'},
....................   {'7','8','9'},
....................   {'*','0','#'}
.................... };
.................... 
.................... char tecla = ' ';
.................... 
.................... /* TIMER 0 */
.................... int contador_ms_1 = 0;
.................... int contador_ms_2 = 0;
.................... 
.................... int flag_segundo = 0;
.................... int flag_segundo2 = 0;
.................... 
.................... /*****************************************************************************
.................... * Funciones
.................... ****************************************************************************/
.................... 
.................... char getKey(void);
.................... void decharabin(void);
.................... 
.................... /*****************************************************************************
.................... * Interrupciones
.................... ****************************************************************************/
.................... #INT_TIMER0 // ACA ESCRIBO QUÉ DEBO HACER EN CADA INTERRUPCIÓN
.................... void Timer0_ISR() {
....................   
....................   set_timer0(61);
*
005A:  MOVLW  3D
005B:  MOVWF  15
....................  
....................   if(contador_ms_1 >= 3) { //Pasaron 150ms
005C:  MOVF   2A,W
005D:  SUBLW  02
005E:  BTFSC  03.0
005F:  GOTO   063
....................        contador_ms_1 = 0;
0060:  CLRF   2A
....................        flag_segundo = 1; // aviso que ya pasó el tiempo deseado
0061:  MOVLW  01
0062:  MOVWF  2C
....................    }
....................    
....................    if(contador_ms_2 >= 20) { //Pasaron 1s
0063:  MOVF   2B,W
0064:  SUBLW  13
0065:  BTFSC  03.0
0066:  GOTO   06A
....................        contador_ms_2 = 0;
0067:  CLRF   2B
....................        flag_segundo2 = 1; // aviso que ya pasó el tiempo deseado
0068:  MOVLW  01
0069:  MOVWF  2D
....................    }
....................    
....................    contador_ms_1++;
006A:  INCF   2A,F
....................    contador_ms_2++;
006B:  INCF   2B,F
....................    
.................... }
.................... 
006C:  BCF    0B.2
006D:  MOVLP  00
006E:  GOTO   027
.................... #INT_IOC
.................... void IOC_ISR(){
....................    if(flag_segundo == 1) { // Hubo variación de estado en los pines y pasó el tiempo de espera
006F:  DECFSZ 2C,W
0070:  GOTO   074
....................          flag_debounce = 1;
0071:  MOVLW  01
0072:  MOVWF  28
....................          flag_segundo = 0;
0073:  CLRF   2C
....................    }
0074:  MOVLW  FF
0075:  MOVLB  07
0076:  XORWF  16,W
0077:  ANDWF  16,F
0078:  BCF    0B.0
0079:  MOVLP  00
007A:  MOVLB  00
007B:  GOTO   027
.................... }
.................... 
.................... 
.................... void main()
*
0362:  MOVLW  6A
0363:  MOVLB  01
0364:  MOVWF  19
0365:  BCF    0D.5
0366:  MOVLB  02
0367:  BSF    0D.5
0368:  MOVLB  00
0369:  CLRF   28
036A:  MOVLW  20
036B:  MOVWF  29
036C:  CLRF   2A
036D:  CLRF   2B
036E:  CLRF   2C
036F:  CLRF   2D
0370:  CLRF   2F
0371:  CLRF   2E
0372:  MOVLB  03
0373:  CLRF   0C
0374:  CLRF   0D
0375:  MOVLB  02
0376:  CLRF   12
0377:  CLRF   11
0378:  CLRF   14
0379:  CLRF   13
.................... {
....................    Init_Keypad();
037A:  MOVLB  00
037B:  GOTO   083
....................    InitTimer0();
037C:  GOTO   09E
....................    Init_GPIO();
037D:  GOTO   0A9
....................    
....................    while(TRUE)
....................    {
....................     printf("Hola mundo\r\n");
037E:  MOVLW  7C
037F:  MOVLB  03
0380:  MOVWF  11
0381:  MOVLW  00
0382:  MOVWF  12
0383:  MOVLB  00
0384:  GOTO   0E1
....................       delay_ms(500);
0385:  MOVLW  02
0386:  MOVWF  30
0387:  MOVLW  FA
0388:  MOVWF  31
0389:  GOTO   12C
038A:  DECFSZ 30,F
038B:  GOTO   387
....................    tecla = getKey();
038C:  GOTO   17C
038D:  MOVF   78,W
038E:  MOVWF  29
....................    
....................    if(tecla != 'f') {   
038F:  MOVF   29,W
0390:  SUBLW  66
0391:  BTFSC  03.2
0392:  GOTO   3A0
....................          if(flag_segundo2 == 1) {
0393:  DECFSZ 2D,W
0394:  GOTO   39F
....................             printf("<%c>", tecla);
0395:  MOVLW  3C
0396:  MOVWF  34
0397:  CALL   0BB
0398:  MOVF   29,W
0399:  MOVWF  34
039A:  CALL   0BB
039B:  MOVLW  3E
039C:  MOVWF  34
039D:  CALL   0BB
....................             flag_segundo2 = 0;
039E:  CLRF   2D
....................          }
....................          
....................          decharabin();
039F:  GOTO   216
....................          
....................       } 
03A0:  GOTO   37E
....................    }
.................... }
.................... 
03A1:  SLEEP
.................... /*****************************************************************************
.................... * Funciones
.................... ****************************************************************************/
.................... char getKey(void){
*
017C:  MOVLW  66
017D:  MOVWF  32
.................... 
....................    const unsigned char pines_filas[4] = {PIN_B0, PIN_B1, PIN_B2, PIN_B3};
....................    const unsigned char pines_col[3] = {PIN_B4, PIN_B6, PIN_B7};
....................    int f, c;
....................    char result = 'f';
....................    
....................    for(f = 0; f < 4; f++) {
017E:  CLRF   30
017F:  MOVF   30,W
0180:  SUBLW  03
0181:  BTFSS  03.0
0182:  GOTO   212
....................       // Poner todas las filas en HIGH
....................       output_high(PIN_B0);
0183:  MOVLB  01
0184:  BCF    0D.0
0185:  MOVLB  02
0186:  BSF    0D.0
....................       output_high(PIN_B1);
0187:  MOVLB  01
0188:  BCF    0D.1
0189:  MOVLB  02
018A:  BSF    0D.1
....................       output_high(PIN_B2);
018B:  MOVLB  01
018C:  BCF    0D.2
018D:  MOVLB  02
018E:  BSF    0D.2
....................       output_high(PIN_B3);
018F:  MOVLB  01
0190:  BCF    0D.3
0191:  MOVLB  02
0192:  BSF    0D.3
.................... 
....................       // Activar la fila r (tirarla a LOW)
....................       output_low(pines_filas[f]);
0193:  MOVLB  00
0194:  MOVF   30,W
0195:  CALL   051
0196:  MOVWF  33
0197:  MOVWF  34
0198:  CLRF   35
0199:  MOVLW  01
019A:  MOVWF  37
019B:  CLRF   36
019C:  CALL   143
019D:  MOVF   33,W
019E:  MOVWF  34
019F:  CLRF   35
01A0:  CLRF   37
01A1:  MOVLW  80
01A2:  MOVWF  36
01A3:  CALL   143
.................... 
....................       // Leemos columnas
....................       for(c = 0; c < 3; c++) {
01A4:  CLRF   31
01A5:  MOVF   31,W
01A6:  SUBLW  02
01A7:  BTFSS  03.0
01A8:  GOTO   210
....................          
....................          if(!input(pines_col[c])) { // columna detectada en 0 --> tecla presionada
01A9:  MOVF   31,W
01AA:  CALL   056
01AB:  MOVWF  33
01AC:  MOVWF  34
01AD:  MOVLW  01
01AE:  MOVWF  35
01AF:  CLRF   37
01B0:  MOVLW  80
01B1:  MOVWF  36
01B2:  CALL   143
01B3:  MOVF   33,W
01B4:  MOVWF  34
01B5:  CLRF   36
01B6:  CLRF   35
01B7:  CALL   163
01B8:  BTFSC  78.0
01B9:  GOTO   20E
....................             
....................             if( (input(pines_col[c]) == 0) && (flag_debounce == 1) ) { // sigue presionada
01BA:  MOVF   31,W
01BB:  CALL   056
01BC:  MOVWF  33
01BD:  MOVWF  34
01BE:  MOVLW  01
01BF:  MOVWF  35
01C0:  CLRF   37
01C1:  MOVLW  80
01C2:  MOVWF  36
01C3:  CALL   143
01C4:  MOVF   33,W
01C5:  MOVWF  34
01C6:  CLRF   36
01C7:  CLRF   35
01C8:  CALL   163
01C9:  BTFSC  78.0
01CA:  GOTO   20E
01CB:  DECFSZ 28,W
01CC:  GOTO   20E
....................                
....................                result = keymap[f][c];
01CD:  MOVF   30,W
01CE:  MOVWF  33
01CF:  MOVLW  03
01D0:  MOVWF  34
*
01F5:  MOVF   31,W
01F6:  ADDWF  78,W
01F7:  CALL   044
01F8:  MOVWF  78
01F9:  MOVWF  32
....................                flag_debounce = 0;
01FA:  CLRF   28
....................                output_high(pines_filas[f]);
01FB:  MOVF   30,W
01FC:  CALL   051
01FD:  MOVWF  33
01FE:  MOVWF  34
01FF:  MOVLW  01
0200:  MOVWF  35
0201:  MOVWF  37
0202:  CLRF   36
0203:  CALL   143
0204:  MOVF   33,W
0205:  MOVWF  34
0206:  CLRF   35
0207:  CLRF   37
0208:  MOVLW  80
0209:  MOVWF  36
020A:  CALL   143
....................                return result;
020B:  MOVF   32,W
020C:  MOVWF  78
020D:  GOTO   214
....................             }
....................          }
020E:  INCF   31,F
020F:  GOTO   1A5
....................       }
0210:  INCF   30,F
0211:  GOTO   17F
....................    }
....................    return 'f'; // No se presiono ninguna tecla
0212:  MOVLW  66
0213:  MOVWF  78
0214:  MOVLP  00
0215:  GOTO   38D (RETURN)
.................... }
.................... 
.................... void decharabin(){//funcion que cambia de char a binario
....................  
....................    if(tecla == '0'){
0216:  MOVF   29,W
0217:  SUBLW  30
0218:  BTFSS  03.2
0219:  GOTO   237
....................       output_low(PIN_A6); // LE
021A:  MOVLB  01
021B:  BCF    0C.6
021C:  MOVLB  02
021D:  BCF    0C.6
....................       output_high(PIN_A7); // BI = BL (?)
021E:  MOVLB  01
021F:  BCF    0C.7
0220:  MOVLB  02
0221:  BSF    0C.7
....................       output_high(PIN_A4); // LT = PH (?)
0222:  MOVLB  01
0223:  BCF    0C.4
0224:  MOVLB  02
0225:  BSF    0C.4
....................       output_low(PIN_A3); // D
0226:  MOVLB  01
0227:  BCF    0C.3
0228:  MOVLB  02
0229:  BCF    0C.3
....................       output_low(PIN_A2); // C
022A:  MOVLB  01
022B:  BCF    0C.2
022C:  MOVLB  02
022D:  BCF    0C.2
....................       output_low(PIN_A1); // B
022E:  MOVLB  01
022F:  BCF    0C.1
0230:  MOVLB  02
0231:  BCF    0C.1
....................       output_low(PIN_A0); // A
0232:  MOVLB  01
0233:  BCF    0C.0
0234:  MOVLB  02
0235:  BCF    0C.0
0236:  MOVLB  00
....................    }
....................    if (tecla == '1'){
0237:  MOVF   29,W
0238:  SUBLW  31
0239:  BTFSS  03.2
023A:  GOTO   258
....................       output_low(PIN_A6); // LE
023B:  MOVLB  01
023C:  BCF    0C.6
023D:  MOVLB  02
023E:  BCF    0C.6
....................       output_high(PIN_A7); // BI = BL (?)
023F:  MOVLB  01
0240:  BCF    0C.7
0241:  MOVLB  02
0242:  BSF    0C.7
....................       output_high(PIN_A4); // LT = PH (?)
0243:  MOVLB  01
0244:  BCF    0C.4
0245:  MOVLB  02
0246:  BSF    0C.4
....................       output_low(PIN_A3); // D
0247:  MOVLB  01
0248:  BCF    0C.3
0249:  MOVLB  02
024A:  BCF    0C.3
....................       output_low(PIN_A2); // C
024B:  MOVLB  01
024C:  BCF    0C.2
024D:  MOVLB  02
024E:  BCF    0C.2
....................       output_low(PIN_A1); // B
024F:  MOVLB  01
0250:  BCF    0C.1
0251:  MOVLB  02
0252:  BCF    0C.1
....................       output_high(PIN_A0); // A
0253:  MOVLB  01
0254:  BCF    0C.0
0255:  MOVLB  02
0256:  BSF    0C.0
0257:  MOVLB  00
....................    }
....................    if (tecla == '2') {
0258:  MOVF   29,W
0259:  SUBLW  32
025A:  BTFSS  03.2
025B:  GOTO   279
....................       output_low(PIN_A6); // LE
025C:  MOVLB  01
025D:  BCF    0C.6
025E:  MOVLB  02
025F:  BCF    0C.6
....................       output_high(PIN_A7); // BI = BL (?)
0260:  MOVLB  01
0261:  BCF    0C.7
0262:  MOVLB  02
0263:  BSF    0C.7
....................       output_high(PIN_A4); // LT = PH (?)
0264:  MOVLB  01
0265:  BCF    0C.4
0266:  MOVLB  02
0267:  BSF    0C.4
....................       output_low(PIN_A3); // D
0268:  MOVLB  01
0269:  BCF    0C.3
026A:  MOVLB  02
026B:  BCF    0C.3
....................       output_low(PIN_A2); // C
026C:  MOVLB  01
026D:  BCF    0C.2
026E:  MOVLB  02
026F:  BCF    0C.2
....................       output_high(PIN_A1); // B
0270:  MOVLB  01
0271:  BCF    0C.1
0272:  MOVLB  02
0273:  BSF    0C.1
....................       output_low(PIN_A0); // A
0274:  MOVLB  01
0275:  BCF    0C.0
0276:  MOVLB  02
0277:  BCF    0C.0
0278:  MOVLB  00
....................    }
....................       
....................    if (tecla == '3') {
0279:  MOVF   29,W
027A:  SUBLW  33
027B:  BTFSS  03.2
027C:  GOTO   29A
....................       output_low(PIN_A6); // LE
027D:  MOVLB  01
027E:  BCF    0C.6
027F:  MOVLB  02
0280:  BCF    0C.6
....................       output_high(PIN_A7); // BI = BL (?)
0281:  MOVLB  01
0282:  BCF    0C.7
0283:  MOVLB  02
0284:  BSF    0C.7
....................       output_high(PIN_A4); // LT = PH (?)
0285:  MOVLB  01
0286:  BCF    0C.4
0287:  MOVLB  02
0288:  BSF    0C.4
....................       output_low(PIN_A3); // D
0289:  MOVLB  01
028A:  BCF    0C.3
028B:  MOVLB  02
028C:  BCF    0C.3
....................       output_low(PIN_A2); // C
028D:  MOVLB  01
028E:  BCF    0C.2
028F:  MOVLB  02
0290:  BCF    0C.2
....................       output_high(PIN_A1); // B
0291:  MOVLB  01
0292:  BCF    0C.1
0293:  MOVLB  02
0294:  BSF    0C.1
....................       output_high(PIN_A0); // A
0295:  MOVLB  01
0296:  BCF    0C.0
0297:  MOVLB  02
0298:  BSF    0C.0
0299:  MOVLB  00
....................    }
....................    if (tecla == '4'){
029A:  MOVF   29,W
029B:  SUBLW  34
029C:  BTFSS  03.2
029D:  GOTO   2BB
....................       output_low(PIN_A6); // LE
029E:  MOVLB  01
029F:  BCF    0C.6
02A0:  MOVLB  02
02A1:  BCF    0C.6
....................       output_high(PIN_A7); // BI = BL (?)
02A2:  MOVLB  01
02A3:  BCF    0C.7
02A4:  MOVLB  02
02A5:  BSF    0C.7
....................       output_high(PIN_A4); // LT = PH (?)
02A6:  MOVLB  01
02A7:  BCF    0C.4
02A8:  MOVLB  02
02A9:  BSF    0C.4
....................       output_low(PIN_A3); // D
02AA:  MOVLB  01
02AB:  BCF    0C.3
02AC:  MOVLB  02
02AD:  BCF    0C.3
....................       output_high(PIN_A2); // C
02AE:  MOVLB  01
02AF:  BCF    0C.2
02B0:  MOVLB  02
02B1:  BSF    0C.2
....................       output_low(PIN_A1); // B
02B2:  MOVLB  01
02B3:  BCF    0C.1
02B4:  MOVLB  02
02B5:  BCF    0C.1
....................       output_low(PIN_A0); // A
02B6:  MOVLB  01
02B7:  BCF    0C.0
02B8:  MOVLB  02
02B9:  BCF    0C.0
02BA:  MOVLB  00
....................       }
....................       
....................    if (tecla == '5'){
02BB:  MOVF   29,W
02BC:  SUBLW  35
02BD:  BTFSS  03.2
02BE:  GOTO   2DC
....................       output_low(PIN_A6); // LE
02BF:  MOVLB  01
02C0:  BCF    0C.6
02C1:  MOVLB  02
02C2:  BCF    0C.6
....................       output_high(PIN_A7); // BI = BL (?)
02C3:  MOVLB  01
02C4:  BCF    0C.7
02C5:  MOVLB  02
02C6:  BSF    0C.7
....................       output_high(PIN_A4); // LT = PH (?)
02C7:  MOVLB  01
02C8:  BCF    0C.4
02C9:  MOVLB  02
02CA:  BSF    0C.4
....................       output_low(PIN_A3); // D
02CB:  MOVLB  01
02CC:  BCF    0C.3
02CD:  MOVLB  02
02CE:  BCF    0C.3
....................       output_high(PIN_A2); // C
02CF:  MOVLB  01
02D0:  BCF    0C.2
02D1:  MOVLB  02
02D2:  BSF    0C.2
....................       output_low(PIN_A1); // B
02D3:  MOVLB  01
02D4:  BCF    0C.1
02D5:  MOVLB  02
02D6:  BCF    0C.1
....................       output_high(PIN_A0); // A
02D7:  MOVLB  01
02D8:  BCF    0C.0
02D9:  MOVLB  02
02DA:  BSF    0C.0
02DB:  MOVLB  00
....................    }
....................       
....................    if (tecla == '6') {
02DC:  MOVF   29,W
02DD:  SUBLW  36
02DE:  BTFSS  03.2
02DF:  GOTO   2FD
....................       output_low(PIN_A6); // LE
02E0:  MOVLB  01
02E1:  BCF    0C.6
02E2:  MOVLB  02
02E3:  BCF    0C.6
....................       output_high(PIN_A7); // BI = BL (?)
02E4:  MOVLB  01
02E5:  BCF    0C.7
02E6:  MOVLB  02
02E7:  BSF    0C.7
....................       output_high(PIN_A4); // LT = PH (?)
02E8:  MOVLB  01
02E9:  BCF    0C.4
02EA:  MOVLB  02
02EB:  BSF    0C.4
....................       output_low(PIN_A3); // D
02EC:  MOVLB  01
02ED:  BCF    0C.3
02EE:  MOVLB  02
02EF:  BCF    0C.3
....................       output_high(PIN_A2); // C
02F0:  MOVLB  01
02F1:  BCF    0C.2
02F2:  MOVLB  02
02F3:  BSF    0C.2
....................       output_high(PIN_A1); // B
02F4:  MOVLB  01
02F5:  BCF    0C.1
02F6:  MOVLB  02
02F7:  BSF    0C.1
....................       output_low(PIN_A0); // A
02F8:  MOVLB  01
02F9:  BCF    0C.0
02FA:  MOVLB  02
02FB:  BCF    0C.0
02FC:  MOVLB  00
....................       }
....................       
....................    if (tecla == '7'){
02FD:  MOVF   29,W
02FE:  SUBLW  37
02FF:  BTFSS  03.2
0300:  GOTO   31E
....................       output_low(PIN_A6); // LE
0301:  MOVLB  01
0302:  BCF    0C.6
0303:  MOVLB  02
0304:  BCF    0C.6
....................       output_high(PIN_A7); // BI = BL (?)
0305:  MOVLB  01
0306:  BCF    0C.7
0307:  MOVLB  02
0308:  BSF    0C.7
....................       output_high(PIN_A4); // LT = PH (?)
0309:  MOVLB  01
030A:  BCF    0C.4
030B:  MOVLB  02
030C:  BSF    0C.4
....................       output_low(PIN_A3); // D
030D:  MOVLB  01
030E:  BCF    0C.3
030F:  MOVLB  02
0310:  BCF    0C.3
....................       output_high(PIN_A2); // C
0311:  MOVLB  01
0312:  BCF    0C.2
0313:  MOVLB  02
0314:  BSF    0C.2
....................       output_high(PIN_A1); // B
0315:  MOVLB  01
0316:  BCF    0C.1
0317:  MOVLB  02
0318:  BSF    0C.1
....................       output_high(PIN_A0); // A
0319:  MOVLB  01
031A:  BCF    0C.0
031B:  MOVLB  02
031C:  BSF    0C.0
031D:  MOVLB  00
....................    }
....................       
....................    if (tecla == '8'){
031E:  MOVF   29,W
031F:  SUBLW  38
0320:  BTFSS  03.2
0321:  GOTO   33F
....................       output_low(PIN_A6); // LE
0322:  MOVLB  01
0323:  BCF    0C.6
0324:  MOVLB  02
0325:  BCF    0C.6
....................       output_high(PIN_A7); // BI = BL (?)
0326:  MOVLB  01
0327:  BCF    0C.7
0328:  MOVLB  02
0329:  BSF    0C.7
....................       output_high(PIN_A4); // LT = PH (?)
032A:  MOVLB  01
032B:  BCF    0C.4
032C:  MOVLB  02
032D:  BSF    0C.4
....................       output_high(PIN_A3); // D
032E:  MOVLB  01
032F:  BCF    0C.3
0330:  MOVLB  02
0331:  BSF    0C.3
....................       output_low(PIN_A2); // C
0332:  MOVLB  01
0333:  BCF    0C.2
0334:  MOVLB  02
0335:  BCF    0C.2
....................       output_low(PIN_A1); // B
0336:  MOVLB  01
0337:  BCF    0C.1
0338:  MOVLB  02
0339:  BCF    0C.1
....................       output_low(PIN_A0); // A
033A:  MOVLB  01
033B:  BCF    0C.0
033C:  MOVLB  02
033D:  BCF    0C.0
033E:  MOVLB  00
....................    }
....................       
....................    if (tecla == '9'){
033F:  MOVF   29,W
0340:  SUBLW  39
0341:  BTFSS  03.2
0342:  GOTO   360
....................        output_low(PIN_A6); // LE
0343:  MOVLB  01
0344:  BCF    0C.6
0345:  MOVLB  02
0346:  BCF    0C.6
....................       output_high(PIN_A7); // BI = BL (?)
0347:  MOVLB  01
0348:  BCF    0C.7
0349:  MOVLB  02
034A:  BSF    0C.7
....................       output_high(PIN_A4); // LT = PH (?)
034B:  MOVLB  01
034C:  BCF    0C.4
034D:  MOVLB  02
034E:  BSF    0C.4
....................       output_high(PIN_A3); // D
034F:  MOVLB  01
0350:  BCF    0C.3
0351:  MOVLB  02
0352:  BSF    0C.3
....................       output_low(PIN_A2); // C
0353:  MOVLB  01
0354:  BCF    0C.2
0355:  MOVLB  02
0356:  BCF    0C.2
....................       output_low(PIN_A1); // B
0357:  MOVLB  01
0358:  BCF    0C.1
0359:  MOVLB  02
035A:  BCF    0C.1
....................       output_high(PIN_A0); // A
035B:  MOVLB  01
035C:  BCF    0C.0
035D:  MOVLB  02
035E:  BSF    0C.0
035F:  MOVLB  00
....................    }
0360:  MOVLP  00
0361:  GOTO   3A0 (RETURN)
.................... 
.................... }
.................... 
.................... /*****************************************************************************
....................  * Funciones de Inicializacion
....................  ****************************************************************************/
.................... void Init_GPIO(void){ 
....................    
....................    set_tris_a(0b00000000);
*
00A9:  MOVLW  00
00AA:  MOVLB  01
00AB:  MOVWF  0C
....................    set_tris_b(0b11010000); // RB0, RB1, RB2 y RB3 filas del teclado, entrada
00AC:  MOVLW  D0
00AD:  MOVWF  0D
....................                            // RB4, RB6, RB7 columnas, salidas
....................    output_low(PIN_B5);  // inicializa el pin
00AE:  BCF    0D.5
00AF:  MOVLB  02
00B0:  BCF    0D.5
....................    enable_interrupts(INT_IOC);
00B1:  BSF    0B.3
00B2:  MOVLW  FF
00B3:  MOVLB  07
00B4:  IORWF  14,F
00B5:  IORWF  15,F
....................    enable_interrupts(GLOBAL);   
00B6:  MOVLW  C0
00B7:  IORWF  0B,F
00B8:  MOVLP  00
00B9:  MOVLB  00
00BA:  GOTO   37E (RETURN)
.................... }
.................... 
.................... void Init_Keypad(void){
....................    
....................    setup_adc_ports(NO_ANALOGS); // desactiva funciones analógicas en los pines si aplica
*
0083:  MOVLB  01
0084:  BCF    1E.0
0085:  BCF    1E.1
0086:  BCF    1E.2
0087:  MOVLW  00
0088:  MOVLB  03
0089:  MOVWF  0C
008A:  MOVWF  0D
.................... 
....................    // Se dejan las filas inicialmente en HIGH
....................    output_high(PIN_B0);
008B:  MOVLB  01
008C:  BCF    0D.0
008D:  MOVLB  02
008E:  BSF    0D.0
....................    output_high(PIN_B1);
008F:  MOVLB  01
0090:  BCF    0D.1
0091:  MOVLB  02
0092:  BSF    0D.1
....................    output_high(PIN_B2);
0093:  MOVLB  01
0094:  BCF    0D.2
0095:  MOVLB  02
0096:  BSF    0D.2
....................    output_high(PIN_B3);
0097:  MOVLB  01
0098:  BCF    0D.3
0099:  MOVLB  02
009A:  BSF    0D.3
009B:  MOVLP  00
009C:  MOVLB  00
009D:  GOTO   37C (RETURN)
.................... }
.................... 
.................... void InitTimer0(void) {
....................    setup_timer_0(RTCC_INTERNAL | RTCC_DIV_256);
009E:  MOVLB  01
009F:  MOVF   15,W
00A0:  ANDLW  C0
00A1:  IORLW  07
00A2:  MOVWF  15
....................    set_timer0(61);
00A3:  MOVLW  3D
00A4:  MOVLB  00
00A5:  MOVWF  15
....................    
....................    enable_interrupts(INT_TIMER0);
00A6:  BSF    0B.5
00A7:  MOVLP  00
00A8:  GOTO   37D (RETURN)
.................... }

Configuration Fuses:
   Word  1: 3F84   INTRC_IO NOWDT PUT NOMCLR NOPROTECT NOCPD BROWNOUT NOCLKOUT IESO FCMEN
   Word  2: 1EFF   NOWRT PLL_SW STVREN BORV19 NODEBUG NOLVP
