CCS PCM C Compiler, Version 5.093, 4770               04-nov.-25 14:08

               Filename:   C:\Users\MPF\Desktop\Git\Electr-nica-Digital-2\Guia 2\Ejercicio5.lst

               ROM used:   870 words (21%)
                           Largest free fragment is 2048
               RAM used:   23 (6%) at main() level
                           49 (13%) worst case
               Stack used: 6 locations (5 in main + 1 for interrupts)
               Stack size: 16

0000:  MOVLP  00
0001:  GOTO   348
0002:  NOP
*
0004:  CLRF   03
0005:  MOVLP  00
0006:  MOVLB  00
0007:  MOVF   77,W
0008:  MOVWF  20
0009:  MOVF   78,W
000A:  MOVWF  21
000B:  MOVF   79,W
000C:  MOVWF  22
000D:  MOVF   7A,W
000E:  MOVWF  23
000F:  MOVLB  03
0010:  MOVF   11,W
0011:  MOVLB  00
0012:  MOVWF  24
0013:  MOVLB  03
0014:  MOVF   12,W
0015:  MOVLB  00
0016:  MOVWF  25
0017:  MOVLB  03
0018:  MOVF   13,W
0019:  MOVLB  00
001A:  MOVWF  26
001B:  MOVLB  03
001C:  MOVF   14,W
001D:  MOVLB  00
001E:  MOVWF  27
001F:  BTFSS  0B.5
0020:  GOTO   023
0021:  BTFSC  0B.2
0022:  GOTO   03C
0023:  MOVF   20,W
0024:  MOVWF  77
0025:  MOVF   21,W
0026:  MOVWF  78
0027:  MOVF   22,W
0028:  MOVWF  79
0029:  MOVF   23,W
002A:  MOVWF  7A
002B:  MOVF   24,W
002C:  MOVLB  03
002D:  MOVWF  11
002E:  MOVLB  00
002F:  MOVF   25,W
0030:  MOVLB  03
0031:  MOVWF  12
0032:  MOVLB  00
0033:  MOVF   26,W
0034:  MOVLB  03
0035:  MOVWF  13
0036:  MOVLB  00
0037:  MOVF   27,W
0038:  MOVLB  03
0039:  MOVWF  14
003A:  RETFIE
003B:  MOVLB  00
003C:  MOVLP  00
003D:  GOTO   04F
.................... #include <Ejercicio5.h>
.................... #include <16F1827.h>
.................... //////////// Standard Header file for the PIC16F1827 device ////////////////
.................... ///////////////////////////////////////////////////////////////////////////
.................... ////        (C) Copyright 1996, 2014 Custom Computer Services          ////
.................... //// This source code may only be used by licensed users of the CCS C  ////
.................... //// compiler.  This source code may only be distributed to other      ////
.................... //// licensed users of the CCS C compiler.  No other use, reproduction ////
.................... //// or distribution is permitted without written permission.          ////
.................... //// Derivative programs created using this software in object code    ////
.................... //// form are not restricted in any way.                               ////
.................... ///////////////////////////////////////////////////////////////////////////
.................... #device PIC16F1827
003E:  BRW
003F:  RETLW  31
0040:  RETLW  32
0041:  RETLW  33
0042:  RETLW  34
0043:  RETLW  35
0044:  RETLW  36
0045:  RETLW  37
0046:  RETLW  38
0047:  RETLW  39
0048:  RETLW  2A
0049:  RETLW  30
004A:  RETLW  23
004B:  BRW
004C:  RETLW  32
004D:  RETLW  35
004E:  RETLW  33
*
0066:  DATA 0C,10
0067:  DATA 49,37
0068:  DATA 67,39
0069:  DATA E5,39
006A:  DATA 65,10
006B:  DATA 43,36
006C:  DATA 61,3B
006D:  DATA 65,1D
006E:  DATA 00,00
006F:  DATA 8C,21
0070:  DATA 6F,39
0071:  DATA F2,32
0072:  DATA 63,3A
0073:  DATA 61,00
0074:  DATA 8C,24
0075:  DATA EE,31
0076:  DATA 6F,39
0077:  DATA F2,32
0078:  DATA 63,3A
0079:  DATA 61,00
*
0221:  MOVF   0B,W
0222:  BCF    0B.7
0223:  MOVLB  03
0224:  BSF    15.7
0225:  BSF    15.0
0226:  NOP
0227:  NOP
0228:  BTFSC  09.7
0229:  BSF    0B.7
022A:  MOVF   13,W
022B:  ANDLW  7F
022C:  BTFSC  03.2
022D:  GOTO   269
022E:  MOVLB  00
022F:  MOVWF  34
0230:  MOVLB  03
0231:  MOVF   11,W
0232:  MOVLB  00
0233:  MOVWF  35
0234:  MOVLB  03
0235:  MOVF   12,W
0236:  MOVLB  00
0237:  MOVWF  36
0238:  MOVF   34,W
0239:  MOVWF  37
023A:  CALL   1F5
023B:  MOVF   35,W
023C:  MOVLB  03
023D:  MOVWF  11
023E:  MOVLB  00
023F:  MOVF   36,W
0240:  MOVLB  03
0241:  MOVWF  12
0242:  MOVF   0B,W
0243:  BCF    0B.7
0244:  BSF    15.7
0245:  BSF    15.0
0246:  NOP
0247:  NOP
0248:  BTFSC  09.7
0249:  BSF    0B.7
024A:  RLF    13,W
024B:  RLF    14,W
024C:  ANDLW  7F
024D:  BTFSC  03.2
024E:  GOTO   269
024F:  MOVLB  00
0250:  MOVWF  34
0251:  MOVLB  03
0252:  MOVF   11,W
0253:  MOVLB  00
0254:  MOVWF  35
0255:  MOVLB  03
0256:  MOVF   12,W
0257:  MOVLB  00
0258:  MOVWF  36
0259:  MOVF   34,W
025A:  MOVWF  37
025B:  CALL   1F5
025C:  MOVF   35,W
025D:  MOVLB  03
025E:  MOVWF  11
025F:  MOVLB  00
0260:  MOVF   36,W
0261:  MOVLB  03
0262:  MOVWF  12
0263:  INCF   11,F
0264:  BTFSC  03.2
0265:  INCF   12,F
0266:  MOVLB  00
0267:  GOTO   221
0268:  MOVLB  03
0269:  MOVLB  00
026A:  RETURN
*
02D9:  CLRF   77
02DA:  CLRF   78
02DB:  MOVF   35,W
02DC:  BCF    03.0
02DD:  BTFSC  36.0
02DE:  ADDWF  77,F
02DF:  RRF    77,F
02E0:  RRF    78,F
02E1:  BTFSC  36.1
02E2:  ADDWF  77,F
02E3:  RRF    77,F
02E4:  RRF    78,F
02E5:  BTFSC  36.2
02E6:  ADDWF  77,F
02E7:  RRF    77,F
02E8:  RRF    78,F
02E9:  BTFSC  36.3
02EA:  ADDWF  77,F
02EB:  RRF    77,F
02EC:  RRF    78,F
02ED:  BTFSC  36.4
02EE:  ADDWF  77,F
02EF:  RRF    77,F
02F0:  RRF    78,F
02F1:  BTFSC  36.5
02F2:  ADDWF  77,F
02F3:  RRF    77,F
02F4:  RRF    78,F
02F5:  BTFSC  36.6
02F6:  ADDWF  77,F
02F7:  RRF    77,F
02F8:  RRF    78,F
02F9:  BTFSC  36.7
02FA:  ADDWF  77,F
02FB:  RRF    77,F
02FC:  RRF    78,F
.................... 
.................... #list
.................... 
.................... #device ADC=10
.................... #use delay(internal=4MHz)
*
00AE:  MOVLW  20
00AF:  MOVWF  05
00B0:  MOVLW  18
00B1:  MOVWF  04
00B2:  MOVF   00,W
00B3:  BTFSC  03.2
00B4:  GOTO   0C3
00B5:  MOVLW  01
00B6:  MOVWF  78
00B7:  CLRF   77
00B8:  DECFSZ 77,F
00B9:  GOTO   0B8
00BA:  DECFSZ 78,F
00BB:  GOTO   0B7
00BC:  MOVLW  4A
00BD:  MOVWF  77
00BE:  DECFSZ 77,F
00BF:  GOTO   0BE
00C0:  GOTO   0C1
00C1:  DECFSZ 00,F
00C2:  GOTO   0B5
00C3:  RETURN
.................... 
.................... 
.................... 
.................... #fuses INTRC_IO   // Oscilador interno con pines RA6 y RA7 como GPIO
.................... #fuses NOMCLR     // Desactivo el MCLR
.................... #fuses NOWDT      // Desactivo el watchdog
.................... 
.................... 
.................... /*****************************************************************************
....................  * LCD
....................  ****************************************************************************/
.................... 
.................... #define LCD_ENABLE_PIN  PIN_A1
.................... #define LCD_RS_PIN      PIN_A2
.................... #define LCD_RW_PIN      PIN_A3 // CONECTADO A GND SI NO LO USAMOS
.................... #define LCD_DATA4       PIN_A4
.................... #define LCD_DATA5       PIN_A0
.................... #define LCD_DATA6       PIN_A6
.................... #define LCD_DATA7       PIN_A7
.................... 
.................... #include <lcd.c>
.................... ///////////////////////////////////////////////////////////////////////////////
.................... ////                             LCD.C                                     ////
.................... ////                 Driver for common LCD modules                         ////
.................... ////                                                                       ////
.................... ////  lcd_init()   Must be called before any other function.               ////
.................... ////                                                                       ////
.................... ////  lcd_putc(c)  Will display c on the next position of the LCD.         ////
.................... ////                 \a  Set cursor position to upper left                 ////
.................... ////                 \f  Clear display, set cursor to upper left           ////
.................... ////                 \n  Go to start of second line                        ////
.................... ////                 \b  Move back one position                            ////
.................... ////              If LCD_EXTENDED_NEWLINE is defined, the \n character     ////
.................... ////              will erase all remanining characters on the current      ////
.................... ////              line, and move the cursor to the beginning of the next   ////
.................... ////              line.                                                    ////
.................... ////              If LCD_EXTENDED_NEWLINE is defined, the \r character     ////
.................... ////              will move the cursor to the start of the current         ////
.................... ////              line.                                                    ////
.................... ////                                                                       ////
.................... ////  lcd_gotoxy(x,y) Set write position on LCD (upper left is 1,1)        ////
.................... ////                                                                       ////
.................... ////  lcd_getc(x,y)   Returns character at position x,y on LCD             ////
.................... ////                                                                       ////
.................... ////  lcd_cursor_on(int1 on)   Turn the cursor on (on=TRUE) or off         ////
.................... ////              (on=FALSE).                                              ////
.................... ////                                                                       ////
.................... ////  lcd_set_cgram_char(w, *p)   Write a custom character to the CGRAM.   ////
.................... ////                                                                       ////
.................... ////                                                                       ////
.................... ////  CONFIGURATION                                                        ////
.................... ////  The LCD can be configured in one of two ways: a.) port access or     ////
.................... ////  b.) pin access.  Port access requires the entire 7 bit interface     ////
.................... ////  connected to one GPIO port, and the data bits (D4:D7 of the LCD)     ////
.................... ////  connected to sequential pins on the GPIO.  Pin access                ////
.................... ////  has no requirements, all 7 bits of the control interface can         ////
.................... ////  can be connected to any GPIO using several ports.                    ////
.................... ////                                                                       ////
.................... ////  To use port access, #define LCD_DATA_PORT to the SFR location of     ////
.................... ////  of the GPIO port that holds the interface, -AND- edit LCD_PIN_MAP    ////
.................... ////  of this file to configure the pin order.  If you are using a         ////
.................... ////  baseline PIC (PCB), then LCD_OUTPUT_MAP and LCD_INPUT_MAP also must  ////
.................... ////  be defined.                                                          ////
.................... ////                                                                       ////
.................... ////  Example of port access:                                              ////
.................... ////     #define LCD_DATA_PORT getenv("SFR:PORTD")                         ////
.................... ////                                                                       ////
.................... ////  To use pin access, the following pins must be defined:               ////
.................... ////     LCD_ENABLE_PIN                                                    ////
.................... ////     LCD_RS_PIN                                                        ////
.................... ////     LCD_RW_PIN                                                        ////
.................... ////     LCD_DATA4                                                         ////
.................... ////     LCD_DATA5                                                         ////
.................... ////     LCD_DATA6                                                         ////
.................... ////     LCD_DATA7                                                         ////
.................... ////                                                                       ////
.................... ////  Example of pin access:                                               ////
.................... ////     #define LCD_ENABLE_PIN  PIN_E0                                    ////
.................... ////     #define LCD_RS_PIN      PIN_E1                                    ////
.................... ////     #define LCD_RW_PIN      PIN_E2                                    ////
.................... ////     #define LCD_DATA4       PIN_D4                                    ////
.................... ////     #define LCD_DATA5       PIN_D5                                    ////
.................... ////     #define LCD_DATA6       PIN_D6                                    ////
.................... ////     #define LCD_DATA7       PIN_D7                                    ////
.................... ////                                                                       ////
.................... ///////////////////////////////////////////////////////////////////////////////
.................... ////        (C) Copyright 1996,2010 Custom Computer Services           ////
.................... //// This source code may only be used by licensed users of the CCS C  ////
.................... //// compiler.  This source code may only be distributed to other      ////
.................... //// licensed users of the CCS C compiler.  No other use, reproduction ////
.................... //// or distribution is permitted without written permission.          ////
.................... //// Derivative programs created using this software in object code    ////
.................... //// form are not restricted in any way.                               ////
.................... ///////////////////////////////////////////////////////////////////////////
.................... 
.................... #ifndef __LCD_C__
.................... #define __LCD_C__
.................... 
.................... // define the pinout.
.................... // only required if port access is being used.
.................... typedef struct  
.................... {                            // This structure is overlayed
....................    int1 enable;           // on to an I/O port to gain
....................    int1 rs;               // access to the LCD pins.
....................    int1 rw;               // The bits are allocated from
....................    int1 unused;           // low order up.  ENABLE will
....................    unsigned int     data : 4;         // be LSB pin of that port.
....................   #if defined(__PCD__)       // The port used will be LCD_DATA_PORT.
....................    unsigned int    reserved: 8;
....................   #endif
.................... } LCD_PIN_MAP;
.................... 
.................... // this is to improve compatability with previous LCD drivers that accepted
.................... // a define labeled 'use_portb_lcd' that configured the LCD onto port B.
.................... #if ((defined(use_portb_lcd)) && (use_portb_lcd==TRUE))
....................  #define LCD_DATA_PORT getenv("SFR:PORTB")
.................... #endif
.................... 
.................... #if defined(__PCB__)
....................    // these definitions only need to be modified for baseline PICs.
....................    // all other PICs use LCD_PIN_MAP or individual LCD_xxx pin definitions.
.................... /*                                    EN, RS,   RW,   UNUSED,  DATA  */
....................  const LCD_PIN_MAP LCD_OUTPUT_MAP =  {0,  0,    0,    0,       0};
....................  const LCD_PIN_MAP LCD_INPUT_MAP =   {0,  0,    0,    0,       0xF};
.................... #endif
.................... 
.................... ////////////////////// END CONFIGURATION ///////////////////////////////////
.................... 
.................... #ifndef LCD_ENABLE_PIN
....................    #define lcd_output_enable(x) lcdlat.enable=x
....................    #define lcd_enable_tris()   lcdtris.enable=0
.................... #else
....................    #define lcd_output_enable(x) output_bit(LCD_ENABLE_PIN, x)
....................    #define lcd_enable_tris()  output_drive(LCD_ENABLE_PIN)
.................... #endif
.................... 
.................... #ifndef LCD_RS_PIN
....................    #define lcd_output_rs(x) lcdlat.rs=x
....................    #define lcd_rs_tris()   lcdtris.rs=0
.................... #else
....................    #define lcd_output_rs(x) output_bit(LCD_RS_PIN, x)
....................    #define lcd_rs_tris()  output_drive(LCD_RS_PIN)
.................... #endif
.................... 
.................... #ifndef LCD_RW_PIN
....................    #define lcd_output_rw(x) lcdlat.rw=x
....................    #define lcd_rw_tris()   lcdtris.rw=0
.................... #else
....................    #define lcd_output_rw(x) output_bit(LCD_RW_PIN, x)
....................    #define lcd_rw_tris()  output_drive(LCD_RW_PIN)
.................... #endif
.................... 
.................... // original version of this library incorrectly labeled LCD_DATA0 as LCD_DATA4,
.................... // LCD_DATA1 as LCD_DATA5, and so on.  this block of code makes the driver
.................... // compatible with any code written for the original library
.................... #if (defined(LCD_DATA0) && defined(LCD_DATA1) && defined(LCD_DATA2) && defined(LCD_DATA3) && !defined(LCD_DATA4) && !defined(LCD_DATA5) && !defined(LCD_DATA6) && !defined(LCD_DATA7))
....................    #define  LCD_DATA4    LCD_DATA0
....................    #define  LCD_DATA5    LCD_DATA1
....................    #define  LCD_DATA6    LCD_DATA2
....................    #define  LCD_DATA7    LCD_DATA3
.................... #endif
.................... 
.................... #ifndef LCD_DATA4
.................... #ifndef LCD_DATA_PORT
....................    #if defined(__PCB__)
....................       #define LCD_DATA_PORT      0x06     //portb
....................       #define set_tris_lcd(x)   set_tris_b(x)
....................    #else
....................      #if defined(PIN_D0)
....................       #define LCD_DATA_PORT      getenv("SFR:PORTD")     //portd
....................      #else
....................       #define LCD_DATA_PORT      getenv("SFR:PORTB")     //portb
....................      #endif
....................    #endif   
.................... #endif
.................... 
.................... #if defined(__PCB__)
....................    LCD_PIN_MAP lcd, lcdlat;
....................    #byte lcd = LCD_DATA_PORT
....................    #byte lcdlat = LCD_DATA_PORT
.................... #elif defined(__PCM__)
....................    LCD_PIN_MAP lcd, lcdlat, lcdtris;
....................    #byte lcd = LCD_DATA_PORT
....................    #byte lcdlat = LCD_DATA_PORT
....................    #byte lcdtris = LCD_DATA_PORT+0x80
.................... #elif defined(__PCH__)
....................    LCD_PIN_MAP lcd, lcdlat, lcdtris;
....................    #byte lcd = LCD_DATA_PORT
....................    #byte lcdlat = LCD_DATA_PORT+9
....................    #byte lcdtris = LCD_DATA_PORT+0x12
.................... #elif defined(__PCD__)
....................    LCD_PIN_MAP lcd, lcdlat, lcdtris;
....................    #word lcd = LCD_DATA_PORT
....................    #word lcdlat = LCD_DATA_PORT+2
....................    #word lcdtris = LCD_DATA_PORT-0x02
.................... #endif
.................... #endif   //LCD_DATA4 not defined
.................... 
.................... #ifndef LCD_TYPE
....................    #define LCD_TYPE 2           // 0=5x7, 1=5x10, 2=2 lines
.................... #endif
.................... 
.................... #ifndef LCD_LINE_TWO
....................    #define LCD_LINE_TWO 0x40    // LCD RAM address for the second line
.................... #endif
.................... 
.................... #ifndef LCD_LINE_LENGTH
....................    #define LCD_LINE_LENGTH 20
.................... #endif
.................... 
.................... unsigned int8 lcd_read_nibble(void);
.................... 
.................... unsigned int8 lcd_read_byte(void)
.................... {
....................    unsigned int8 low,high;
.................... 
....................  #if defined(__PCB__)
....................    set_tris_lcd(LCD_INPUT_MAP);
....................  #else
....................   #if (defined(LCD_DATA4) && defined(LCD_DATA5) && defined(LCD_DATA6) && defined(LCD_DATA7))
....................    output_float(LCD_DATA4);
*
0134:  BSF    0C.4
....................    output_float(LCD_DATA5);
0135:  BSF    0C.0
....................    output_float(LCD_DATA6);
0136:  BSF    0C.6
....................    output_float(LCD_DATA7);
0137:  BSF    0C.7
....................   #else
....................    lcdtris.data = 0xF;
....................   #endif
....................  #endif
....................         
....................    lcd_output_rw(1);
0138:  MOVLB  02
0139:  BSF    0C.3
013A:  MOVLB  01
013B:  BCF    0C.3
....................    delay_cycles(1);
013C:  NOP
....................    lcd_output_enable(1);
013D:  MOVLB  02
013E:  BSF    0C.1
013F:  MOVLB  01
0140:  BCF    0C.1
....................    delay_cycles(1);
0141:  NOP
....................    high = lcd_read_nibble();
0142:  MOVLB  00
0143:  CALL   0FB
0144:  MOVF   78,W
0145:  MOVWF  3F
....................       
....................    lcd_output_enable(0);
0146:  MOVLB  02
0147:  BCF    0C.1
0148:  MOVLB  01
0149:  BCF    0C.1
....................    delay_cycles(1);
014A:  NOP
....................    lcd_output_enable(1);
014B:  MOVLB  02
014C:  BSF    0C.1
014D:  MOVLB  01
014E:  BCF    0C.1
....................    delay_us(1);
014F:  NOP
....................    low = lcd_read_nibble();
0150:  MOVLB  00
0151:  CALL   0FB
0152:  MOVF   78,W
0153:  MOVWF  3E
....................       
....................    lcd_output_enable(0);
0154:  MOVLB  02
0155:  BCF    0C.1
0156:  MOVLB  01
0157:  BCF    0C.1
.................... 
....................  #if defined(__PCB__)
....................    set_tris_lcd(LCD_OUTPUT_MAP);
....................  #else
....................   #if (defined(LCD_DATA4) && defined(LCD_DATA5) && defined(LCD_DATA6) && defined(LCD_DATA7))
....................    output_drive(LCD_DATA4);
0158:  BCF    0C.4
....................    output_drive(LCD_DATA5);
0159:  BCF    0C.0
....................    output_drive(LCD_DATA6);
015A:  BCF    0C.6
....................    output_drive(LCD_DATA7);
015B:  BCF    0C.7
....................   #else
....................    lcdtris.data = 0x0;
....................   #endif
....................  #endif
.................... 
....................    return( (high<<4) | low);
015C:  MOVLB  00
015D:  SWAPF  3F,W
015E:  MOVWF  77
015F:  MOVLW  F0
0160:  ANDWF  77,F
0161:  MOVF   77,W
0162:  IORWF  3E,W
0163:  MOVWF  78
.................... }
.................... 
.................... unsigned int8 lcd_read_nibble(void)
.................... {
....................   #if (defined(LCD_DATA4) && defined(LCD_DATA5) && defined(LCD_DATA6) && defined(LCD_DATA7))
*
00FB:  CLRF   40
....................    unsigned int8 n = 0x00;
.................... 
....................    /* Read the data port */
....................    n |= input(LCD_DATA4);
00FC:  MOVLB  01
00FD:  BSF    0C.4
00FE:  MOVLW  00
00FF:  MOVLB  00
0100:  BTFSC  0C.4
0101:  MOVLW  01
0102:  IORWF  40,F
....................    n |= input(LCD_DATA5) << 1;
0103:  MOVLB  01
0104:  BSF    0C.0
0105:  MOVLW  00
0106:  MOVLB  00
0107:  BTFSC  0C.0
0108:  MOVLW  01
0109:  MOVWF  77
010A:  BCF    03.0
010B:  RLF    77,F
010C:  MOVF   77,W
010D:  IORWF  40,F
....................    n |= input(LCD_DATA6) << 2;
010E:  MOVLB  01
010F:  BSF    0C.6
0110:  MOVLW  00
0111:  MOVLB  00
0112:  BTFSC  0C.6
0113:  MOVLW  01
0114:  MOVWF  77
0115:  RLF    77,F
0116:  RLF    77,F
0117:  MOVLW  FC
0118:  ANDWF  77,F
0119:  MOVF   77,W
011A:  IORWF  40,F
....................    n |= input(LCD_DATA7) << 3;
011B:  MOVLB  01
011C:  BSF    0C.7
011D:  MOVLW  00
011E:  MOVLB  00
011F:  BTFSC  0C.7
0120:  MOVLW  01
0121:  MOVWF  77
0122:  RLF    77,F
0123:  RLF    77,F
0124:  RLF    77,F
0125:  MOVLW  F8
0126:  ANDWF  77,F
0127:  MOVF   77,W
0128:  IORWF  40,F
....................    
....................    return(n);
0129:  MOVF   40,W
012A:  MOVWF  78
....................   #else
012B:  RETURN
....................    return(lcd.data);
....................   #endif
.................... }
.................... 
.................... void lcd_send_nibble(unsigned int8 n)
.................... {
....................   #if (defined(LCD_DATA4) && defined(LCD_DATA5) && defined(LCD_DATA6) && defined(LCD_DATA7))
....................    /* Write to the data port */
....................    output_bit(LCD_DATA4, bit_test(n, 0));
*
00C4:  BTFSC  3F.0
00C5:  GOTO   0CA
00C6:  MOVLB  02
00C7:  BCF    0C.4
00C8:  GOTO   0CC
00C9:  MOVLB  00
00CA:  MOVLB  02
00CB:  BSF    0C.4
00CC:  MOVLB  01
00CD:  BCF    0C.4
....................    output_bit(LCD_DATA5, bit_test(n, 1));
00CE:  MOVLB  00
00CF:  BTFSC  3F.1
00D0:  GOTO   0D5
00D1:  MOVLB  02
00D2:  BCF    0C.0
00D3:  GOTO   0D7
00D4:  MOVLB  00
00D5:  MOVLB  02
00D6:  BSF    0C.0
00D7:  MOVLB  01
00D8:  BCF    0C.0
....................    output_bit(LCD_DATA6, bit_test(n, 2));
00D9:  MOVLB  00
00DA:  BTFSC  3F.2
00DB:  GOTO   0E0
00DC:  MOVLB  02
00DD:  BCF    0C.6
00DE:  GOTO   0E2
00DF:  MOVLB  00
00E0:  MOVLB  02
00E1:  BSF    0C.6
00E2:  MOVLB  01
00E3:  BCF    0C.6
....................    output_bit(LCD_DATA7, bit_test(n, 3));
00E4:  MOVLB  00
00E5:  BTFSC  3F.3
00E6:  GOTO   0EB
00E7:  MOVLB  02
00E8:  BCF    0C.7
00E9:  GOTO   0ED
00EA:  MOVLB  00
00EB:  MOVLB  02
00EC:  BSF    0C.7
00ED:  MOVLB  01
00EE:  BCF    0C.7
....................   #else      
....................    lcdlat.data = n;
....................   #endif
....................       
....................    delay_cycles(1);
00EF:  NOP
....................    lcd_output_enable(1);
00F0:  MOVLB  02
00F1:  BSF    0C.1
00F2:  MOVLB  01
00F3:  BCF    0C.1
....................    delay_us(2);
00F4:  GOTO   0F5
....................    lcd_output_enable(0);
00F5:  MOVLB  02
00F6:  BCF    0C.1
00F7:  MOVLB  01
00F8:  BCF    0C.1
00F9:  MOVLB  00
00FA:  RETURN
.................... }
.................... 
.................... void lcd_send_byte(unsigned int8 address, unsigned int8 n)
.................... {
....................   #if defined(__PCB__)
....................    set_tris_lcd(LCD_OUTPUT_MAP);
....................   #else
....................    lcd_enable_tris();
*
012C:  MOVLB  01
012D:  BCF    0C.1
....................    lcd_rs_tris();
012E:  BCF    0C.2
....................    lcd_rw_tris();
012F:  BCF    0C.3
....................   #endif
.................... 
....................    lcd_output_rs(0);
0130:  MOVLB  02
0131:  BCF    0C.2
0132:  MOVLB  01
0133:  BCF    0C.2
....................    while ( bit_test(lcd_read_byte(),7) ) ;
*
0164:  MOVF   78,W
0165:  MOVWF  3E
0166:  BTFSS  3E.7
0167:  GOTO   16A
0168:  MOVLB  01
0169:  GOTO   134
....................    lcd_output_rs(address);
016A:  MOVF   3C,F
016B:  BTFSS  03.2
016C:  GOTO   171
016D:  MOVLB  02
016E:  BCF    0C.2
016F:  GOTO   173
0170:  MOVLB  00
0171:  MOVLB  02
0172:  BSF    0C.2
0173:  MOVLB  01
0174:  BCF    0C.2
....................    delay_cycles(1);
0175:  NOP
....................    lcd_output_rw(0);
0176:  MOVLB  02
0177:  BCF    0C.3
0178:  MOVLB  01
0179:  BCF    0C.3
....................    delay_cycles(1);
017A:  NOP
....................    lcd_output_enable(0);
017B:  MOVLB  02
017C:  BCF    0C.1
017D:  MOVLB  01
017E:  BCF    0C.1
....................    lcd_send_nibble(n >> 4);
017F:  MOVLB  00
0180:  SWAPF  3D,W
0181:  MOVWF  3E
0182:  MOVLW  0F
0183:  ANDWF  3E,F
0184:  MOVF   3E,W
0185:  MOVWF  3F
0186:  CALL   0C4
....................    lcd_send_nibble(n & 0xf);
0187:  MOVF   3D,W
0188:  ANDLW  0F
0189:  MOVWF  3E
018A:  MOVWF  3F
018B:  CALL   0C4
018C:  RETURN
.................... }
.................... 
.................... #if defined(LCD_EXTENDED_NEWLINE)
.................... unsigned int8 g_LcdX, g_LcdY;
.................... #endif
.................... 
.................... void lcd_init(void) 
.................... {
....................    unsigned int8 i;
....................    unsigned int8 LCD_INIT_STRING[4] = {0x20 | (LCD_TYPE << 2), 0xc, 1, 6};
018D:  MOVLW  28
018E:  MOVWF  34
018F:  MOVLW  0C
0190:  MOVWF  35
0191:  MOVLW  01
0192:  MOVWF  36
0193:  MOVLW  06
0194:  MOVWF  37
....................                              // These bytes need to be sent to the LCD
....................                              // to start it up.
....................    
.................... 
....................    lcd_output_enable(0);
0195:  MOVLB  02
0196:  BCF    0C.1
0197:  MOVLB  01
0198:  BCF    0C.1
....................    lcd_output_rs(0);
0199:  MOVLB  02
019A:  BCF    0C.2
019B:  MOVLB  01
019C:  BCF    0C.2
....................    lcd_output_rw(0);
019D:  MOVLB  02
019E:  BCF    0C.3
019F:  MOVLB  01
01A0:  BCF    0C.3
.................... 
....................  #if defined(__PCB__)
....................    set_tris_lcd(LCD_OUTPUT_MAP);
....................  #else
....................   #if (defined(LCD_DATA4) && defined(LCD_DATA5) && defined(LCD_DATA6) && defined(LCD_DATA7))
....................    output_drive(LCD_DATA4);
01A1:  BCF    0C.4
....................    output_drive(LCD_DATA5);
01A2:  BCF    0C.0
....................    output_drive(LCD_DATA6);
01A3:  BCF    0C.6
....................    output_drive(LCD_DATA7);
01A4:  BCF    0C.7
....................   #else
....................    lcdtris.data = 0x0;
....................   #endif
....................    lcd_enable_tris();
01A5:  BCF    0C.1
....................    lcd_rs_tris();
01A6:  BCF    0C.2
....................    lcd_rw_tris();
01A7:  BCF    0C.3
....................  #endif
....................     
....................    delay_ms(15);
01A8:  MOVLW  0F
01A9:  MOVLB  00
01AA:  MOVWF  38
01AB:  CALL   0AE
....................    for(i=1;i<=3;++i)
01AC:  MOVLW  01
01AD:  MOVWF  33
01AE:  MOVF   33,W
01AF:  SUBLW  03
01B0:  BTFSS  03.0
01B1:  GOTO   1BA
....................    {
....................        lcd_send_nibble(3);
01B2:  MOVLW  03
01B3:  MOVWF  3F
01B4:  CALL   0C4
....................        delay_ms(5);
01B5:  MOVLW  05
01B6:  MOVWF  38
01B7:  CALL   0AE
01B8:  INCF   33,F
01B9:  GOTO   1AE
....................    }
....................    
....................    lcd_send_nibble(2);
01BA:  MOVLW  02
01BB:  MOVWF  3F
01BC:  CALL   0C4
....................    delay_ms(5);
01BD:  MOVLW  05
01BE:  MOVWF  38
01BF:  CALL   0AE
....................    for(i=0;i<=3;++i)
01C0:  CLRF   33
01C1:  MOVF   33,W
01C2:  SUBLW  03
01C3:  BTFSS  03.0
01C4:  GOTO   1D4
....................       lcd_send_byte(0,LCD_INIT_STRING[i]);
01C5:  MOVLW  14
01C6:  ADDWF  33,W
01C7:  MOVWF  04
01C8:  MOVLW  20
01C9:  MOVWF  05
01CA:  BTFSC  03.0
01CB:  INCF   05,F
01CC:  MOVF   00,W
01CD:  MOVWF  38
01CE:  CLRF   3C
01CF:  MOVF   38,W
01D0:  MOVWF  3D
01D1:  CALL   12C
.................... 
....................   #if defined(LCD_EXTENDED_NEWLINE)
01D2:  INCF   33,F
01D3:  GOTO   1C1
01D4:  MOVLP  00
01D5:  GOTO   362 (RETURN)
....................    g_LcdX = 0;
....................    g_LcdY = 0;
....................   #endif
.................... }
.................... 
.................... void lcd_gotoxy(unsigned int8 x, unsigned int8 y)
.................... {
....................    unsigned int8 address;
....................    
....................    if(y!=1)
*
01E3:  DECFSZ 39,W
01E4:  GOTO   1E6
01E5:  GOTO   1E9
....................       address=LCD_LINE_TWO;
01E6:  MOVLW  40
01E7:  MOVWF  3A
01E8:  GOTO   1EA
....................    else
....................       address=0;
01E9:  CLRF   3A
....................      
....................    address+=x-1;
01EA:  MOVLW  01
01EB:  SUBWF  38,W
01EC:  ADDWF  3A,F
....................    lcd_send_byte(0,0x80|address);
01ED:  MOVF   3A,W
01EE:  IORLW  80
01EF:  MOVWF  3B
01F0:  CLRF   3C
01F1:  MOVF   3B,W
01F2:  MOVWF  3D
01F3:  CALL   12C
.................... 
....................   #if defined(LCD_EXTENDED_NEWLINE)
01F4:  RETURN
....................    g_LcdX = x - 1;
....................    g_LcdY = y - 1;
....................   #endif
.................... }
.................... 
.................... void lcd_putc(char c)
.................... {
....................    switch (c)
01F5:  MOVF   37,W
01F6:  XORLW  07
01F7:  BTFSC  03.2
01F8:  GOTO   203
01F9:  XORLW  0B
01FA:  BTFSC  03.2
01FB:  GOTO   208
01FC:  XORLW  06
01FD:  BTFSC  03.2
01FE:  GOTO   210
01FF:  XORLW  02
0200:  BTFSC  03.2
0201:  GOTO   216
0202:  GOTO   21B
....................    {
....................       case '\a'   :  lcd_gotoxy(1,1);     break;
0203:  MOVLW  01
0204:  MOVWF  38
0205:  MOVWF  39
0206:  CALL   1E3
0207:  GOTO   220
.................... 
....................       case '\f'   :  lcd_send_byte(0,1);
0208:  CLRF   3C
0209:  MOVLW  01
020A:  MOVWF  3D
020B:  CALL   12C
....................                      delay_ms(2);
020C:  MOVLW  02
020D:  MOVWF  38
020E:  CALL   0AE
....................                     #if defined(LCD_EXTENDED_NEWLINE)
....................                      g_LcdX = 0;
....................                      g_LcdY = 0;
....................                     #endif
....................                      break;
020F:  GOTO   220
.................... 
....................      #if defined(LCD_EXTENDED_NEWLINE)
....................       case '\r'   :  lcd_gotoxy(1, g_LcdY+1);   break;
....................       case '\n'   :
....................          while (g_LcdX++ < LCD_LINE_LENGTH)
....................          {
....................             lcd_send_byte(1, ' ');
....................          }
....................          lcd_gotoxy(1, g_LcdY+2);
....................          break;
....................      #else
....................       case '\n'   : lcd_gotoxy(1,2);        break;
0210:  MOVLW  01
0211:  MOVWF  38
0212:  MOVLW  02
0213:  MOVWF  39
0214:  CALL   1E3
0215:  GOTO   220
....................      #endif
....................      
....................       case '\b'   : lcd_send_byte(0,0x10);  break;
0216:  CLRF   3C
0217:  MOVLW  10
0218:  MOVWF  3D
0219:  CALL   12C
021A:  GOTO   220
....................      
....................      #if defined(LCD_EXTENDED_NEWLINE)
....................       default     : 
....................          if (g_LcdX < LCD_LINE_LENGTH)
....................          {
....................             lcd_send_byte(1, c);
....................             g_LcdX++;
....................          }
....................          break;
....................      #else
....................       default     : lcd_send_byte(1,c);     break;
021B:  MOVLW  01
021C:  MOVWF  3C
021D:  MOVF   37,W
021E:  MOVWF  3D
021F:  CALL   12C
....................      #endif
....................    }
0220:  RETURN
.................... }
....................  
.................... char lcd_getc(unsigned int8 x, unsigned int8 y)
.................... {
....................    char value;
.................... 
....................    lcd_gotoxy(x,y);
....................    while ( bit_test(lcd_read_byte(),7) ); // wait until busy flag is low
....................    lcd_output_rs(1);
....................    value = lcd_read_byte();
....................    lcd_output_rs(0);
....................    
....................    return(value);
.................... }
.................... 
.................... // write a custom character to the ram
.................... // which is 0-7 and specifies which character array we are modifying.
.................... // ptr points to an array of 8 bytes, where each byte is the next row of
.................... //    pixels.  only bits 0-4 are used.  the last row is the cursor row, and
.................... //    usually you will want to leave this byte 0x00.
.................... void lcd_set_cgram_char(unsigned int8 which, unsigned int8 *ptr)
.................... {
....................    unsigned int i;
.................... 
....................    which <<= 3;
....................    which &= 0x38;
.................... 
....................    lcd_send_byte(0, 0x40 | which);  //set cgram address
.................... 
....................    for(i=0; i<8; i++)
....................    {
....................       lcd_send_byte(1, *ptr++);
....................    }
....................   
....................    #if defined(LCD_EXTENDED_NEWLINE)
....................     lcd_gotoxy(g_LcdX+1, g_LcdY+1);  //set ddram address
....................    #endif
.................... }
.................... 
.................... void lcd_cursor_on(int1 on)
.................... {
....................    if (on)
....................    {
....................       lcd_send_byte(0,0x0F);           //turn LCD cursor ON
....................    }
....................    else
....................    {
....................       lcd_send_byte(0,0x0C);           //turn LCD cursor OFF
....................    }
.................... }
.................... 
.................... #endif
.................... 
.................... 
.................... #define use_portb_kbd TRUE //defino el portb como donde va el teclado
.................... #include <kbd.c>
.................... ///////////////////////////////////////////////////////////////////////////
.................... ////                             KBD.C                                 ////
.................... ////                  Generic keypad scan driver                       ////
.................... ////                                                                   ////
.................... ////  kbd_init()   Must be called before any other function.           ////
.................... ////                                                                   ////
.................... ////  c = kbd_getc()  Will return a key value if pressed or /0 if not  ////
.................... ////                   This function should be called frequently so as ////
.................... ////                   not to miss a key press.                        ////
.................... ////                                                                   ////
.................... ///////////////////////////////////////////////////////////////////////////
.................... ////        (C) Copyright 1996,2003 Custom Computer Services           ////
.................... //// This source code may only be used by licensed users of the CCS C  ////
.................... //// compiler.  This source code may only be distributed to other      ////
.................... //// licensed users of the CCS C compiler.  No other use, reproduction ////
.................... //// or distribution is permitted without written permission.          ////
.................... //// Derivative programs created using this software in object code    ////
.................... //// form are not restricted in any way.                               ////
.................... ///////////////////////////////////////////////////////////////////////////
.................... 
.................... ////////////////// The following defines the keypad layout on port D
.................... 
.................... // Un-comment the following define to use port B
.................... // #define use_portb_kbd TRUE
.................... 
.................... // Make sure the port used has pull-up resistors (or the LCD) on
.................... // the column pins
.................... 
.................... #if defined use_portb_kbd
....................    #byte kbd = getenv("SFR:PORTB")
.................... #else
....................    #byte kbd = getenv("SFR:PORTD")
.................... #endif
.................... 
.................... #if defined use_portb_kbd
....................    #define set_tris_kbd(x) set_tris_b(x)
.................... #else
....................    #define set_tris_kbd(x) set_tris_d(x)
.................... #endif
.................... 
.................... //Keypad connection:   (for example column 0 is B2)
.................... //                Bx:
.................... 
.................... #ifdef blue_keypad  ///////////////////////////////////// For the blue keypad
.................... #define COL0 (1 << 2)
.................... #define COL1 (1 << 3)
.................... #define COL2 (1 << 6)
.................... 
.................... #define ROW0 (1 << 4)
.................... #define ROW1 (1 << 7)
.................... #define ROW2 (1 << 1)
.................... #define ROW3 (1 << 5)
.................... 
.................... #else ////////////////////////////////////////////////// For the black keypad
.................... #define COL0 (1 << 5)
.................... #define COL1 (1 << 6)
.................... #define COL2 (1 << 7)
.................... 
.................... #define ROW0 (1 << 1)
.................... #define ROW1 (1 << 2)
.................... #define ROW2 (1 << 3)
.................... #define ROW3 (1 << 4)
.................... 
.................... #endif
.................... 
.................... #define ALL_ROWS (ROW0|ROW1|ROW2|ROW3)
.................... #define ALL_PINS (ALL_ROWS|COL0|COL1|COL2)
.................... 
.................... // Keypad layout:
.................... char const KEYS[4][3] = {{'1','2','3'},
....................                          {'4','5','6'},
....................                          {'7','8','9'},
....................                          {'*','0','#'}};
.................... 
.................... #define KBD_DEBOUNCE_FACTOR 33    // Set this number to apx n/333 where
....................                                   // n is the number of times you expect
....................                                   // to call kbd_getc each second
.................... 
.................... 
.................... void kbd_init() {
*
01D6:  MOVLP  00
01D7:  GOTO   363 (RETURN)
.................... }
.................... 
.................... char kbd_getc( ) {
....................    static BYTE kbd_call_count;
....................    static int1 kbd_down;
....................    static char last_key;
....................    static BYTE col;
.................... 
....................    BYTE kchar;
....................    BYTE row;
.................... 
....................    kchar='\0';
*
0289:  CLRF   33
....................    if(++kbd_call_count>KBD_DEBOUNCE_FACTOR) {
028A:  INCF   28,F
028B:  MOVF   28,W
028C:  SUBLW  21
028D:  BTFSC  03.0
028E:  GOTO   30A
....................        switch (col) {
028F:  MOVF   2B,W
0290:  BTFSC  03.2
0291:  GOTO   299
0292:  XORLW  01
0293:  BTFSC  03.2
0294:  GOTO   29F
0295:  XORLW  03
0296:  BTFSC  03.2
0297:  GOTO   2A5
0298:  GOTO   2AA
....................          case 0   : set_tris_kbd(ALL_PINS&~COL0);
0299:  MOVLW  DE
029A:  MOVLB  01
029B:  MOVWF  0D
....................                     kbd=~COL0&ALL_PINS;
029C:  MOVLB  00
029D:  MOVWF  0D
....................                     break;
029E:  GOTO   2AA
....................          case 1   : set_tris_kbd(ALL_PINS&~COL1);
029F:  MOVLW  BE
02A0:  MOVLB  01
02A1:  MOVWF  0D
....................                     kbd=~COL1&ALL_PINS;
02A2:  MOVLB  00
02A3:  MOVWF  0D
....................                     break;
02A4:  GOTO   2AA
....................          case 2   : set_tris_kbd(ALL_PINS&~COL2);
02A5:  MOVLW  7E
02A6:  MOVLB  01
02A7:  MOVWF  0D
....................                     kbd=~COL2&ALL_PINS;
02A8:  MOVLB  00
02A9:  MOVWF  0D
....................                     break;
....................        }
.................... 
....................        if(kbd_down) {
02AA:  BTFSS  29.0
02AB:  GOTO   2B6
....................          if((kbd & (ALL_ROWS))==(ALL_ROWS)) {
02AC:  MOVF   0D,W
02AD:  ANDLW  1E
02AE:  SUBLW  1E
02AF:  BTFSS  03.2
02B0:  GOTO   2B5
....................            kbd_down=FALSE;
02B1:  BCF    29.0
....................            kchar=last_key;
02B2:  MOVF   2A,W
02B3:  MOVWF  33
....................            last_key='\0';
02B4:  CLRF   2A
....................          }
....................        } else {
02B5:  GOTO   309
....................           if((kbd & (ALL_ROWS))!=(ALL_ROWS)) {
02B6:  MOVF   0D,W
02B7:  ANDLW  1E
02B8:  SUBLW  1E
02B9:  BTFSC  03.2
02BA:  GOTO   304
....................              if((kbd & ROW0)==0)
02BB:  MOVF   0D,W
02BC:  ANDLW  02
02BD:  BTFSS  03.2
02BE:  GOTO   2C1
....................                row=0;
02BF:  CLRF   34
02C0:  GOTO   2D5
....................              else if((kbd & ROW1)==0)
02C1:  MOVF   0D,W
02C2:  ANDLW  04
02C3:  BTFSS  03.2
02C4:  GOTO   2C8
....................                row=1;
02C5:  MOVLW  01
02C6:  MOVWF  34
02C7:  GOTO   2D5
....................              else if((kbd & ROW2)==0)
02C8:  MOVF   0D,W
02C9:  ANDLW  08
02CA:  BTFSS  03.2
02CB:  GOTO   2CF
....................                row=2;
02CC:  MOVLW  02
02CD:  MOVWF  34
02CE:  GOTO   2D5
....................              else if((kbd & ROW3)==0)
02CF:  MOVF   0D,W
02D0:  ANDLW  10
02D1:  BTFSS  03.2
02D2:  GOTO   2D5
....................                row=3;
02D3:  MOVLW  03
02D4:  MOVWF  34
....................              last_key =KEYS[row][col];
02D5:  MOVF   34,W
02D6:  MOVWF  35
02D7:  MOVLW  03
02D8:  MOVWF  36
*
02FD:  MOVF   2B,W
02FE:  ADDWF  78,W
02FF:  CALL   03E
0300:  MOVWF  78
0301:  MOVWF  2A
....................              kbd_down = TRUE;
0302:  BSF    29.0
....................           } else {
0303:  GOTO   309
....................              ++col;
0304:  INCF   2B,F
....................              if(col==3)
0305:  MOVF   2B,W
0306:  SUBLW  03
0307:  BTFSC  03.2
....................                col=0;
0308:  CLRF   2B
....................           }
....................        }
....................       kbd_call_count=0;
0309:  CLRF   28
....................    }
....................   set_tris_kbd(ALL_PINS);
030A:  MOVLW  FE
030B:  MOVLB  01
030C:  MOVWF  0D
....................   return(kchar);
030D:  MOVLB  00
030E:  MOVF   33,W
030F:  MOVWF  78
.................... }
.................... 
.................... 
.................... /*****************************************************************************
....................  * Funciones de Inicializacion de Perifericos
....................  ****************************************************************************/
....................  
.................... void Init_GPIO(void);
.................... void Init_ADC(void);
.................... void InitTimer0(void);
.................... 
.................... /*****************************************************************************
.................... * Estados
.................... ****************************************************************************/
.................... typedef enum {
....................     INICIO,            
....................     ESPERA_TECLA,      
....................     CLAVE_CORRECTA,   
....................     CLAVE_INCORRECTA   
.................... } eEstado;
.................... 
.................... eEstado estado_actual = INICIO;
.................... 
.................... /*****************************************************************************
.................... * Funciones
.................... ****************************************************************************/
.................... 
.................... void maquina(void);
.................... int comparadorcontra(void);
.................... 
.................... /*****************************************************************************
.................... * Variables globales
.................... ****************************************************************************/
.................... 
.................... int contador_ms = 0;
.................... int flag_tiempo_cumplido = 0; // Aviso de tiempo cumplido
.................... 
.................... char tecla;
.................... const char contra_real[3] = {'2','5','3'}; // contraseña 
.................... int cont_digitos = 0; 
.................... 
.................... /*****************************************************************************
.................... * Interrupciones
.................... ****************************************************************************/
.................... 
.................... #INT_TIMER0 // ACA ESCRIBO QUÉ DEBO HACER EN CADA INTERRUPCIÓN
.................... void Timer0_ISR() {
....................     set_timer0(61); // 50ms
*
004F:  MOVLW  3D
0050:  MOVWF  15
....................     contador_ms++;
0051:  INCF   2D,F
....................   
....................     if(estado_actual == CLAVE_CORRECTA || estado_actual == CLAVE_INCORRECTA) {
0052:  MOVF   2C,W
0053:  SUBLW  02
0054:  BTFSC  03.2
0055:  GOTO   05A
0056:  MOVF   2C,W
0057:  SUBLW  03
0058:  BTFSS  03.2
0059:  GOTO   062
....................         if(contador_ms >= 40) { // 40 * 50ms = 2 s
005A:  MOVF   2D,W
005B:  SUBLW  27
005C:  BTFSC  03.0
005D:  GOTO   061
....................             contador_ms = 0;
005E:  CLRF   2D
....................             flag_tiempo_cumplido = 1; 
005F:  MOVLW  01
0060:  MOVWF  2E
....................         }
....................     } else {
0061:  GOTO   063
....................         contador_ms = 0; 
0062:  CLRF   2D
....................     }
0063:  BCF    0B.2
0064:  MOVLP  00
0065:  GOTO   023
.................... }
.................... 
.................... /*****************************************************************************
.................... * Main
.................... ****************************************************************************/
.................... void main()
*
0348:  MOVLW  6A
0349:  MOVLB  01
034A:  MOVWF  19
034B:  MOVLB  00
034C:  CLRF   2C
034D:  CLRF   2D
034E:  CLRF   2E
034F:  CLRF   30
0350:  CLRF   32
0351:  CLRF   31
0352:  MOVLB  03
0353:  CLRF   0C
0354:  CLRF   0D
0355:  MOVLB  02
0356:  CLRF   12
0357:  CLRF   11
0358:  CLRF   14
0359:  CLRF   13
035A:  MOVLB  00
035B:  BCF    29.0
035C:  CLRF   28
035D:  BCF    29.0
035E:  CLRF   2A
035F:  CLRF   2B
.................... {
.................... 
....................    Init_GPIO();
0360:  GOTO   07A
....................    lcd_init(); //inicializo el led
0361:  GOTO   18D
....................    kbd_init();//inicializo el teclado
0362:  GOTO   1D6
....................    InitTimer0();
0363:  GOTO   1D8
....................    while(TRUE) {
....................       maquina();
0364:  GOTO   26B
0365:  GOTO   364
....................    }
.................... 
.................... }
.................... 
0366:  SLEEP
.................... void maquina(void) {
....................     
....................     switch(estado_actual) {
*
026B:  MOVF   2C,W
026C:  XORLW  00
026D:  BTFSC  03.2
026E:  GOTO   279
026F:  XORLW  01
0270:  BTFSC  03.2
0271:  GOTO   289
0272:  XORLW  03
0273:  BTFSC  03.2
0274:  GOTO   329
0275:  XORLW  01
0276:  BTFSC  03.2
0277:  GOTO   337
0278:  GOTO   345
....................         
....................         case INICIO:
....................             lcd_putc("\f Ingrese Clave:"); // \f limpia la pantalla
0279:  MOVLW  66
027A:  MOVLB  03
027B:  MOVWF  11
027C:  MOVLW  00
027D:  MOVWF  12
027E:  MOVLB  00
027F:  CALL   221
....................             lcd_gotoxy(1, 2);   
0280:  MOVLW  01
0281:  MOVWF  38
0282:  MOVLW  02
0283:  MOVWF  39
0284:  CALL   1E3
....................             cont_digitos = 0;     
0285:  CLRF   30
....................             estado_actual = ESPERA_TECLA;
0286:  MOVLW  01
0287:  MOVWF  2C
....................             break;
0288:  GOTO   346
.................... 
....................         case ESPERA_TECLA:
....................             tecla = kbd_getc();
*
0310:  MOVF   78,W
0311:  MOVWF  2F
....................             if (tecla != 0) { // ¡Solo hago algo si se presionó una tecla!
0312:  MOVF   2F,F
0313:  BTFSC  03.2
0314:  GOTO   328
....................                 lcd_putc('*'); //  mostrar un * para que el usuario vea que se presionó
0315:  MOVLW  2A
0316:  MOVWF  37
0317:  CALL   1F5
....................                 if (tecla == contra_real[cont_digitos]) {
0318:  MOVF   30,W
0319:  CALL   04B
031A:  MOVWF  78
031B:  SUBWF  2F,W
031C:  BTFSS  03.2
031D:  GOTO   326
....................                     // DÍGITO CORRECTO
....................                     cont_digitos++;
031E:  INCF   30,F
....................                     if (cont_digitos == 3) {
031F:  MOVF   30,W
0320:  SUBLW  03
0321:  BTFSS  03.2
0322:  GOTO   325
....................                         estado_actual = CLAVE_CORRECTA;
0323:  MOVLW  02
0324:  MOVWF  2C
....................                     }
....................                 } else {
0325:  GOTO   328
....................                     // DÍGITO INCORRECTO
....................                     // El usuario presionó una tecla, pero no era la que tocaba
....................                     estado_actual = CLAVE_INCORRECTA;
0326:  MOVLW  03
0327:  MOVWF  2C
....................                 }
....................             }
....................             // Si (tecla == 0), no hago nada y el switch-case termina,
....................             // volviendo a ejecutarse en el estado ESPERA_TECLA (¡correcto!)
....................             break;
0328:  GOTO   346
....................             
....................          case CLAVE_CORRECTA:
....................             lcd_putc("\fCorrecta");
0329:  MOVLW  6F
032A:  MOVLB  03
032B:  MOVWF  11
032C:  MOVLW  00
032D:  MOVWF  12
032E:  MOVLB  00
032F:  CALL   221
....................             flag_tiempo_cumplido = 0; // Reseteo el flag
0330:  CLRF   2E
....................             contador_ms = 0;          // Reseteo el contador de tiempo
0331:  CLRF   2D
....................             
....................             // 1. ESPERO a que se cumpla el tiempo
....................             while(flag_tiempo_cumplido == 0) {
0332:  MOVF   2E,F
0333:  BTFSC  03.2
0334:  GOTO   332
....................                 // No hago NADA aquí dentro, solo esperar.
....................                 // La ISR hará su trabajo.
....................             } 
....................             
....................             // 2. DESPUÉS de que terminó el while, CAMBIO de estado
....................             estado_actual = INICIO; // Vuelvo al inicio
0335:  CLRF   2C
....................             break;
0336:  GOTO   346
.................... 
....................         case CLAVE_INCORRECTA:
....................             lcd_putc("\fIncorrecta");
0337:  MOVLW  74
0338:  MOVLB  03
0339:  MOVWF  11
033A:  MOVLW  00
033B:  MOVWF  12
033C:  MOVLB  00
033D:  CALL   221
....................             flag_tiempo_cumplido = 0; // Reseteo el flag
033E:  CLRF   2E
....................             contador_ms = 0;          // Reseteo el contador de tiempo
033F:  CLRF   2D
....................             
....................             // 1. ESPERO...
....................             while(flag_tiempo_cumplido == 0) {
0340:  MOVF   2E,F
0341:  BTFSC  03.2
0342:  GOTO   340
....................                 // ...solo espero
....................             }
....................             
....................             // 2. DESPUÉS...
....................             estado_actual = INICIO; // ...cambio el estado
0343:  CLRF   2C
....................             break;
0344:  GOTO   346
....................             
....................         default:
....................             estado_actual = INICIO;
0345:  CLRF   2C
....................             break;
....................     }
0346:  MOVLP  00
0347:  GOTO   365 (RETURN)
.................... }
.................... 
.................... void InitTimer0(void) {
.................... 
....................     setup_timer_0(RTCC_INTERNAL|RTCC_DIV_256); // Configuro prescaler
*
01D8:  MOVLB  01
01D9:  MOVF   15,W
01DA:  ANDLW  C0
01DB:  IORLW  07
01DC:  MOVWF  15
....................     set_timer0(61);                  // Reinicio el timer --> Interrupciones cada 50ms
01DD:  MOVLW  3D
01DE:  MOVLB  00
01DF:  MOVWF  15
....................     enable_interrupts(INT_TIMER0);    // Activo Interrupcion timer0
01E0:  BSF    0B.5
01E1:  MOVLP  00
01E2:  GOTO   364 (RETURN)
....................     
.................... }
.................... 
.................... void Init_GPIO()
.................... {
....................    setup_adc_ports(NO_ANALOGS); 
*
007A:  MOVLB  01
007B:  BCF    1E.0
007C:  BCF    1E.1
007D:  BCF    1E.2
007E:  MOVLW  00
007F:  MOVLB  03
0080:  MOVWF  0C
0081:  MOVWF  0D
....................    setup_comparator(NC_NC_NC_NC);
0082:  MOVLB  02
0083:  CLRF   12
0084:  CLRF   11
0085:  CLRF   14
0086:  CLRF   13
....................    set_tris_a(0b00000000); // TODO PORTA como salida 
0087:  MOVLB  01
0088:  MOVWF  0C
.................... 
....................    output_low(PIN_A1);
0089:  BCF    0C.1
008A:  MOVLB  02
008B:  BCF    0C.1
....................    output_low(PIN_A2);
008C:  MOVLB  01
008D:  BCF    0C.2
008E:  MOVLB  02
008F:  BCF    0C.2
....................    output_low(PIN_A3);
0090:  MOVLB  01
0091:  BCF    0C.3
0092:  MOVLB  02
0093:  BCF    0C.3
....................    output_low(PIN_A4);
0094:  MOVLB  01
0095:  BCF    0C.4
0096:  MOVLB  02
0097:  BCF    0C.4
....................    output_low(PIN_A5);
0098:  MOVLB  01
0099:  BCF    0C.5
009A:  MOVLB  02
009B:  BCF    0C.5
....................    output_low(PIN_A6);
009C:  MOVLB  01
009D:  BCF    0C.6
009E:  MOVLB  02
009F:  BCF    0C.6
....................    output_low(PIN_A7);
00A0:  MOVLB  01
00A1:  BCF    0C.7
00A2:  MOVLB  02
00A3:  BCF    0C.7
....................    
....................    port_b_pullups(TRUE);
00A4:  MOVLW  01
00A5:  MOVLB  04
00A6:  MOVWF  0D
00A7:  MOVLB  01
00A8:  BCF    15.7
....................    enable_interrupts(GLOBAL);
00A9:  MOVLW  C0
00AA:  IORWF  0B,F
00AB:  MOVLP  00
00AC:  MOVLB  00
00AD:  GOTO   361 (RETURN)
.................... }

Configuration Fuses:
   Word  1: 3F84   INTRC_IO NOWDT PUT NOMCLR NOPROTECT NOCPD BROWNOUT NOCLKOUT IESO FCMEN
   Word  2: 1EFF   NOWRT PLL_SW STVREN BORV19 NODEBUG NOLVP
