CCS PCM C Compiler, Version 5.093, 4770               04-nov.-25 15:06

               Filename:   C:\Users\MPF\Desktop\Git\Electr-nica-Digital-2\Guia 2\Ejercicio5.lst

               ROM used:   872 words (21%)
                           Largest free fragment is 2048
               RAM used:   23 (6%) at main() level
                           49 (13%) worst case
               Stack used: 6 locations (5 in main + 1 for interrupts)
               Stack size: 16

0000:  MOVLP  00
0001:  GOTO   34A
0002:  NOP
*
0004:  CLRF   03
0005:  MOVLP  00
0006:  MOVLB  00
0007:  MOVF   77,W
0008:  MOVWF  20
0009:  MOVF   78,W
000A:  MOVWF  21
000B:  MOVF   79,W
000C:  MOVWF  22
000D:  MOVF   7A,W
000E:  MOVWF  23
000F:  MOVLB  03
0010:  MOVF   11,W
0011:  MOVLB  00
0012:  MOVWF  24
0013:  MOVLB  03
0014:  MOVF   12,W
0015:  MOVLB  00
0016:  MOVWF  25
0017:  MOVLB  03
0018:  MOVF   13,W
0019:  MOVLB  00
001A:  MOVWF  26
001B:  MOVLB  03
001C:  MOVF   14,W
001D:  MOVLB  00
001E:  MOVWF  27
001F:  BTFSS  0B.5
0020:  GOTO   023
0021:  BTFSC  0B.2
0022:  GOTO   03C
0023:  MOVF   20,W
0024:  MOVWF  77
0025:  MOVF   21,W
0026:  MOVWF  78
0027:  MOVF   22,W
0028:  MOVWF  79
0029:  MOVF   23,W
002A:  MOVWF  7A
002B:  MOVF   24,W
002C:  MOVLB  03
002D:  MOVWF  11
002E:  MOVLB  00
002F:  MOVF   25,W
0030:  MOVLB  03
0031:  MOVWF  12
0032:  MOVLB  00
0033:  MOVF   26,W
0034:  MOVLB  03
0035:  MOVWF  13
0036:  MOVLB  00
0037:  MOVF   27,W
0038:  MOVLB  03
0039:  MOVWF  14
003A:  RETFIE
003B:  MOVLB  00
003C:  MOVLP  00
003D:  GOTO   04F
.................... #include <Ejercicio5.h>
.................... #include <16F1827.h>
.................... //////////// Standard Header file for the PIC16F1827 device ////////////////
.................... ///////////////////////////////////////////////////////////////////////////
.................... ////        (C) Copyright 1996, 2014 Custom Computer Services          ////
.................... //// This source code may only be used by licensed users of the CCS C  ////
.................... //// compiler.  This source code may only be distributed to other      ////
.................... //// licensed users of the CCS C compiler.  No other use, reproduction ////
.................... //// or distribution is permitted without written permission.          ////
.................... //// Derivative programs created using this software in object code    ////
.................... //// form are not restricted in any way.                               ////
.................... ///////////////////////////////////////////////////////////////////////////
.................... #device PIC16F1827
003E:  BRW
003F:  RETLW  31
0040:  RETLW  32
0041:  RETLW  33
0042:  RETLW  34
0043:  RETLW  35
0044:  RETLW  36
0045:  RETLW  37
0046:  RETLW  38
0047:  RETLW  39
0048:  RETLW  2A
0049:  RETLW  30
004A:  RETLW  23
004B:  BRW
004C:  RETLW  32
004D:  RETLW  35
004E:  RETLW  33
*
0066:  DATA 0C,10
0067:  DATA 49,37
0068:  DATA 67,39
0069:  DATA E5,39
006A:  DATA 65,10
006B:  DATA 43,36
006C:  DATA 61,3B
006D:  DATA 65,1D
006E:  DATA 00,00
006F:  DATA 8C,21
0070:  DATA 6F,39
0071:  DATA F2,32
0072:  DATA 63,3A
0073:  DATA 61,00
0074:  DATA 8C,24
0075:  DATA EE,31
0076:  DATA 6F,39
0077:  DATA F2,32
0078:  DATA 63,3A
0079:  DATA 61,00
*
0223:  MOVF   0B,W
0224:  BCF    0B.7
0225:  MOVLB  03
0226:  BSF    15.7
0227:  BSF    15.0
0228:  NOP
0229:  NOP
022A:  BTFSC  09.7
022B:  BSF    0B.7
022C:  MOVF   13,W
022D:  ANDLW  7F
022E:  BTFSC  03.2
022F:  GOTO   26B
0230:  MOVLB  00
0231:  MOVWF  34
0232:  MOVLB  03
0233:  MOVF   11,W
0234:  MOVLB  00
0235:  MOVWF  35
0236:  MOVLB  03
0237:  MOVF   12,W
0238:  MOVLB  00
0239:  MOVWF  36
023A:  MOVF   34,W
023B:  MOVWF  37
023C:  CALL   1F7
023D:  MOVF   35,W
023E:  MOVLB  03
023F:  MOVWF  11
0240:  MOVLB  00
0241:  MOVF   36,W
0242:  MOVLB  03
0243:  MOVWF  12
0244:  MOVF   0B,W
0245:  BCF    0B.7
0246:  BSF    15.7
0247:  BSF    15.0
0248:  NOP
0249:  NOP
024A:  BTFSC  09.7
024B:  BSF    0B.7
024C:  RLF    13,W
024D:  RLF    14,W
024E:  ANDLW  7F
024F:  BTFSC  03.2
0250:  GOTO   26B
0251:  MOVLB  00
0252:  MOVWF  34
0253:  MOVLB  03
0254:  MOVF   11,W
0255:  MOVLB  00
0256:  MOVWF  35
0257:  MOVLB  03
0258:  MOVF   12,W
0259:  MOVLB  00
025A:  MOVWF  36
025B:  MOVF   34,W
025C:  MOVWF  37
025D:  CALL   1F7
025E:  MOVF   35,W
025F:  MOVLB  03
0260:  MOVWF  11
0261:  MOVLB  00
0262:  MOVF   36,W
0263:  MOVLB  03
0264:  MOVWF  12
0265:  INCF   11,F
0266:  BTFSC  03.2
0267:  INCF   12,F
0268:  MOVLB  00
0269:  GOTO   223
026A:  MOVLB  03
026B:  MOVLB  00
026C:  RETURN
*
02DB:  CLRF   77
02DC:  CLRF   78
02DD:  MOVF   35,W
02DE:  BCF    03.0
02DF:  BTFSC  36.0
02E0:  ADDWF  77,F
02E1:  RRF    77,F
02E2:  RRF    78,F
02E3:  BTFSC  36.1
02E4:  ADDWF  77,F
02E5:  RRF    77,F
02E6:  RRF    78,F
02E7:  BTFSC  36.2
02E8:  ADDWF  77,F
02E9:  RRF    77,F
02EA:  RRF    78,F
02EB:  BTFSC  36.3
02EC:  ADDWF  77,F
02ED:  RRF    77,F
02EE:  RRF    78,F
02EF:  BTFSC  36.4
02F0:  ADDWF  77,F
02F1:  RRF    77,F
02F2:  RRF    78,F
02F3:  BTFSC  36.5
02F4:  ADDWF  77,F
02F5:  RRF    77,F
02F6:  RRF    78,F
02F7:  BTFSC  36.6
02F8:  ADDWF  77,F
02F9:  RRF    77,F
02FA:  RRF    78,F
02FB:  BTFSC  36.7
02FC:  ADDWF  77,F
02FD:  RRF    77,F
02FE:  RRF    78,F
.................... 
.................... #list
.................... 
.................... #device ADC=10
.................... #use delay(internal=4MHz)
*
00B0:  MOVLW  20
00B1:  MOVWF  05
00B2:  MOVLW  18
00B3:  MOVWF  04
00B4:  MOVF   00,W
00B5:  BTFSC  03.2
00B6:  GOTO   0C5
00B7:  MOVLW  01
00B8:  MOVWF  78
00B9:  CLRF   77
00BA:  DECFSZ 77,F
00BB:  GOTO   0BA
00BC:  DECFSZ 78,F
00BD:  GOTO   0B9
00BE:  MOVLW  4A
00BF:  MOVWF  77
00C0:  DECFSZ 77,F
00C1:  GOTO   0C0
00C2:  GOTO   0C3
00C3:  DECFSZ 00,F
00C4:  GOTO   0B7
00C5:  RETURN
.................... 
.................... 
.................... 
.................... #fuses INTRC_IO   // Oscilador interno con pines RA6 y RA7 como GPIO
.................... #fuses NOMCLR     // Desactivo el MCLR
.................... #fuses NOWDT      // Desactivo el watchdog
.................... 
.................... 
.................... /*****************************************************************************
....................  * LCD
....................  ****************************************************************************/
.................... 
.................... #define LCD_ENABLE_PIN  PIN_A1
.................... #define LCD_RS_PIN      PIN_A2
.................... #define LCD_RW_PIN      PIN_A3 // CONECTADO A GND SI NO LO USAMOS
.................... #define LCD_DATA4       PIN_A4
.................... #define LCD_DATA5       PIN_A0
.................... #define LCD_DATA6       PIN_A6
.................... #define LCD_DATA7       PIN_A7
.................... 
.................... #include <lcd.c>
.................... ///////////////////////////////////////////////////////////////////////////////
.................... ////                             LCD.C                                     ////
.................... ////                 Driver for common LCD modules                         ////
.................... ////                                                                       ////
.................... ////  lcd_init()   Must be called before any other function.               ////
.................... ////                                                                       ////
.................... ////  lcd_putc(c)  Will display c on the next position of the LCD.         ////
.................... ////                 \a  Set cursor position to upper left                 ////
.................... ////                 \f  Clear display, set cursor to upper left           ////
.................... ////                 \n  Go to start of second line                        ////
.................... ////                 \b  Move back one position                            ////
.................... ////              If LCD_EXTENDED_NEWLINE is defined, the \n character     ////
.................... ////              will erase all remanining characters on the current      ////
.................... ////              line, and move the cursor to the beginning of the next   ////
.................... ////              line.                                                    ////
.................... ////              If LCD_EXTENDED_NEWLINE is defined, the \r character     ////
.................... ////              will move the cursor to the start of the current         ////
.................... ////              line.                                                    ////
.................... ////                                                                       ////
.................... ////  lcd_gotoxy(x,y) Set write position on LCD (upper left is 1,1)        ////
.................... ////                                                                       ////
.................... ////  lcd_getc(x,y)   Returns character at position x,y on LCD             ////
.................... ////                                                                       ////
.................... ////  lcd_cursor_on(int1 on)   Turn the cursor on (on=TRUE) or off         ////
.................... ////              (on=FALSE).                                              ////
.................... ////                                                                       ////
.................... ////  lcd_set_cgram_char(w, *p)   Write a custom character to the CGRAM.   ////
.................... ////                                                                       ////
.................... ////                                                                       ////
.................... ////  CONFIGURATION                                                        ////
.................... ////  The LCD can be configured in one of two ways: a.) port access or     ////
.................... ////  b.) pin access.  Port access requires the entire 7 bit interface     ////
.................... ////  connected to one GPIO port, and the data bits (D4:D7 of the LCD)     ////
.................... ////  connected to sequential pins on the GPIO.  Pin access                ////
.................... ////  has no requirements, all 7 bits of the control interface can         ////
.................... ////  can be connected to any GPIO using several ports.                    ////
.................... ////                                                                       ////
.................... ////  To use port access, #define LCD_DATA_PORT to the SFR location of     ////
.................... ////  of the GPIO port that holds the interface, -AND- edit LCD_PIN_MAP    ////
.................... ////  of this file to configure the pin order.  If you are using a         ////
.................... ////  baseline PIC (PCB), then LCD_OUTPUT_MAP and LCD_INPUT_MAP also must  ////
.................... ////  be defined.                                                          ////
.................... ////                                                                       ////
.................... ////  Example of port access:                                              ////
.................... ////     #define LCD_DATA_PORT getenv("SFR:PORTD")                         ////
.................... ////                                                                       ////
.................... ////  To use pin access, the following pins must be defined:               ////
.................... ////     LCD_ENABLE_PIN                                                    ////
.................... ////     LCD_RS_PIN                                                        ////
.................... ////     LCD_RW_PIN                                                        ////
.................... ////     LCD_DATA4                                                         ////
.................... ////     LCD_DATA5                                                         ////
.................... ////     LCD_DATA6                                                         ////
.................... ////     LCD_DATA7                                                         ////
.................... ////                                                                       ////
.................... ////  Example of pin access:                                               ////
.................... ////     #define LCD_ENABLE_PIN  PIN_E0                                    ////
.................... ////     #define LCD_RS_PIN      PIN_E1                                    ////
.................... ////     #define LCD_RW_PIN      PIN_E2                                    ////
.................... ////     #define LCD_DATA4       PIN_D4                                    ////
.................... ////     #define LCD_DATA5       PIN_D5                                    ////
.................... ////     #define LCD_DATA6       PIN_D6                                    ////
.................... ////     #define LCD_DATA7       PIN_D7                                    ////
.................... ////                                                                       ////
.................... ///////////////////////////////////////////////////////////////////////////////
.................... ////        (C) Copyright 1996,2010 Custom Computer Services           ////
.................... //// This source code may only be used by licensed users of the CCS C  ////
.................... //// compiler.  This source code may only be distributed to other      ////
.................... //// licensed users of the CCS C compiler.  No other use, reproduction ////
.................... //// or distribution is permitted without written permission.          ////
.................... //// Derivative programs created using this software in object code    ////
.................... //// form are not restricted in any way.                               ////
.................... ///////////////////////////////////////////////////////////////////////////
.................... 
.................... #ifndef __LCD_C__
.................... #define __LCD_C__
.................... 
.................... // define the pinout.
.................... // only required if port access is being used.
.................... typedef struct  
.................... {                            // This structure is overlayed
....................    int1 enable;           // on to an I/O port to gain
....................    int1 rs;               // access to the LCD pins.
....................    int1 rw;               // The bits are allocated from
....................    int1 unused;           // low order up.  ENABLE will
....................    unsigned int     data : 4;         // be LSB pin of that port.
....................   #if defined(__PCD__)       // The port used will be LCD_DATA_PORT.
....................    unsigned int    reserved: 8;
....................   #endif
.................... } LCD_PIN_MAP;
.................... 
.................... // this is to improve compatability with previous LCD drivers that accepted
.................... // a define labeled 'use_portb_lcd' that configured the LCD onto port B.
.................... #if ((defined(use_portb_lcd)) && (use_portb_lcd==TRUE))
....................  #define LCD_DATA_PORT getenv("SFR:PORTB")
.................... #endif
.................... 
.................... #if defined(__PCB__)
....................    // these definitions only need to be modified for baseline PICs.
....................    // all other PICs use LCD_PIN_MAP or individual LCD_xxx pin definitions.
.................... /*                                    EN, RS,   RW,   UNUSED,  DATA  */
....................  const LCD_PIN_MAP LCD_OUTPUT_MAP =  {0,  0,    0,    0,       0};
....................  const LCD_PIN_MAP LCD_INPUT_MAP =   {0,  0,    0,    0,       0xF};
.................... #endif
.................... 
.................... ////////////////////// END CONFIGURATION ///////////////////////////////////
.................... 
.................... #ifndef LCD_ENABLE_PIN
....................    #define lcd_output_enable(x) lcdlat.enable=x
....................    #define lcd_enable_tris()   lcdtris.enable=0
.................... #else
....................    #define lcd_output_enable(x) output_bit(LCD_ENABLE_PIN, x)
....................    #define lcd_enable_tris()  output_drive(LCD_ENABLE_PIN)
.................... #endif
.................... 
.................... #ifndef LCD_RS_PIN
....................    #define lcd_output_rs(x) lcdlat.rs=x
....................    #define lcd_rs_tris()   lcdtris.rs=0
.................... #else
....................    #define lcd_output_rs(x) output_bit(LCD_RS_PIN, x)
....................    #define lcd_rs_tris()  output_drive(LCD_RS_PIN)
.................... #endif
.................... 
.................... #ifndef LCD_RW_PIN
....................    #define lcd_output_rw(x) lcdlat.rw=x
....................    #define lcd_rw_tris()   lcdtris.rw=0
.................... #else
....................    #define lcd_output_rw(x) output_bit(LCD_RW_PIN, x)
....................    #define lcd_rw_tris()  output_drive(LCD_RW_PIN)
.................... #endif
.................... 
.................... // original version of this library incorrectly labeled LCD_DATA0 as LCD_DATA4,
.................... // LCD_DATA1 as LCD_DATA5, and so on.  this block of code makes the driver
.................... // compatible with any code written for the original library
.................... #if (defined(LCD_DATA0) && defined(LCD_DATA1) && defined(LCD_DATA2) && defined(LCD_DATA3) && !defined(LCD_DATA4) && !defined(LCD_DATA5) && !defined(LCD_DATA6) && !defined(LCD_DATA7))
....................    #define  LCD_DATA4    LCD_DATA0
....................    #define  LCD_DATA5    LCD_DATA1
....................    #define  LCD_DATA6    LCD_DATA2
....................    #define  LCD_DATA7    LCD_DATA3
.................... #endif
.................... 
.................... #ifndef LCD_DATA4
.................... #ifndef LCD_DATA_PORT
....................    #if defined(__PCB__)
....................       #define LCD_DATA_PORT      0x06     //portb
....................       #define set_tris_lcd(x)   set_tris_b(x)
....................    #else
....................      #if defined(PIN_D0)
....................       #define LCD_DATA_PORT      getenv("SFR:PORTD")     //portd
....................      #else
....................       #define LCD_DATA_PORT      getenv("SFR:PORTB")     //portb
....................      #endif
....................    #endif   
.................... #endif
.................... 
.................... #if defined(__PCB__)
....................    LCD_PIN_MAP lcd, lcdlat;
....................    #byte lcd = LCD_DATA_PORT
....................    #byte lcdlat = LCD_DATA_PORT
.................... #elif defined(__PCM__)
....................    LCD_PIN_MAP lcd, lcdlat, lcdtris;
....................    #byte lcd = LCD_DATA_PORT
....................    #byte lcdlat = LCD_DATA_PORT
....................    #byte lcdtris = LCD_DATA_PORT+0x80
.................... #elif defined(__PCH__)
....................    LCD_PIN_MAP lcd, lcdlat, lcdtris;
....................    #byte lcd = LCD_DATA_PORT
....................    #byte lcdlat = LCD_DATA_PORT+9
....................    #byte lcdtris = LCD_DATA_PORT+0x12
.................... #elif defined(__PCD__)
....................    LCD_PIN_MAP lcd, lcdlat, lcdtris;
....................    #word lcd = LCD_DATA_PORT
....................    #word lcdlat = LCD_DATA_PORT+2
....................    #word lcdtris = LCD_DATA_PORT-0x02
.................... #endif
.................... #endif   //LCD_DATA4 not defined
.................... 
.................... #ifndef LCD_TYPE
....................    #define LCD_TYPE 2           // 0=5x7, 1=5x10, 2=2 lines
.................... #endif
.................... 
.................... #ifndef LCD_LINE_TWO
....................    #define LCD_LINE_TWO 0x40    // LCD RAM address for the second line
.................... #endif
.................... 
.................... #ifndef LCD_LINE_LENGTH
....................    #define LCD_LINE_LENGTH 20
.................... #endif
.................... 
.................... unsigned int8 lcd_read_nibble(void);
.................... 
.................... unsigned int8 lcd_read_byte(void)
.................... {
....................    unsigned int8 low,high;
.................... 
....................  #if defined(__PCB__)
....................    set_tris_lcd(LCD_INPUT_MAP);
....................  #else
....................   #if (defined(LCD_DATA4) && defined(LCD_DATA5) && defined(LCD_DATA6) && defined(LCD_DATA7))
....................    output_float(LCD_DATA4);
*
0136:  BSF    0C.4
....................    output_float(LCD_DATA5);
0137:  BSF    0C.0
....................    output_float(LCD_DATA6);
0138:  BSF    0C.6
....................    output_float(LCD_DATA7);
0139:  BSF    0C.7
....................   #else
....................    lcdtris.data = 0xF;
....................   #endif
....................  #endif
....................         
....................    lcd_output_rw(1);
013A:  MOVLB  02
013B:  BSF    0C.3
013C:  MOVLB  01
013D:  BCF    0C.3
....................    delay_cycles(1);
013E:  NOP
....................    lcd_output_enable(1);
013F:  MOVLB  02
0140:  BSF    0C.1
0141:  MOVLB  01
0142:  BCF    0C.1
....................    delay_cycles(1);
0143:  NOP
....................    high = lcd_read_nibble();
0144:  MOVLB  00
0145:  CALL   0FD
0146:  MOVF   78,W
0147:  MOVWF  3F
....................       
....................    lcd_output_enable(0);
0148:  MOVLB  02
0149:  BCF    0C.1
014A:  MOVLB  01
014B:  BCF    0C.1
....................    delay_cycles(1);
014C:  NOP
....................    lcd_output_enable(1);
014D:  MOVLB  02
014E:  BSF    0C.1
014F:  MOVLB  01
0150:  BCF    0C.1
....................    delay_us(1);
0151:  NOP
....................    low = lcd_read_nibble();
0152:  MOVLB  00
0153:  CALL   0FD
0154:  MOVF   78,W
0155:  MOVWF  3E
....................       
....................    lcd_output_enable(0);
0156:  MOVLB  02
0157:  BCF    0C.1
0158:  MOVLB  01
0159:  BCF    0C.1
.................... 
....................  #if defined(__PCB__)
....................    set_tris_lcd(LCD_OUTPUT_MAP);
....................  #else
....................   #if (defined(LCD_DATA4) && defined(LCD_DATA5) && defined(LCD_DATA6) && defined(LCD_DATA7))
....................    output_drive(LCD_DATA4);
015A:  BCF    0C.4
....................    output_drive(LCD_DATA5);
015B:  BCF    0C.0
....................    output_drive(LCD_DATA6);
015C:  BCF    0C.6
....................    output_drive(LCD_DATA7);
015D:  BCF    0C.7
....................   #else
....................    lcdtris.data = 0x0;
....................   #endif
....................  #endif
.................... 
....................    return( (high<<4) | low);
015E:  MOVLB  00
015F:  SWAPF  3F,W
0160:  MOVWF  77
0161:  MOVLW  F0
0162:  ANDWF  77,F
0163:  MOVF   77,W
0164:  IORWF  3E,W
0165:  MOVWF  78
.................... }
.................... 
.................... unsigned int8 lcd_read_nibble(void)
.................... {
....................   #if (defined(LCD_DATA4) && defined(LCD_DATA5) && defined(LCD_DATA6) && defined(LCD_DATA7))
*
00FD:  CLRF   40
....................    unsigned int8 n = 0x00;
.................... 
....................    /* Read the data port */
....................    n |= input(LCD_DATA4);
00FE:  MOVLB  01
00FF:  BSF    0C.4
0100:  MOVLW  00
0101:  MOVLB  00
0102:  BTFSC  0C.4
0103:  MOVLW  01
0104:  IORWF  40,F
....................    n |= input(LCD_DATA5) << 1;
0105:  MOVLB  01
0106:  BSF    0C.0
0107:  MOVLW  00
0108:  MOVLB  00
0109:  BTFSC  0C.0
010A:  MOVLW  01
010B:  MOVWF  77
010C:  BCF    03.0
010D:  RLF    77,F
010E:  MOVF   77,W
010F:  IORWF  40,F
....................    n |= input(LCD_DATA6) << 2;
0110:  MOVLB  01
0111:  BSF    0C.6
0112:  MOVLW  00
0113:  MOVLB  00
0114:  BTFSC  0C.6
0115:  MOVLW  01
0116:  MOVWF  77
0117:  RLF    77,F
0118:  RLF    77,F
0119:  MOVLW  FC
011A:  ANDWF  77,F
011B:  MOVF   77,W
011C:  IORWF  40,F
....................    n |= input(LCD_DATA7) << 3;
011D:  MOVLB  01
011E:  BSF    0C.7
011F:  MOVLW  00
0120:  MOVLB  00
0121:  BTFSC  0C.7
0122:  MOVLW  01
0123:  MOVWF  77
0124:  RLF    77,F
0125:  RLF    77,F
0126:  RLF    77,F
0127:  MOVLW  F8
0128:  ANDWF  77,F
0129:  MOVF   77,W
012A:  IORWF  40,F
....................    
....................    return(n);
012B:  MOVF   40,W
012C:  MOVWF  78
....................   #else
012D:  RETURN
....................    return(lcd.data);
....................   #endif
.................... }
.................... 
.................... void lcd_send_nibble(unsigned int8 n)
.................... {
....................   #if (defined(LCD_DATA4) && defined(LCD_DATA5) && defined(LCD_DATA6) && defined(LCD_DATA7))
....................    /* Write to the data port */
....................    output_bit(LCD_DATA4, bit_test(n, 0));
*
00C6:  BTFSC  3F.0
00C7:  GOTO   0CC
00C8:  MOVLB  02
00C9:  BCF    0C.4
00CA:  GOTO   0CE
00CB:  MOVLB  00
00CC:  MOVLB  02
00CD:  BSF    0C.4
00CE:  MOVLB  01
00CF:  BCF    0C.4
....................    output_bit(LCD_DATA5, bit_test(n, 1));
00D0:  MOVLB  00
00D1:  BTFSC  3F.1
00D2:  GOTO   0D7
00D3:  MOVLB  02
00D4:  BCF    0C.0
00D5:  GOTO   0D9
00D6:  MOVLB  00
00D7:  MOVLB  02
00D8:  BSF    0C.0
00D9:  MOVLB  01
00DA:  BCF    0C.0
....................    output_bit(LCD_DATA6, bit_test(n, 2));
00DB:  MOVLB  00
00DC:  BTFSC  3F.2
00DD:  GOTO   0E2
00DE:  MOVLB  02
00DF:  BCF    0C.6
00E0:  GOTO   0E4
00E1:  MOVLB  00
00E2:  MOVLB  02
00E3:  BSF    0C.6
00E4:  MOVLB  01
00E5:  BCF    0C.6
....................    output_bit(LCD_DATA7, bit_test(n, 3));
00E6:  MOVLB  00
00E7:  BTFSC  3F.3
00E8:  GOTO   0ED
00E9:  MOVLB  02
00EA:  BCF    0C.7
00EB:  GOTO   0EF
00EC:  MOVLB  00
00ED:  MOVLB  02
00EE:  BSF    0C.7
00EF:  MOVLB  01
00F0:  BCF    0C.7
....................   #else      
....................    lcdlat.data = n;
....................   #endif
....................       
....................    delay_cycles(1);
00F1:  NOP
....................    lcd_output_enable(1);
00F2:  MOVLB  02
00F3:  BSF    0C.1
00F4:  MOVLB  01
00F5:  BCF    0C.1
....................    delay_us(2);
00F6:  GOTO   0F7
....................    lcd_output_enable(0);
00F7:  MOVLB  02
00F8:  BCF    0C.1
00F9:  MOVLB  01
00FA:  BCF    0C.1
00FB:  MOVLB  00
00FC:  RETURN
.................... }
.................... 
.................... void lcd_send_byte(unsigned int8 address, unsigned int8 n)
.................... {
....................   #if defined(__PCB__)
....................    set_tris_lcd(LCD_OUTPUT_MAP);
....................   #else
....................    lcd_enable_tris();
*
012E:  MOVLB  01
012F:  BCF    0C.1
....................    lcd_rs_tris();
0130:  BCF    0C.2
....................    lcd_rw_tris();
0131:  BCF    0C.3
....................   #endif
.................... 
....................    lcd_output_rs(0);
0132:  MOVLB  02
0133:  BCF    0C.2
0134:  MOVLB  01
0135:  BCF    0C.2
....................    while ( bit_test(lcd_read_byte(),7) ) ;
*
0166:  MOVF   78,W
0167:  MOVWF  3E
0168:  BTFSS  3E.7
0169:  GOTO   16C
016A:  MOVLB  01
016B:  GOTO   136
....................    lcd_output_rs(address);
016C:  MOVF   3C,F
016D:  BTFSS  03.2
016E:  GOTO   173
016F:  MOVLB  02
0170:  BCF    0C.2
0171:  GOTO   175
0172:  MOVLB  00
0173:  MOVLB  02
0174:  BSF    0C.2
0175:  MOVLB  01
0176:  BCF    0C.2
....................    delay_cycles(1);
0177:  NOP
....................    lcd_output_rw(0);
0178:  MOVLB  02
0179:  BCF    0C.3
017A:  MOVLB  01
017B:  BCF    0C.3
....................    delay_cycles(1);
017C:  NOP
....................    lcd_output_enable(0);
017D:  MOVLB  02
017E:  BCF    0C.1
017F:  MOVLB  01
0180:  BCF    0C.1
....................    lcd_send_nibble(n >> 4);
0181:  MOVLB  00
0182:  SWAPF  3D,W
0183:  MOVWF  3E
0184:  MOVLW  0F
0185:  ANDWF  3E,F
0186:  MOVF   3E,W
0187:  MOVWF  3F
0188:  CALL   0C6
....................    lcd_send_nibble(n & 0xf);
0189:  MOVF   3D,W
018A:  ANDLW  0F
018B:  MOVWF  3E
018C:  MOVWF  3F
018D:  CALL   0C6
018E:  RETURN
.................... }
.................... 
.................... #if defined(LCD_EXTENDED_NEWLINE)
.................... unsigned int8 g_LcdX, g_LcdY;
.................... #endif
.................... 
.................... void lcd_init(void) 
.................... {
....................    unsigned int8 i;
....................    unsigned int8 LCD_INIT_STRING[4] = {0x20 | (LCD_TYPE << 2), 0xc, 1, 6};
018F:  MOVLW  28
0190:  MOVWF  34
0191:  MOVLW  0C
0192:  MOVWF  35
0193:  MOVLW  01
0194:  MOVWF  36
0195:  MOVLW  06
0196:  MOVWF  37
....................                              // These bytes need to be sent to the LCD
....................                              // to start it up.
....................    
.................... 
....................    lcd_output_enable(0);
0197:  MOVLB  02
0198:  BCF    0C.1
0199:  MOVLB  01
019A:  BCF    0C.1
....................    lcd_output_rs(0);
019B:  MOVLB  02
019C:  BCF    0C.2
019D:  MOVLB  01
019E:  BCF    0C.2
....................    lcd_output_rw(0);
019F:  MOVLB  02
01A0:  BCF    0C.3
01A1:  MOVLB  01
01A2:  BCF    0C.3
.................... 
....................  #if defined(__PCB__)
....................    set_tris_lcd(LCD_OUTPUT_MAP);
....................  #else
....................   #if (defined(LCD_DATA4) && defined(LCD_DATA5) && defined(LCD_DATA6) && defined(LCD_DATA7))
....................    output_drive(LCD_DATA4);
01A3:  BCF    0C.4
....................    output_drive(LCD_DATA5);
01A4:  BCF    0C.0
....................    output_drive(LCD_DATA6);
01A5:  BCF    0C.6
....................    output_drive(LCD_DATA7);
01A6:  BCF    0C.7
....................   #else
....................    lcdtris.data = 0x0;
....................   #endif
....................    lcd_enable_tris();
01A7:  BCF    0C.1
....................    lcd_rs_tris();
01A8:  BCF    0C.2
....................    lcd_rw_tris();
01A9:  BCF    0C.3
....................  #endif
....................     
....................    delay_ms(15);
01AA:  MOVLW  0F
01AB:  MOVLB  00
01AC:  MOVWF  38
01AD:  CALL   0B0
....................    for(i=1;i<=3;++i)
01AE:  MOVLW  01
01AF:  MOVWF  33
01B0:  MOVF   33,W
01B1:  SUBLW  03
01B2:  BTFSS  03.0
01B3:  GOTO   1BC
....................    {
....................        lcd_send_nibble(3);
01B4:  MOVLW  03
01B5:  MOVWF  3F
01B6:  CALL   0C6
....................        delay_ms(5);
01B7:  MOVLW  05
01B8:  MOVWF  38
01B9:  CALL   0B0
01BA:  INCF   33,F
01BB:  GOTO   1B0
....................    }
....................    
....................    lcd_send_nibble(2);
01BC:  MOVLW  02
01BD:  MOVWF  3F
01BE:  CALL   0C6
....................    delay_ms(5);
01BF:  MOVLW  05
01C0:  MOVWF  38
01C1:  CALL   0B0
....................    for(i=0;i<=3;++i)
01C2:  CLRF   33
01C3:  MOVF   33,W
01C4:  SUBLW  03
01C5:  BTFSS  03.0
01C6:  GOTO   1D6
....................       lcd_send_byte(0,LCD_INIT_STRING[i]);
01C7:  MOVLW  14
01C8:  ADDWF  33,W
01C9:  MOVWF  04
01CA:  MOVLW  20
01CB:  MOVWF  05
01CC:  BTFSC  03.0
01CD:  INCF   05,F
01CE:  MOVF   00,W
01CF:  MOVWF  38
01D0:  CLRF   3C
01D1:  MOVF   38,W
01D2:  MOVWF  3D
01D3:  CALL   12E
.................... 
....................   #if defined(LCD_EXTENDED_NEWLINE)
01D4:  INCF   33,F
01D5:  GOTO   1C3
01D6:  MOVLP  00
01D7:  GOTO   364 (RETURN)
....................    g_LcdX = 0;
....................    g_LcdY = 0;
....................   #endif
.................... }
.................... 
.................... void lcd_gotoxy(unsigned int8 x, unsigned int8 y)
.................... {
....................    unsigned int8 address;
....................    
....................    if(y!=1)
*
01E5:  DECFSZ 39,W
01E6:  GOTO   1E8
01E7:  GOTO   1EB
....................       address=LCD_LINE_TWO;
01E8:  MOVLW  40
01E9:  MOVWF  3A
01EA:  GOTO   1EC
....................    else
....................       address=0;
01EB:  CLRF   3A
....................      
....................    address+=x-1;
01EC:  MOVLW  01
01ED:  SUBWF  38,W
01EE:  ADDWF  3A,F
....................    lcd_send_byte(0,0x80|address);
01EF:  MOVF   3A,W
01F0:  IORLW  80
01F1:  MOVWF  3B
01F2:  CLRF   3C
01F3:  MOVF   3B,W
01F4:  MOVWF  3D
01F5:  CALL   12E
.................... 
....................   #if defined(LCD_EXTENDED_NEWLINE)
01F6:  RETURN
....................    g_LcdX = x - 1;
....................    g_LcdY = y - 1;
....................   #endif
.................... }
.................... 
.................... void lcd_putc(char c)
.................... {
....................    switch (c)
01F7:  MOVF   37,W
01F8:  XORLW  07
01F9:  BTFSC  03.2
01FA:  GOTO   205
01FB:  XORLW  0B
01FC:  BTFSC  03.2
01FD:  GOTO   20A
01FE:  XORLW  06
01FF:  BTFSC  03.2
0200:  GOTO   212
0201:  XORLW  02
0202:  BTFSC  03.2
0203:  GOTO   218
0204:  GOTO   21D
....................    {
....................       case '\a'   :  lcd_gotoxy(1,1);     break;
0205:  MOVLW  01
0206:  MOVWF  38
0207:  MOVWF  39
0208:  CALL   1E5
0209:  GOTO   222
.................... 
....................       case '\f'   :  lcd_send_byte(0,1);
020A:  CLRF   3C
020B:  MOVLW  01
020C:  MOVWF  3D
020D:  CALL   12E
....................                      delay_ms(2);
020E:  MOVLW  02
020F:  MOVWF  38
0210:  CALL   0B0
....................                     #if defined(LCD_EXTENDED_NEWLINE)
....................                      g_LcdX = 0;
....................                      g_LcdY = 0;
....................                     #endif
....................                      break;
0211:  GOTO   222
.................... 
....................      #if defined(LCD_EXTENDED_NEWLINE)
....................       case '\r'   :  lcd_gotoxy(1, g_LcdY+1);   break;
....................       case '\n'   :
....................          while (g_LcdX++ < LCD_LINE_LENGTH)
....................          {
....................             lcd_send_byte(1, ' ');
....................          }
....................          lcd_gotoxy(1, g_LcdY+2);
....................          break;
....................      #else
....................       case '\n'   : lcd_gotoxy(1,2);        break;
0212:  MOVLW  01
0213:  MOVWF  38
0214:  MOVLW  02
0215:  MOVWF  39
0216:  CALL   1E5
0217:  GOTO   222
....................      #endif
....................      
....................       case '\b'   : lcd_send_byte(0,0x10);  break;
0218:  CLRF   3C
0219:  MOVLW  10
021A:  MOVWF  3D
021B:  CALL   12E
021C:  GOTO   222
....................      
....................      #if defined(LCD_EXTENDED_NEWLINE)
....................       default     : 
....................          if (g_LcdX < LCD_LINE_LENGTH)
....................          {
....................             lcd_send_byte(1, c);
....................             g_LcdX++;
....................          }
....................          break;
....................      #else
....................       default     : lcd_send_byte(1,c);     break;
021D:  MOVLW  01
021E:  MOVWF  3C
021F:  MOVF   37,W
0220:  MOVWF  3D
0221:  CALL   12E
....................      #endif
....................    }
0222:  RETURN
.................... }
....................  
.................... char lcd_getc(unsigned int8 x, unsigned int8 y)
.................... {
....................    char value;
.................... 
....................    lcd_gotoxy(x,y);
....................    while ( bit_test(lcd_read_byte(),7) ); // wait until busy flag is low
....................    lcd_output_rs(1);
....................    value = lcd_read_byte();
....................    lcd_output_rs(0);
....................    
....................    return(value);
.................... }
.................... 
.................... // write a custom character to the ram
.................... // which is 0-7 and specifies which character array we are modifying.
.................... // ptr points to an array of 8 bytes, where each byte is the next row of
.................... //    pixels.  only bits 0-4 are used.  the last row is the cursor row, and
.................... //    usually you will want to leave this byte 0x00.
.................... void lcd_set_cgram_char(unsigned int8 which, unsigned int8 *ptr)
.................... {
....................    unsigned int i;
.................... 
....................    which <<= 3;
....................    which &= 0x38;
.................... 
....................    lcd_send_byte(0, 0x40 | which);  //set cgram address
.................... 
....................    for(i=0; i<8; i++)
....................    {
....................       lcd_send_byte(1, *ptr++);
....................    }
....................   
....................    #if defined(LCD_EXTENDED_NEWLINE)
....................     lcd_gotoxy(g_LcdX+1, g_LcdY+1);  //set ddram address
....................    #endif
.................... }
.................... 
.................... void lcd_cursor_on(int1 on)
.................... {
....................    if (on)
....................    {
....................       lcd_send_byte(0,0x0F);           //turn LCD cursor ON
....................    }
....................    else
....................    {
....................       lcd_send_byte(0,0x0C);           //turn LCD cursor OFF
....................    }
.................... }
.................... 
.................... #endif
.................... 
.................... 
.................... #define use_portb_kbd TRUE //defino el portb como donde va el teclado
.................... #include <kbd.c>
.................... ///////////////////////////////////////////////////////////////////////////
.................... ////                             KBD.C                                 ////
.................... ////                  Generic keypad scan driver                       ////
.................... ////                                                                   ////
.................... ////  kbd_init()   Must be called before any other function.           ////
.................... ////                                                                   ////
.................... ////  c = kbd_getc()  Will return a key value if pressed or /0 if not  ////
.................... ////                   This function should be called frequently so as ////
.................... ////                   not to miss a key press.                        ////
.................... ////                                                                   ////
.................... ///////////////////////////////////////////////////////////////////////////
.................... ////        (C) Copyright 1996,2003 Custom Computer Services           ////
.................... //// This source code may only be used by licensed users of the CCS C  ////
.................... //// compiler.  This source code may only be distributed to other      ////
.................... //// licensed users of the CCS C compiler.  No other use, reproduction ////
.................... //// or distribution is permitted without written permission.          ////
.................... //// Derivative programs created using this software in object code    ////
.................... //// form are not restricted in any way.                               ////
.................... ///////////////////////////////////////////////////////////////////////////
.................... 
.................... ////////////////// The following defines the keypad layout on port D
.................... 
.................... // Un-comment the following define to use port B
.................... // #define use_portb_kbd TRUE
.................... 
.................... // Make sure the port used has pull-up resistors (or the LCD) on
.................... // the column pins
.................... 
.................... #if defined use_portb_kbd
....................    #byte kbd = getenv("SFR:PORTB")
.................... #else
....................    #byte kbd = getenv("SFR:PORTD")
.................... #endif
.................... 
.................... #if defined use_portb_kbd
....................    #define set_tris_kbd(x) set_tris_b(x)
.................... #else
....................    #define set_tris_kbd(x) set_tris_d(x)
.................... #endif
.................... 
.................... //Keypad connection:   (for example column 0 is B2)
.................... //                Bx:
.................... 
.................... #ifdef blue_keypad  ///////////////////////////////////// For the blue keypad
.................... #define COL0 (1 << 2)
.................... #define COL1 (1 << 3)
.................... #define COL2 (1 << 6)
.................... 
.................... #define ROW0 (1 << 4)
.................... #define ROW1 (1 << 7)
.................... #define ROW2 (1 << 1)
.................... #define ROW3 (1 << 5)
.................... 
.................... #else ////////////////////////////////////////////////// For the black keypad
.................... #define COL0 (1 << 5)
.................... #define COL1 (1 << 6)
.................... #define COL2 (1 << 7)
.................... 
.................... #define ROW0 (1 << 1)
.................... #define ROW1 (1 << 2)
.................... #define ROW2 (1 << 3)
.................... #define ROW3 (1 << 4)
.................... 
.................... #endif
.................... 
.................... #define ALL_ROWS (ROW0|ROW1|ROW2|ROW3)
.................... #define ALL_PINS (ALL_ROWS|COL0|COL1|COL2)
.................... 
.................... // Keypad layout:
.................... char const KEYS[4][3] = {{'1','2','3'},
....................                          {'4','5','6'},
....................                          {'7','8','9'},
....................                          {'*','0','#'}};
.................... 
.................... #define KBD_DEBOUNCE_FACTOR 33    // Set this number to apx n/333 where
....................                                   // n is the number of times you expect
....................                                   // to call kbd_getc each second
.................... 
.................... 
.................... void kbd_init() {
*
01D8:  MOVLP  00
01D9:  GOTO   365 (RETURN)
.................... }
.................... 
.................... char kbd_getc( ) {
....................    static BYTE kbd_call_count;
....................    static int1 kbd_down;
....................    static char last_key;
....................    static BYTE col;
.................... 
....................    BYTE kchar;
....................    BYTE row;
.................... 
....................    kchar='\0';
*
028B:  CLRF   33
....................    if(++kbd_call_count>KBD_DEBOUNCE_FACTOR) {
028C:  INCF   28,F
028D:  MOVF   28,W
028E:  SUBLW  21
028F:  BTFSC  03.0
0290:  GOTO   30C
....................        switch (col) {
0291:  MOVF   2B,W
0292:  BTFSC  03.2
0293:  GOTO   29B
0294:  XORLW  01
0295:  BTFSC  03.2
0296:  GOTO   2A1
0297:  XORLW  03
0298:  BTFSC  03.2
0299:  GOTO   2A7
029A:  GOTO   2AC
....................          case 0   : set_tris_kbd(ALL_PINS&~COL0);
029B:  MOVLW  DE
029C:  MOVLB  01
029D:  MOVWF  0D
....................                     kbd=~COL0&ALL_PINS;
029E:  MOVLB  00
029F:  MOVWF  0D
....................                     break;
02A0:  GOTO   2AC
....................          case 1   : set_tris_kbd(ALL_PINS&~COL1);
02A1:  MOVLW  BE
02A2:  MOVLB  01
02A3:  MOVWF  0D
....................                     kbd=~COL1&ALL_PINS;
02A4:  MOVLB  00
02A5:  MOVWF  0D
....................                     break;
02A6:  GOTO   2AC
....................          case 2   : set_tris_kbd(ALL_PINS&~COL2);
02A7:  MOVLW  7E
02A8:  MOVLB  01
02A9:  MOVWF  0D
....................                     kbd=~COL2&ALL_PINS;
02AA:  MOVLB  00
02AB:  MOVWF  0D
....................                     break;
....................        }
.................... 
....................        if(kbd_down) {
02AC:  BTFSS  29.0
02AD:  GOTO   2B8
....................          if((kbd & (ALL_ROWS))==(ALL_ROWS)) {
02AE:  MOVF   0D,W
02AF:  ANDLW  1E
02B0:  SUBLW  1E
02B1:  BTFSS  03.2
02B2:  GOTO   2B7
....................            kbd_down=FALSE;
02B3:  BCF    29.0
....................            kchar=last_key;
02B4:  MOVF   2A,W
02B5:  MOVWF  33
....................            last_key='\0';
02B6:  CLRF   2A
....................          }
....................        } else {
02B7:  GOTO   30B
....................           if((kbd & (ALL_ROWS))!=(ALL_ROWS)) {
02B8:  MOVF   0D,W
02B9:  ANDLW  1E
02BA:  SUBLW  1E
02BB:  BTFSC  03.2
02BC:  GOTO   306
....................              if((kbd & ROW0)==0)
02BD:  MOVF   0D,W
02BE:  ANDLW  02
02BF:  BTFSS  03.2
02C0:  GOTO   2C3
....................                row=0;
02C1:  CLRF   34
02C2:  GOTO   2D7
....................              else if((kbd & ROW1)==0)
02C3:  MOVF   0D,W
02C4:  ANDLW  04
02C5:  BTFSS  03.2
02C6:  GOTO   2CA
....................                row=1;
02C7:  MOVLW  01
02C8:  MOVWF  34
02C9:  GOTO   2D7
....................              else if((kbd & ROW2)==0)
02CA:  MOVF   0D,W
02CB:  ANDLW  08
02CC:  BTFSS  03.2
02CD:  GOTO   2D1
....................                row=2;
02CE:  MOVLW  02
02CF:  MOVWF  34
02D0:  GOTO   2D7
....................              else if((kbd & ROW3)==0)
02D1:  MOVF   0D,W
02D2:  ANDLW  10
02D3:  BTFSS  03.2
02D4:  GOTO   2D7
....................                row=3;
02D5:  MOVLW  03
02D6:  MOVWF  34
....................              last_key =KEYS[row][col];
02D7:  MOVF   34,W
02D8:  MOVWF  35
02D9:  MOVLW  03
02DA:  MOVWF  36
*
02FF:  MOVF   2B,W
0300:  ADDWF  78,W
0301:  CALL   03E
0302:  MOVWF  78
0303:  MOVWF  2A
....................              kbd_down = TRUE;
0304:  BSF    29.0
....................           } else {
0305:  GOTO   30B
....................              ++col;
0306:  INCF   2B,F
....................              if(col==3)
0307:  MOVF   2B,W
0308:  SUBLW  03
0309:  BTFSC  03.2
....................                col=0;
030A:  CLRF   2B
....................           }
....................        }
....................       kbd_call_count=0;
030B:  CLRF   28
....................    }
....................   set_tris_kbd(ALL_PINS);
030C:  MOVLW  FE
030D:  MOVLB  01
030E:  MOVWF  0D
....................   return(kchar);
030F:  MOVLB  00
0310:  MOVF   33,W
0311:  MOVWF  78
.................... }
.................... 
.................... 
.................... /*****************************************************************************
....................  * Funciones de Inicializacion de Perifericos
....................  ****************************************************************************/
....................  
.................... void Init_GPIO(void);
.................... void Init_ADC(void);
.................... void InitTimer0(void);
.................... 
.................... /*****************************************************************************
.................... * Estados
.................... ****************************************************************************/
.................... typedef enum {
....................     INICIO,            
....................     ESPERA_TECLA,      
....................     CLAVE_CORRECTA,   
....................     CLAVE_INCORRECTA   
.................... } eEstado;
.................... 
.................... eEstado estado_actual = INICIO;
.................... 
.................... /*****************************************************************************
.................... * Funciones
.................... ****************************************************************************/
.................... 
.................... void maquina(void);
.................... int comparadorcontra(void);
.................... 
.................... /*****************************************************************************
.................... * Variables globales
.................... ****************************************************************************/
.................... 
.................... int contador_ms = 0;
.................... int flag_tiempo_cumplido = 0; // Aviso de tiempo cumplido
.................... 
.................... char tecla;
.................... const char contra_real[3] = {'2','5','3'}; // contraseña 
.................... int cont_digitos = 0; 
.................... 
.................... /*****************************************************************************
.................... * Interrupciones
.................... ****************************************************************************/
.................... 
.................... #INT_TIMER0 // ACA ESCRIBO QUÉ DEBO HACER EN CADA INTERRUPCIÓN
.................... void Timer0_ISR() {
....................     set_timer0(61); // 50ms
*
004F:  MOVLW  3D
0050:  MOVWF  15
....................     contador_ms++;
0051:  INCF   2D,F
....................   
....................     if(estado_actual == CLAVE_CORRECTA || estado_actual == CLAVE_INCORRECTA) {
0052:  MOVF   2C,W
0053:  SUBLW  02
0054:  BTFSC  03.2
0055:  GOTO   05A
0056:  MOVF   2C,W
0057:  SUBLW  03
0058:  BTFSS  03.2
0059:  GOTO   062
....................         if(contador_ms >= 40) { // 40 * 50ms = 2 s
005A:  MOVF   2D,W
005B:  SUBLW  27
005C:  BTFSC  03.0
005D:  GOTO   061
....................             contador_ms = 0;
005E:  CLRF   2D
....................             flag_tiempo_cumplido = 1; 
005F:  MOVLW  01
0060:  MOVWF  2E
....................         }
....................     } else {
0061:  GOTO   063
....................         contador_ms = 0; 
0062:  CLRF   2D
....................     }
0063:  BCF    0B.2
0064:  MOVLP  00
0065:  GOTO   023
.................... }
.................... 
.................... /*****************************************************************************
.................... * Main
.................... ****************************************************************************/
.................... void main()
*
034A:  MOVLW  6A
034B:  MOVLB  01
034C:  MOVWF  19
034D:  MOVLB  00
034E:  CLRF   2C
034F:  CLRF   2D
0350:  CLRF   2E
0351:  CLRF   30
0352:  CLRF   32
0353:  CLRF   31
0354:  MOVLB  03
0355:  CLRF   0C
0356:  CLRF   0D
0357:  MOVLB  02
0358:  CLRF   12
0359:  CLRF   11
035A:  CLRF   14
035B:  CLRF   13
035C:  MOVLB  00
035D:  BCF    29.0
035E:  CLRF   28
035F:  BCF    29.0
0360:  CLRF   2A
0361:  CLRF   2B
.................... {
.................... 
....................    Init_GPIO();
0362:  GOTO   07A
....................    lcd_init(); //inicializo el led
0363:  GOTO   18F
....................    kbd_init();//inicializo el teclado
0364:  GOTO   1D8
....................    InitTimer0();
0365:  GOTO   1DA
....................    while(TRUE) {
....................       maquina();
0366:  GOTO   26D
0367:  GOTO   366
....................    }
.................... 
.................... }
.................... 
0368:  SLEEP
.................... void maquina(void) {
....................     
....................     switch(estado_actual) {
*
026D:  MOVF   2C,W
026E:  XORLW  00
026F:  BTFSC  03.2
0270:  GOTO   27B
0271:  XORLW  01
0272:  BTFSC  03.2
0273:  GOTO   28B
0274:  XORLW  03
0275:  BTFSC  03.2
0276:  GOTO   32B
0277:  XORLW  01
0278:  BTFSC  03.2
0279:  GOTO   339
027A:  GOTO   347
....................         
....................         case INICIO:
....................             lcd_putc("\f Ingrese Clave:"); // \f limpia la pantalla
027B:  MOVLW  66
027C:  MOVLB  03
027D:  MOVWF  11
027E:  MOVLW  00
027F:  MOVWF  12
0280:  MOVLB  00
0281:  CALL   223
....................             lcd_gotoxy(1, 2);   
0282:  MOVLW  01
0283:  MOVWF  38
0284:  MOVLW  02
0285:  MOVWF  39
0286:  CALL   1E5
....................             cont_digitos = 0;     
0287:  CLRF   30
....................             estado_actual = ESPERA_TECLA;
0288:  MOVLW  01
0289:  MOVWF  2C
....................             break;
028A:  GOTO   348
.................... 
....................         case ESPERA_TECLA:
....................             tecla = kbd_getc();
*
0312:  MOVF   78,W
0313:  MOVWF  2F
....................             if (tecla != 0) { // ¡Solo hago algo si se presionó una tecla!
0314:  MOVF   2F,F
0315:  BTFSC  03.2
0316:  GOTO   32A
....................                 lcd_putc('*'); //  mostrar un * para que el usuario vea que se presionó
0317:  MOVLW  2A
0318:  MOVWF  37
0319:  CALL   1F7
....................                 if (tecla == contra_real[cont_digitos]) {
031A:  MOVF   30,W
031B:  CALL   04B
031C:  MOVWF  78
031D:  SUBWF  2F,W
031E:  BTFSS  03.2
031F:  GOTO   328
....................                     // DÍGITO CORRECTO
....................                     cont_digitos++;
0320:  INCF   30,F
....................                     if (cont_digitos == 3) {
0321:  MOVF   30,W
0322:  SUBLW  03
0323:  BTFSS  03.2
0324:  GOTO   327
....................                         estado_actual = CLAVE_CORRECTA;
0325:  MOVLW  02
0326:  MOVWF  2C
....................                     }
....................                 } else {
0327:  GOTO   32A
....................                     // DÍGITO INCORRECTO
....................                     // El usuario presionó una tecla, pero no era la que tocaba
....................                     estado_actual = CLAVE_INCORRECTA;
0328:  MOVLW  03
0329:  MOVWF  2C
....................                 }
....................             }
....................             // Si (tecla == 0), no hago nada y el switch-case termina,
....................             // volviendo a ejecutarse en el estado ESPERA_TECLA (¡correcto!)
....................             break;
032A:  GOTO   348
....................             
....................          case CLAVE_CORRECTA:
....................             lcd_putc("\fCorrecta");
032B:  MOVLW  6F
032C:  MOVLB  03
032D:  MOVWF  11
032E:  MOVLW  00
032F:  MOVWF  12
0330:  MOVLB  00
0331:  CALL   223
....................             flag_tiempo_cumplido = 0; // Reseteo el flag
0332:  CLRF   2E
....................             contador_ms = 0;          // Reseteo el contador de tiempo
0333:  CLRF   2D
....................             
....................             // 1. ESPERO a que se cumpla el tiempo
....................             while(flag_tiempo_cumplido == 0) {
0334:  MOVF   2E,F
0335:  BTFSC  03.2
0336:  GOTO   334
....................                 // No hago NADA aquí dentro, solo esperar.
....................                 // La ISR hará su trabajo.
....................             } 
....................             
....................             // 2. DESPUÉS de que terminó el while, CAMBIO de estado
....................             estado_actual = INICIO; // Vuelvo al inicio
0337:  CLRF   2C
....................             break;
0338:  GOTO   348
.................... 
....................         case CLAVE_INCORRECTA:
....................             lcd_putc("\fIncorrecta");
0339:  MOVLW  74
033A:  MOVLB  03
033B:  MOVWF  11
033C:  MOVLW  00
033D:  MOVWF  12
033E:  MOVLB  00
033F:  CALL   223
....................             flag_tiempo_cumplido = 0; // Reseteo el flag
0340:  CLRF   2E
....................             contador_ms = 0;          // Reseteo el contador de tiempo
0341:  CLRF   2D
....................             
....................             // 1. ESPERO...
....................             while(flag_tiempo_cumplido == 0) {
0342:  MOVF   2E,F
0343:  BTFSC  03.2
0344:  GOTO   342
....................                 // ...solo espero
....................             }
....................             
....................             // 2. DESPUÉS...
....................             estado_actual = INICIO; // ...cambio el estado
0345:  CLRF   2C
....................             break;
0346:  GOTO   348
....................             
....................         default:
....................             estado_actual = INICIO;
0347:  CLRF   2C
....................             break;
....................     }
0348:  MOVLP  00
0349:  GOTO   367 (RETURN)
.................... }
.................... 
.................... void InitTimer0(void) {
.................... 
....................     setup_timer_0(RTCC_INTERNAL|RTCC_DIV_256); // Configuro prescaler
*
01DA:  MOVLB  01
01DB:  MOVF   15,W
01DC:  ANDLW  C0
01DD:  IORLW  07
01DE:  MOVWF  15
....................     set_timer0(61);                  // Reinicio el timer --> Interrupciones cada 50ms
01DF:  MOVLW  3D
01E0:  MOVLB  00
01E1:  MOVWF  15
....................     enable_interrupts(INT_TIMER0);    // Activo Interrupcion timer0
01E2:  BSF    0B.5
01E3:  MOVLP  00
01E4:  GOTO   366 (RETURN)
....................     
.................... }
.................... 
.................... void Init_GPIO()
.................... {
....................    setup_adc_ports(NO_ANALOGS); 
*
007A:  MOVLB  01
007B:  BCF    1E.0
007C:  BCF    1E.1
007D:  BCF    1E.2
007E:  MOVLW  00
007F:  MOVLB  03
0080:  MOVWF  0C
0081:  MOVWF  0D
....................    setup_comparator(NC_NC_NC_NC);
0082:  MOVLB  02
0083:  CLRF   12
0084:  CLRF   11
0085:  CLRF   14
0086:  CLRF   13
.................... 
....................    set_tris_a(0b00000000); // TODO PORTA como salida 
0087:  MOVLB  01
0088:  MOVWF  0C
....................    set_tris_b(0b11110000);
0089:  MOVLW  F0
008A:  MOVWF  0D
....................    
....................    port_b_pullups(TRUE);
008B:  MOVLW  01
008C:  MOVLB  04
008D:  MOVWF  0D
008E:  MOVLB  01
008F:  BCF    15.7
....................    
....................    output_low(PIN_A1);
0090:  BCF    0C.1
0091:  MOVLB  02
0092:  BCF    0C.1
....................    output_low(PIN_A2);
0093:  MOVLB  01
0094:  BCF    0C.2
0095:  MOVLB  02
0096:  BCF    0C.2
....................    output_low(PIN_A3);
0097:  MOVLB  01
0098:  BCF    0C.3
0099:  MOVLB  02
009A:  BCF    0C.3
....................    output_low(PIN_A4);
009B:  MOVLB  01
009C:  BCF    0C.4
009D:  MOVLB  02
009E:  BCF    0C.4
....................    output_low(PIN_A0);
009F:  MOVLB  01
00A0:  BCF    0C.0
00A1:  MOVLB  02
00A2:  BCF    0C.0
....................    output_low(PIN_A6);
00A3:  MOVLB  01
00A4:  BCF    0C.6
00A5:  MOVLB  02
00A6:  BCF    0C.6
....................    output_low(PIN_A7);
00A7:  MOVLB  01
00A8:  BCF    0C.7
00A9:  MOVLB  02
00AA:  BCF    0C.7
....................    
....................   
....................    enable_interrupts(GLOBAL);
00AB:  MOVLW  C0
00AC:  IORWF  0B,F
00AD:  MOVLP  00
00AE:  MOVLB  00
00AF:  GOTO   363 (RETURN)
.................... }

Configuration Fuses:
   Word  1: 3F84   INTRC_IO NOWDT PUT NOMCLR NOPROTECT NOCPD BROWNOUT NOCLKOUT IESO FCMEN
   Word  2: 1EFF   NOWRT PLL_SW STVREN BORV19 NODEBUG NOLVP
